Archive member included to satisfy reference by file (symbol)

c:/program files/microchip/xc8/v3.00/avr/bin/../lib/gcc/avr/5.4.0/avrxmega2/memx-const/mapped\libgcc.a(_copy_data.o)
                              build/default/debug/mcc_generated_files/i2c_host/src/twi0.o (__do_copy_data)
c:/program files/microchip/xc8/v3.00/avr/bin/../lib/gcc/avr/5.4.0/../../../../avr/lib/avrxmega2/memx-const/mapped\libc.a(exit.o)
                              C:/Users/User/.mchp_packs/Microchip/AVR-Dx_DFP/2.7.321/xc8/avr/lib/avrxmega2/memx-const/mapped/crtavr64dd28.o (exit)
c:/program files/microchip/xc8/v3.00/avr/bin/../lib/gcc/avr/5.4.0/../../../../avr/lib/avrxmega2/memx-const/mapped\libc.a(stdout.o)
                              build/default/debug/main.o (_stdout)
c:/program files/microchip/xc8/v3.00/avr/bin/../lib/gcc/avr/5.4.0/../../../../avr/lib/avrxmega2/memx-const/mapped\libc.a(_Exit.o)
                              c:/program files/microchip/xc8/v3.00/avr/bin/../lib/gcc/avr/5.4.0/../../../../avr/lib/avrxmega2/memx-const/mapped\libc.a(exit.o) (_Exit)
c:/program files/microchip/xc8/v3.00/avr/bin/../lib/gcc/avr/5.4.0/avrxmega2/memx-const/mapped\libgcc.a(_exit.o)
                              c:/program files/microchip/xc8/v3.00/avr/bin/../lib/gcc/avr/5.4.0/../../../../avr/lib/avrxmega2/memx-const/mapped\libc.a(_Exit.o) (_exit)

Allocating common symbols
Common symbol       size              file

__stdout_used       0x2               c:/program files/microchip/xc8/v3.00/avr/bin/../lib/gcc/avr/5.4.0/../../../../avr/lib/avrxmega2/memx-const/mapped\libc.a(stdout.o)

Discarded input sections

 .data          0x0000000000000000        0x0 C:/Users/User/.mchp_packs/Microchip/AVR-Dx_DFP/2.7.321/xc8/avr/lib/avrxmega2/memx-const/mapped/crtavr64dd28.o
 .bss           0x0000000000000000        0x0 C:/Users/User/.mchp_packs/Microchip/AVR-Dx_DFP/2.7.321/xc8/avr/lib/avrxmega2/memx-const/mapped/crtavr64dd28.o
 .text          0x0000000000000000        0x0 build/default/debug/mcc_generated_files/adc/src/adc0.o
 .data          0x0000000000000000        0x0 build/default/debug/mcc_generated_files/adc/src/adc0.o
 .bss           0x0000000000000000        0x0 build/default/debug/mcc_generated_files/adc/src/adc0.o
 .text.ADC0_Enable
                0x0000000000000000        0xc build/default/debug/mcc_generated_files/adc/src/adc0.o
 .text.ADC0_Disable
                0x0000000000000000        0xc build/default/debug/mcc_generated_files/adc/src/adc0.o
 .text.ADC0_EnableAutoTrigger
                0x0000000000000000        0xc build/default/debug/mcc_generated_files/adc/src/adc0.o
 .text.ADC0_DisableAutoTrigger
                0x0000000000000000        0xc build/default/debug/mcc_generated_files/adc/src/adc0.o
 .text.ADC0_SetWindowHigh
                0x0000000000000000        0xa build/default/debug/mcc_generated_files/adc/src/adc0.o
 .text.ADC0_SetWindowLow
                0x0000000000000000        0xa build/default/debug/mcc_generated_files/adc/src/adc0.o
 .text.ADC0_SetWindowMode
                0x0000000000000000        0x6 build/default/debug/mcc_generated_files/adc/src/adc0.o
 .text.ADC0_SetWindowChannel
                0x0000000000000000        0x6 build/default/debug/mcc_generated_files/adc/src/adc0.o
 .text.ADC0_StartConversion
                0x0000000000000000        0xc build/default/debug/mcc_generated_files/adc/src/adc0.o
 .text.ADC0_StartDiffConversion
                0x0000000000000000        0xe build/default/debug/mcc_generated_files/adc/src/adc0.o
 .text.ADC0_StopConversion
                0x0000000000000000        0x8 build/default/debug/mcc_generated_files/adc/src/adc0.o
 .text.ADC0_IsConversionDone
                0x0000000000000000        0x8 build/default/debug/mcc_generated_files/adc/src/adc0.o
 .text.ADC0_GetConversionResult
                0x0000000000000000        0xa build/default/debug/mcc_generated_files/adc/src/adc0.o
 .text.ADC0_GetWindowResult
                0x0000000000000000       0x10 build/default/debug/mcc_generated_files/adc/src/adc0.o
 .text.ADC0_GetConversion
                0x0000000000000000       0x20 build/default/debug/mcc_generated_files/adc/src/adc0.o
 .text.ADC0_GetDiffConversion
                0x0000000000000000       0x26 build/default/debug/mcc_generated_files/adc/src/adc0.o
 .text.ADC0_GetResolution
                0x0000000000000000       0x10 build/default/debug/mcc_generated_files/adc/src/adc0.o
 .text.ADC0_RegisterWindowCallback
                0x0000000000000000        0xa build/default/debug/mcc_generated_files/adc/src/adc0.o
 .text.ADC0_RegisterResrdyCallback
                0x0000000000000000        0xa build/default/debug/mcc_generated_files/adc/src/adc0.o
 .text          0x0000000000000000        0x0 build/default/debug/mcc_generated_files/i2c_host/src/twi0.o
 .data          0x0000000000000000        0x0 build/default/debug/mcc_generated_files/i2c_host/src/twi0.o
 .bss           0x0000000000000000        0x0 build/default/debug/mcc_generated_files/i2c_host/src/twi0.o
 .text.TWI0_ErrorGet
                0x0000000000000000        0xa build/default/debug/mcc_generated_files/i2c_host/src/twi0.o
 .text.TWI0_IsBusy
                0x0000000000000000       0x18 build/default/debug/mcc_generated_files/i2c_host/src/twi0.o
 .text.TWI0_CallbackRegister
                0x0000000000000000        0xe build/default/debug/mcc_generated_files/i2c_host/src/twi0.o
 .text.I2C_EVENT_IDLE
                0x0000000000000000       0x12 build/default/debug/mcc_generated_files/i2c_host/src/twi0.o
 .text.I2C_EVENT_STOP
                0x0000000000000000       0x46 build/default/debug/mcc_generated_files/i2c_host/src/twi0.o
 .text.I2C_EVENT_NACK
                0x0000000000000000        0x6 build/default/debug/mcc_generated_files/i2c_host/src/twi0.o
 .text.I2C_EVENT_RESET
                0x0000000000000000       0x1e build/default/debug/mcc_generated_files/i2c_host/src/twi0.o
 .text.I2C_EVENT_ERROR
                0x0000000000000000       0x10 build/default/debug/mcc_generated_files/i2c_host/src/twi0.o
 .text.I2C_EVENT_TX
                0x0000000000000000       0x46 build/default/debug/mcc_generated_files/i2c_host/src/twi0.o
 .text.I2C_EVENT_SEND_WR_ADDR
                0x0000000000000000       0x12 build/default/debug/mcc_generated_files/i2c_host/src/twi0.o
 .text.TWI0_Write
                0x0000000000000000       0x5c build/default/debug/mcc_generated_files/i2c_host/src/twi0.o
 .text.TWI0_ErrorEventHandler
                0x0000000000000000       0xc2 build/default/debug/mcc_generated_files/i2c_host/src/twi0.o
 .text.TWI0_Tasks
                0x0000000000000000       0x8c build/default/debug/mcc_generated_files/i2c_host/src/twi0.o
 .text.I2C_EVENT_SEND_RD_ADDR
                0x0000000000000000       0x14 build/default/debug/mcc_generated_files/i2c_host/src/twi0.o
 .text.TWI0_Read
                0x0000000000000000       0x5c build/default/debug/mcc_generated_files/i2c_host/src/twi0.o
 .text.I2C_EVENT_RX
                0x0000000000000000       0x76 build/default/debug/mcc_generated_files/i2c_host/src/twi0.o
 .text.TWI0_WriteRead
                0x0000000000000000       0x6e build/default/debug/mcc_generated_files/i2c_host/src/twi0.o
 .text.TWI0_Deinitialize
                0x0000000000000000       0x30 build/default/debug/mcc_generated_files/i2c_host/src/twi0.o
 .rodata.twi0_eventTable
                0x0000000000000000       0x12 build/default/debug/mcc_generated_files/i2c_host/src/twi0.o
 .bss.twi0_Status
                0x0000000000000000        0xe build/default/debug/mcc_generated_files/i2c_host/src/twi0.o
 .rodata.I2C0_Host
                0x0000000000000000       0x14 build/default/debug/mcc_generated_files/i2c_host/src/twi0.o
 .text          0x0000000000000000        0x0 build/default/debug/mcc_generated_files/system/src/clock.o
 .data          0x0000000000000000        0x0 build/default/debug/mcc_generated_files/system/src/clock.o
 .bss           0x0000000000000000        0x0 build/default/debug/mcc_generated_files/system/src/clock.o
 .text.CFD_Enable
                0x0000000000000000       0x10 build/default/debug/mcc_generated_files/system/src/clock.o
 .text.CFD_Disable
                0x0000000000000000       0x12 build/default/debug/mcc_generated_files/system/src/clock.o
 .text          0x0000000000000000        0x0 build/default/debug/mcc_generated_files/system/src/protected_io.o
 .data          0x0000000000000000        0x0 build/default/debug/mcc_generated_files/system/src/protected_io.o
 .bss           0x0000000000000000        0x0 build/default/debug/mcc_generated_files/system/src/protected_io.o
 .text          0x0000000000000000        0x0 build/default/debug/mcc_generated_files/system/src/pins.o
 .data          0x0000000000000000        0x0 build/default/debug/mcc_generated_files/system/src/pins.o
 .bss           0x0000000000000000        0x0 build/default/debug/mcc_generated_files/system/src/pins.o
 .text.PF0_SetInterruptHandler
                0x0000000000000000        0xa build/default/debug/mcc_generated_files/system/src/pins.o
 .text.PF1_SetInterruptHandler
                0x0000000000000000        0xa build/default/debug/mcc_generated_files/system/src/pins.o
 .text.PA4_SetInterruptHandler
                0x0000000000000000        0xa build/default/debug/mcc_generated_files/system/src/pins.o
 .text.PA5_SetInterruptHandler
                0x0000000000000000        0xa build/default/debug/mcc_generated_files/system/src/pins.o
 .text.PD4_SetInterruptHandler
                0x0000000000000000        0xa build/default/debug/mcc_generated_files/system/src/pins.o
 .text.PD5_SetInterruptHandler
                0x0000000000000000        0xa build/default/debug/mcc_generated_files/system/src/pins.o
 .text.PC1_SetInterruptHandler
                0x0000000000000000        0xa build/default/debug/mcc_generated_files/system/src/pins.o
 .text.PD1_SetInterruptHandler
                0x0000000000000000        0xa build/default/debug/mcc_generated_files/system/src/pins.o
 .text.PD2_SetInterruptHandler
                0x0000000000000000        0xa build/default/debug/mcc_generated_files/system/src/pins.o
 .text.PD3_SetInterruptHandler
                0x0000000000000000        0xa build/default/debug/mcc_generated_files/system/src/pins.o
 .text.PD6_SetInterruptHandler
                0x0000000000000000        0xa build/default/debug/mcc_generated_files/system/src/pins.o
 .text.PD7_SetInterruptHandler
                0x0000000000000000        0xa build/default/debug/mcc_generated_files/system/src/pins.o
 .text.PC3_SetInterruptHandler
                0x0000000000000000        0xa build/default/debug/mcc_generated_files/system/src/pins.o
 .text.PC2_SetInterruptHandler
                0x0000000000000000        0xa build/default/debug/mcc_generated_files/system/src/pins.o
 .text.PC0_SetInterruptHandler
                0x0000000000000000        0xa build/default/debug/mcc_generated_files/system/src/pins.o
 .text.PA1_SetInterruptHandler
                0x0000000000000000        0xa build/default/debug/mcc_generated_files/system/src/pins.o
 .text.PA0_SetInterruptHandler
                0x0000000000000000        0xa build/default/debug/mcc_generated_files/system/src/pins.o
 .text.PA2_SetInterruptHandler
                0x0000000000000000        0xa build/default/debug/mcc_generated_files/system/src/pins.o
 .text.PA3_SetInterruptHandler
                0x0000000000000000        0xa build/default/debug/mcc_generated_files/system/src/pins.o
 .text.PA6_SetInterruptHandler
                0x0000000000000000        0xa build/default/debug/mcc_generated_files/system/src/pins.o
 .text.PA7_SetInterruptHandler
                0x0000000000000000        0xa build/default/debug/mcc_generated_files/system/src/pins.o
 .text          0x0000000000000000        0x0 build/default/debug/mcc_generated_files/system/src/interrupt.o
 .data          0x0000000000000000        0x0 build/default/debug/mcc_generated_files/system/src/interrupt.o
 .bss           0x0000000000000000        0x0 build/default/debug/mcc_generated_files/system/src/interrupt.o
 .text          0x0000000000000000        0x0 build/default/debug/mcc_generated_files/system/src/config_bits.o
 .data          0x0000000000000000        0x0 build/default/debug/mcc_generated_files/system/src/config_bits.o
 .bss           0x0000000000000000        0x0 build/default/debug/mcc_generated_files/system/src/config_bits.o
 .text          0x0000000000000000        0x0 build/default/debug/mcc_generated_files/system/src/system.o
 .data          0x0000000000000000        0x0 build/default/debug/mcc_generated_files/system/src/system.o
 .bss           0x0000000000000000        0x0 build/default/debug/mcc_generated_files/system/src/system.o
 .text          0x0000000000000000        0x0 build/default/debug/mcc_generated_files/timer/src/tca0.o
 .data          0x0000000000000000        0x0 build/default/debug/mcc_generated_files/timer/src/tca0.o
 .bss           0x0000000000000000        0x0 build/default/debug/mcc_generated_files/timer/src/tca0.o
 .text.TCA0_OverflowCallbackRegister
                0x0000000000000000        0xa build/default/debug/mcc_generated_files/timer/src/tca0.o
 .text.TCA0_Write
                0x0000000000000000        0xa build/default/debug/mcc_generated_files/timer/src/tca0.o
 .text.TCA0_Compare0CallbackRegister
                0x0000000000000000        0xa build/default/debug/mcc_generated_files/timer/src/tca0.o
 .text.TCA0_Compare1CallbackRegister
                0x0000000000000000        0xa build/default/debug/mcc_generated_files/timer/src/tca0.o
 .text.TCA0_Compare2CallbackRegister
                0x0000000000000000        0xa build/default/debug/mcc_generated_files/timer/src/tca0.o
 .text.TCA0_Start
                0x0000000000000000        0xc build/default/debug/mcc_generated_files/timer/src/tca0.o
 .text.TCA0_Stop
                0x0000000000000000        0xc build/default/debug/mcc_generated_files/timer/src/tca0.o
 .text.TCA0_Read
                0x0000000000000000        0xa build/default/debug/mcc_generated_files/timer/src/tca0.o
 .text.TCA0_EnableInterrupt
                0x0000000000000000        0x8 build/default/debug/mcc_generated_files/timer/src/tca0.o
 .text.TCA0_DisableInterrupt
                0x0000000000000000        0x6 build/default/debug/mcc_generated_files/timer/src/tca0.o
 .text.TCA0_ClearOverflowInterruptFlag
                0x0000000000000000        0x8 build/default/debug/mcc_generated_files/timer/src/tca0.o
 .text.TCA0_IsOverflowInterruptFlagSet
                0x0000000000000000        0xc build/default/debug/mcc_generated_files/timer/src/tca0.o
 .text.TCA0_ClearCMP0InterruptFlag
                0x0000000000000000        0x8 build/default/debug/mcc_generated_files/timer/src/tca0.o
 .text.TCA0_IsCMP0InterruptFlagSet
                0x0000000000000000        0xc build/default/debug/mcc_generated_files/timer/src/tca0.o
 .text.TCA0_ClearCMP1InterruptFlag
                0x0000000000000000        0x8 build/default/debug/mcc_generated_files/timer/src/tca0.o
 .text.TCA0_IsCMP1InterruptFlagSet
                0x0000000000000000        0xc build/default/debug/mcc_generated_files/timer/src/tca0.o
 .text.TCA0_ClearCMP2InterruptFlag
                0x0000000000000000        0x8 build/default/debug/mcc_generated_files/timer/src/tca0.o
 .text.TCA0_IsCMP2InterruptFlagSet
                0x0000000000000000        0xc build/default/debug/mcc_generated_files/timer/src/tca0.o
 .rodata.TCA0_Interface
                0x0000000000000000        0xc build/default/debug/mcc_generated_files/timer/src/tca0.o
 .text          0x0000000000000000        0x0 build/default/debug/mcc_generated_files/timer/src/tcd0.o
 .data          0x0000000000000000        0x0 build/default/debug/mcc_generated_files/timer/src/tcd0.o
 .bss           0x0000000000000000        0x0 build/default/debug/mcc_generated_files/timer/src/tcd0.o
 .text.TCD0_Start
                0x0000000000000000        0xc build/default/debug/mcc_generated_files/timer/src/tcd0.o
 .text.TCD0_Stop
                0x0000000000000000        0xc build/default/debug/mcc_generated_files/timer/src/tcd0.o
 .text.TCD0_SetTRIGIsrCallback
                0x0000000000000000        0xa build/default/debug/mcc_generated_files/timer/src/tcd0.o
 .text.TCD0_SetOVFIsrCallback
                0x0000000000000000        0xa build/default/debug/mcc_generated_files/timer/src/tcd0.o
 .rodata.TCD0_Interface
                0x0000000000000000        0xc build/default/debug/mcc_generated_files/timer/src/tcd0.o
 .text          0x0000000000000000        0x0 build/default/debug/mcc_generated_files/timer/src/tcb0.o
 .data          0x0000000000000000        0x0 build/default/debug/mcc_generated_files/timer/src/tcb0.o
 .bss           0x0000000000000000        0x0 build/default/debug/mcc_generated_files/timer/src/tcb0.o
 .text.TCB0_Start
                0x0000000000000000        0xc build/default/debug/mcc_generated_files/timer/src/tcb0.o
 .text.TCB0_Stop
                0x0000000000000000        0xc build/default/debug/mcc_generated_files/timer/src/tcb0.o
 .text.TCB0_Write
                0x0000000000000000        0xa build/default/debug/mcc_generated_files/timer/src/tcb0.o
 .text.TCB0_Read
                0x0000000000000000        0xa build/default/debug/mcc_generated_files/timer/src/tcb0.o
 .text.TCB0_EnableCaptInterrupt
                0x0000000000000000        0xc build/default/debug/mcc_generated_files/timer/src/tcb0.o
 .text.TCB0_EnableOvfInterrupt
                0x0000000000000000        0xc build/default/debug/mcc_generated_files/timer/src/tcb0.o
 .text.TCB0_DisableCaptInterrupt
                0x0000000000000000        0xc build/default/debug/mcc_generated_files/timer/src/tcb0.o
 .text.TCB0_DisableOvfInterrupt
                0x0000000000000000        0xc build/default/debug/mcc_generated_files/timer/src/tcb0.o
 .text.TCB0_ClearCaptInterruptFlag
                0x0000000000000000        0xc build/default/debug/mcc_generated_files/timer/src/tcb0.o
 .text.TCB0_ClearOvfInterruptFlag
                0x0000000000000000        0xc build/default/debug/mcc_generated_files/timer/src/tcb0.o
 .text.TCB0_IsCaptInterruptEnabled
                0x0000000000000000        0xc build/default/debug/mcc_generated_files/timer/src/tcb0.o
 .text.TCB0_IsOvfInterruptEnabled
                0x0000000000000000        0xc build/default/debug/mcc_generated_files/timer/src/tcb0.o
 .rodata.TCB0_Interface
                0x0000000000000000        0xc build/default/debug/mcc_generated_files/timer/src/tcb0.o
 .text          0x0000000000000000        0x0 build/default/debug/mcc_generated_files/uart/src/usart1.o
 .data          0x0000000000000000        0x0 build/default/debug/mcc_generated_files/uart/src/usart1.o
 .bss           0x0000000000000000        0x0 build/default/debug/mcc_generated_files/uart/src/usart1.o
 .text.USART1_Deinitialize
                0x0000000000000000       0x18 build/default/debug/mcc_generated_files/uart/src/usart1.o
 .text.USART1_TransmitEnable
                0x0000000000000000        0xc build/default/debug/mcc_generated_files/uart/src/usart1.o
 .text.USART1_TransmitDisable
                0x0000000000000000        0xc build/default/debug/mcc_generated_files/uart/src/usart1.o
 .text.USART1_AutoBaudSet
                0x0000000000000000       0x28 build/default/debug/mcc_generated_files/uart/src/usart1.o
 .text.USART1_AutoBaudQuery
                0x0000000000000000        0xa build/default/debug/mcc_generated_files/uart/src/usart1.o
 .text.USART1_IsRxReady
                0x0000000000000000        0xc build/default/debug/mcc_generated_files/uart/src/usart1.o
 .text.USART1_IsTxReady
                0x0000000000000000        0xc build/default/debug/mcc_generated_files/uart/src/usart1.o
 .text.USART1_IsTxDone
                0x0000000000000000        0xc build/default/debug/mcc_generated_files/uart/src/usart1.o
 .text.USART1_ErrorGet
                0x0000000000000000       0x72 build/default/debug/mcc_generated_files/uart/src/usart1.o
 .text.USART1_Read
                0x0000000000000000        0x6 build/default/debug/mcc_generated_files/uart/src/usart1.o
 .text.USART1_Write
                0x0000000000000000        0x6 build/default/debug/mcc_generated_files/uart/src/usart1.o
 .text.USART1_FramingErrorCallbackRegister
                0x0000000000000000        0xe build/default/debug/mcc_generated_files/uart/src/usart1.o
 .text.USART1_OverrunErrorCallbackRegister
                0x0000000000000000        0xe build/default/debug/mcc_generated_files/uart/src/usart1.o
 .text.USART1_ParityErrorCallbackRegister
                0x0000000000000000        0xe build/default/debug/mcc_generated_files/uart/src/usart1.o
 .text.USART1_Enable
                0x0000000000000000        0xc build/default/debug/mcc_generated_files/uart/src/usart1.o
 .text.USART1_Disable
                0x0000000000000000        0xc build/default/debug/mcc_generated_files/uart/src/usart1.o
 .text.USART1_ReceiveEnable
                0x0000000000000000        0xc build/default/debug/mcc_generated_files/uart/src/usart1.o
 .text.USART1_ReceiveDisable
                0x0000000000000000        0xc build/default/debug/mcc_generated_files/uart/src/usart1.o
 .text.USART1_IsAutoBaudDetectError
                0x0000000000000000        0xc build/default/debug/mcc_generated_files/uart/src/usart1.o
 .text.USART1_AutoBaudDetectErrorReset
                0x0000000000000000       0x28 build/default/debug/mcc_generated_files/uart/src/usart1.o
 .rodata.RS485_MODBUS
                0x0000000000000000       0x30 build/default/debug/mcc_generated_files/uart/src/usart1.o
 .text          0x0000000000000000        0x0 build/default/debug/mcc_generated_files/uart/src/usart0.o
 .data          0x0000000000000000        0x0 build/default/debug/mcc_generated_files/uart/src/usart0.o
 .bss           0x0000000000000000        0x0 build/default/debug/mcc_generated_files/uart/src/usart0.o
 .text.USART0_Deinitialize
                0x0000000000000000       0x18 build/default/debug/mcc_generated_files/uart/src/usart0.o
 .text.USART0_TransmitDisable
                0x0000000000000000        0xc build/default/debug/mcc_generated_files/uart/src/usart0.o
 .text.USART0_AutoBaudSet
                0x0000000000000000       0x28 build/default/debug/mcc_generated_files/uart/src/usart0.o
 .text.USART0_AutoBaudQuery
                0x0000000000000000        0xa build/default/debug/mcc_generated_files/uart/src/usart0.o
 .text.USART0_IsRxReady
                0x0000000000000000        0xc build/default/debug/mcc_generated_files/uart/src/usart0.o
 .text.USART0_IsTxDone
                0x0000000000000000        0xc build/default/debug/mcc_generated_files/uart/src/usart0.o
 .text.USART0_ErrorGet
                0x0000000000000000       0x72 build/default/debug/mcc_generated_files/uart/src/usart0.o
 .text.USART0_Read
                0x0000000000000000        0x6 build/default/debug/mcc_generated_files/uart/src/usart0.o
 .text.USART0_FramingErrorCallbackRegister
                0x0000000000000000        0xe build/default/debug/mcc_generated_files/uart/src/usart0.o
 .text.USART0_OverrunErrorCallbackRegister
                0x0000000000000000        0xe build/default/debug/mcc_generated_files/uart/src/usart0.o
 .text.USART0_ParityErrorCallbackRegister
                0x0000000000000000        0xe build/default/debug/mcc_generated_files/uart/src/usart0.o
 .text.USART0_Disable
                0x0000000000000000        0xc build/default/debug/mcc_generated_files/uart/src/usart0.o
 .text.USART0_ReceiveEnable
                0x0000000000000000        0xc build/default/debug/mcc_generated_files/uart/src/usart0.o
 .text.USART0_ReceiveDisable
                0x0000000000000000        0xc build/default/debug/mcc_generated_files/uart/src/usart0.o
 .text.USART0_IsAutoBaudDetectError
                0x0000000000000000        0xc build/default/debug/mcc_generated_files/uart/src/usart0.o
 .text.USART0_AutoBaudDetectErrorReset
                0x0000000000000000       0x28 build/default/debug/mcc_generated_files/uart/src/usart0.o
 .rodata.DEBUG_URAT
                0x0000000000000000       0x30 build/default/debug/mcc_generated_files/uart/src/usart0.o
 .text          0x0000000000000000        0x0 build/default/debug/mcc_generated_files/vref/src/vref.o
 .data          0x0000000000000000        0x0 build/default/debug/mcc_generated_files/vref/src/vref.o
 .bss           0x0000000000000000        0x0 build/default/debug/mcc_generated_files/vref/src/vref.o
 .text          0x0000000000000000        0x0 build/default/debug/main.o
 .data          0x0000000000000000        0x0 build/default/debug/main.o
 .bss           0x0000000000000000        0x0 build/default/debug/main.o
 .text          0x0000000000000000        0x0 build/default/debug/uart_remap.o
 .data          0x0000000000000000        0x0 build/default/debug/uart_remap.o
 .bss           0x0000000000000000        0x0 build/default/debug/uart_remap.o
 .text          0x0000000000000000        0x0 c:/program files/microchip/xc8/v3.00/avr/bin/../lib/gcc/avr/5.4.0/avrxmega2/memx-const/mapped\libgcc.a(_copy_data.o)
 .data          0x0000000000000000        0x0 c:/program files/microchip/xc8/v3.00/avr/bin/../lib/gcc/avr/5.4.0/avrxmega2/memx-const/mapped\libgcc.a(_copy_data.o)
 .bss           0x0000000000000000        0x0 c:/program files/microchip/xc8/v3.00/avr/bin/../lib/gcc/avr/5.4.0/avrxmega2/memx-const/mapped\libgcc.a(_copy_data.o)
 .text.libgcc.mul
                0x0000000000000000        0x0 c:/program files/microchip/xc8/v3.00/avr/bin/../lib/gcc/avr/5.4.0/avrxmega2/memx-const/mapped\libgcc.a(_copy_data.o)
 .text.libgcc.div
                0x0000000000000000        0x0 c:/program files/microchip/xc8/v3.00/avr/bin/../lib/gcc/avr/5.4.0/avrxmega2/memx-const/mapped\libgcc.a(_copy_data.o)
 .text.libgcc   0x0000000000000000        0x0 c:/program files/microchip/xc8/v3.00/avr/bin/../lib/gcc/avr/5.4.0/avrxmega2/memx-const/mapped\libgcc.a(_copy_data.o)
 .text.libgcc.prologue
                0x0000000000000000        0x0 c:/program files/microchip/xc8/v3.00/avr/bin/../lib/gcc/avr/5.4.0/avrxmega2/memx-const/mapped\libgcc.a(_copy_data.o)
 .text.libgcc.builtins
                0x0000000000000000        0x0 c:/program files/microchip/xc8/v3.00/avr/bin/../lib/gcc/avr/5.4.0/avrxmega2/memx-const/mapped\libgcc.a(_copy_data.o)
 .text.libgcc.fmul
                0x0000000000000000        0x0 c:/program files/microchip/xc8/v3.00/avr/bin/../lib/gcc/avr/5.4.0/avrxmega2/memx-const/mapped\libgcc.a(_copy_data.o)
 .text.libgcc.fixed
                0x0000000000000000        0x0 c:/program files/microchip/xc8/v3.00/avr/bin/../lib/gcc/avr/5.4.0/avrxmega2/memx-const/mapped\libgcc.a(_copy_data.o)
 .text          0x0000000000000000        0x0 c:/program files/microchip/xc8/v3.00/avr/bin/../lib/gcc/avr/5.4.0/../../../../avr/lib/avrxmega2/memx-const/mapped\libc.a(exit.o)
 .data          0x0000000000000000        0x0 c:/program files/microchip/xc8/v3.00/avr/bin/../lib/gcc/avr/5.4.0/../../../../avr/lib/avrxmega2/memx-const/mapped\libc.a(exit.o)
 .bss           0x0000000000000000        0x0 c:/program files/microchip/xc8/v3.00/avr/bin/../lib/gcc/avr/5.4.0/../../../../avr/lib/avrxmega2/memx-const/mapped\libc.a(exit.o)
 .stack.descriptors
                0x0000000000000000       0x73 c:/program files/microchip/xc8/v3.00/avr/bin/../lib/gcc/avr/5.4.0/../../../../avr/lib/avrxmega2/memx-const/mapped\libc.a(exit.o)
 .text          0x0000000000000000        0x0 c:/program files/microchip/xc8/v3.00/avr/bin/../lib/gcc/avr/5.4.0/../../../../avr/lib/avrxmega2/memx-const/mapped\libc.a(stdout.o)
 .data          0x0000000000000000        0x0 c:/program files/microchip/xc8/v3.00/avr/bin/../lib/gcc/avr/5.4.0/../../../../avr/lib/avrxmega2/memx-const/mapped\libc.a(stdout.o)
 .bss           0x0000000000000000        0x0 c:/program files/microchip/xc8/v3.00/avr/bin/../lib/gcc/avr/5.4.0/../../../../avr/lib/avrxmega2/memx-const/mapped\libc.a(stdout.o)
 .stack.descriptors
                0x0000000000000000       0x1b c:/program files/microchip/xc8/v3.00/avr/bin/../lib/gcc/avr/5.4.0/../../../../avr/lib/avrxmega2/memx-const/mapped\libc.a(stdout.o)
 .text.__init_stdout
                0x0000000000000000       0x1e c:/program files/microchip/xc8/v3.00/avr/bin/../lib/gcc/avr/5.4.0/../../../../avr/lib/avrxmega2/memx-const/mapped\libc.a(stdout.o)
 .data.f        0x0000000000000000       0x10 c:/program files/microchip/xc8/v3.00/avr/bin/../lib/gcc/avr/5.4.0/../../../../avr/lib/avrxmega2/memx-const/mapped\libc.a(stdout.o)
 COMMON         0x0000000000000000        0x2 c:/program files/microchip/xc8/v3.00/avr/bin/../lib/gcc/avr/5.4.0/../../../../avr/lib/avrxmega2/memx-const/mapped\libc.a(stdout.o)
 .text          0x0000000000000000        0x0 c:/program files/microchip/xc8/v3.00/avr/bin/../lib/gcc/avr/5.4.0/../../../../avr/lib/avrxmega2/memx-const/mapped\libc.a(_Exit.o)
 .data          0x0000000000000000        0x0 c:/program files/microchip/xc8/v3.00/avr/bin/../lib/gcc/avr/5.4.0/../../../../avr/lib/avrxmega2/memx-const/mapped\libc.a(_Exit.o)
 .bss           0x0000000000000000        0x0 c:/program files/microchip/xc8/v3.00/avr/bin/../lib/gcc/avr/5.4.0/../../../../avr/lib/avrxmega2/memx-const/mapped\libc.a(_Exit.o)
 .stack.descriptors
                0x0000000000000000       0x13 c:/program files/microchip/xc8/v3.00/avr/bin/../lib/gcc/avr/5.4.0/../../../../avr/lib/avrxmega2/memx-const/mapped\libc.a(_Exit.o)
 .text          0x0000000000000000        0x0 c:/program files/microchip/xc8/v3.00/avr/bin/../lib/gcc/avr/5.4.0/avrxmega2/memx-const/mapped\libgcc.a(_exit.o)
 .data          0x0000000000000000        0x0 c:/program files/microchip/xc8/v3.00/avr/bin/../lib/gcc/avr/5.4.0/avrxmega2/memx-const/mapped\libgcc.a(_exit.o)
 .bss           0x0000000000000000        0x0 c:/program files/microchip/xc8/v3.00/avr/bin/../lib/gcc/avr/5.4.0/avrxmega2/memx-const/mapped\libgcc.a(_exit.o)
 .text.libgcc.mul
                0x0000000000000000        0x0 c:/program files/microchip/xc8/v3.00/avr/bin/../lib/gcc/avr/5.4.0/avrxmega2/memx-const/mapped\libgcc.a(_exit.o)
 .text.libgcc.div
                0x0000000000000000        0x0 c:/program files/microchip/xc8/v3.00/avr/bin/../lib/gcc/avr/5.4.0/avrxmega2/memx-const/mapped\libgcc.a(_exit.o)
 .text.libgcc   0x0000000000000000        0x0 c:/program files/microchip/xc8/v3.00/avr/bin/../lib/gcc/avr/5.4.0/avrxmega2/memx-const/mapped\libgcc.a(_exit.o)
 .text.libgcc.prologue
                0x0000000000000000        0x0 c:/program files/microchip/xc8/v3.00/avr/bin/../lib/gcc/avr/5.4.0/avrxmega2/memx-const/mapped\libgcc.a(_exit.o)
 .stack.descriptors
                0x0000000000000000       0x13 c:/program files/microchip/xc8/v3.00/avr/bin/../lib/gcc/avr/5.4.0/avrxmega2/memx-const/mapped\libgcc.a(_exit.o)
 .text.libgcc.builtins
                0x0000000000000000        0x0 c:/program files/microchip/xc8/v3.00/avr/bin/../lib/gcc/avr/5.4.0/avrxmega2/memx-const/mapped\libgcc.a(_exit.o)
 .text.libgcc.fmul
                0x0000000000000000        0x0 c:/program files/microchip/xc8/v3.00/avr/bin/../lib/gcc/avr/5.4.0/avrxmega2/memx-const/mapped\libgcc.a(_exit.o)
 .text.libgcc.fixed
                0x0000000000000000        0x0 c:/program files/microchip/xc8/v3.00/avr/bin/../lib/gcc/avr/5.4.0/avrxmega2/memx-const/mapped\libgcc.a(_exit.o)

Memory Configuration

Name             Origin             Length             Attributes
text             0x0000000000000000 0x0000000000010000 xr
data             0x0000000000806000 0x0000000000002000 rw !x
eeprom           0x0000000000810000 0x0000000000000100 rw !x
fuse             0x0000000000820000 0x0000000000000010 rw !x
lock             0x0000000000830000 0x0000000000000400 rw !x
signature        0x0000000000840000 0x0000000000000400 rw !x
user_signatures  0x0000000000850000 0x0000000000000400 rw !x
bootrow          0x0000000000860000 0x0000000000000400 rw !x
*default*        0x0000000000000000 0xffffffffffffffff

Linker script and memory map

Address of section .data set to 0x806000
                0x0000000000008000                __RODATA_PM_OFFSET__ = 0x8000
LOAD C:/Users/User/.mchp_packs/Microchip/AVR-Dx_DFP/2.7.321/xc8/avr/lib/avrxmega2/memx-const/mapped/crtavr64dd28.o
                0x0000000000000001                __MPLAB_BUILD = 0x1
LOAD build/default/debug/mcc_generated_files/adc/src/adc0.o
LOAD build/default/debug/mcc_generated_files/i2c_host/src/twi0.o
LOAD build/default/debug/mcc_generated_files/system/src/clock.o
LOAD build/default/debug/mcc_generated_files/system/src/protected_io.o
LOAD build/default/debug/mcc_generated_files/system/src/pins.o
LOAD build/default/debug/mcc_generated_files/system/src/interrupt.o
LOAD build/default/debug/mcc_generated_files/system/src/config_bits.o
LOAD build/default/debug/mcc_generated_files/system/src/system.o
LOAD build/default/debug/mcc_generated_files/timer/src/tca0.o
LOAD build/default/debug/mcc_generated_files/timer/src/tcd0.o
LOAD build/default/debug/mcc_generated_files/timer/src/tcb0.o
LOAD build/default/debug/mcc_generated_files/uart/src/usart1.o
LOAD build/default/debug/mcc_generated_files/uart/src/usart0.o
LOAD build/default/debug/mcc_generated_files/vref/src/vref.o
LOAD build/default/debug/main.o
LOAD build/default/debug/uart_remap.o
START GROUP
LOAD c:/program files/microchip/xc8/v3.00/avr/bin/../lib/gcc/avr/5.4.0/../../../../avr/lib/avrxmega2/memx-const/mapped\libm.a
END GROUP
                0x0000000000000001                __MPLAB_DEBUG = 0x1
                0x0000000000000001                __DEBUG = 0x1
START GROUP
LOAD c:/program files/microchip/xc8/v3.00/avr/bin/../lib/gcc/avr/5.4.0/avrxmega2/memx-const/mapped\libgcc.a
LOAD c:/program files/microchip/xc8/v3.00/avr/bin/../lib/gcc/avr/5.4.0/../../../../avr/lib/avrxmega2/memx-const/mapped\libm.a
LOAD c:/program files/microchip/xc8/v3.00/avr/bin/../lib/gcc/avr/5.4.0/../../../../avr/lib/avrxmega2/memx-const/mapped\libc.a
LOAD C:/Users/User/.mchp_packs/Microchip/AVR-Dx_DFP/2.7.321/xc8/avr/lib/avrxmega2/memx-const/mapped\libavr64dd28.a
END GROUP
                [0x0000000000000000]                __TEXT_REGION_ORIGIN__ = DEFINED (__TEXT_REGION_ORIGIN__)?__TEXT_REGION_ORIGIN__:0x0
                [0x0000000000806000]                __DATA_REGION_ORIGIN__ = DEFINED (__DATA_REGION_ORIGIN__)?__DATA_REGION_ORIGIN__:0x802000
                [0x0000000000010000]                __TEXT_REGION_LENGTH__ = DEFINED (__TEXT_REGION_LENGTH__)?__TEXT_REGION_LENGTH__:0x100000
                [0x0000000000002000]                __DATA_REGION_LENGTH__ = DEFINED (__DATA_REGION_LENGTH__)?__DATA_REGION_LENGTH__:0xffa0
                [0x0000000000000100]                __EEPROM_REGION_LENGTH__ = DEFINED (__EEPROM_REGION_LENGTH__)?__EEPROM_REGION_LENGTH__:0x10000
                [0x0000000000000010]                __FUSE_REGION_LENGTH__ = DEFINED (__FUSE_REGION_LENGTH__)?__FUSE_REGION_LENGTH__:0x400
                0x0000000000000400                __LOCK_REGION_LENGTH__ = DEFINED (__LOCK_REGION_LENGTH__)?__LOCK_REGION_LENGTH__:0x400
                0x0000000000000400                __SIGNATURE_REGION_LENGTH__ = DEFINED (__SIGNATURE_REGION_LENGTH__)?__SIGNATURE_REGION_LENGTH__:0x400
                0x0000000000000400                __USER_SIGNATURE_REGION_LENGTH__ = DEFINED (__USER_SIGNATURE_REGION_LENGTH__)?__USER_SIGNATURE_REGION_LENGTH__:0x400
                0x0000000000000400                __BOOTROW_REGION_LENGTH__ = DEFINED (__BOOTROW_REGION_LENGTH__)?__BOOTROW_REGION_LENGTH__:0x400

.hash
 *(.hash)

.dynsym
 *(.dynsym)

.dynstr
 *(.dynstr)

.gnu.version
 *(.gnu.version)

.gnu.version_d
 *(.gnu.version_d)

.gnu.version_r
 *(.gnu.version_r)

.rel.init
 *(.rel.init)

.rela.init
 *(.rela.init)

.rel.text
 *(.rel.text)
 *(.rel.text.*)
 *(.rel.gnu.linkonce.t*)

.rela.text
 *(.rela.text)
 *(.rela.text.*)
 *(.rela.gnu.linkonce.t*)

.rel.fini
 *(.rel.fini)

.rela.fini
 *(.rela.fini)

.rel.rodata
 *(.rel.rodata)
 *(.rel.rodata.*)
 *(.rel.gnu.linkonce.r*)

.rela.rodata
 *(.rela.rodata)
 *(.rela.rodata.*)
 *(.rela.gnu.linkonce.r*)

.rel.data
 *(.rel.data)
 *(.rel.data.*)
 *(.rel.gnu.linkonce.d*)

.rela.data
 *(.rela.data)
 *(.rela.data.*)
 *(.rela.gnu.linkonce.d*)

.rel.ctors
 *(.rel.ctors)

.rela.ctors
 *(.rela.ctors)

.rel.dtors
 *(.rel.dtors)

.rela.dtors
 *(.rela.dtors)

.rel.got
 *(.rel.got)

.rela.got
 *(.rela.got)

.rel.bss
 *(.rel.bss)

.rela.bss
 *(.rela.bss)

.rel.plt
 *(.rel.plt)

.rela.plt
 *(.rela.plt)

.text           0x0000000000000000      0x11a
 *(.vectors)
 .vectors       0x0000000000000000       0x90 C:/Users/User/.mchp_packs/Microchip/AVR-Dx_DFP/2.7.321/xc8/avr/lib/avrxmega2/memx-const/mapped/crtavr64dd28.o
                0x0000000000000000                __vector_default
                0x0000000000000000                __vectors
 *(.vectors)
 *(.progmem.gcc*)
 *(.dinit)
 .dinit         0x0000000000000090       0x24 data_init
                0x00000000000000b4                . = ALIGN (0x2)
                0x00000000000000b4                __trampolines_start = .
 *(.trampolines)
 .trampolines   0x00000000000000b4        0x0 linker stubs
 *(.trampolines*)
                0x00000000000000b4                __trampolines_end = .
 *libprintf_flt.a:*(.progmem.data)
 *libc.a:*(.progmem.data)
                0x00000000000000b4                . = ALIGN (0x2)
 *(.jumptables)
 *(.jumptables*)
 *(.lowtext)
 *(.lowtext*)
                0x00000000000000b4                __ctors_start = .
 *(.ctors)
                0x00000000000000b4                __ctors_end = .
                0x00000000000000b4                __dtors_start = .
 *(.dtors)
                0x00000000000000b4                __dtors_end = .
 SORT(*)(.ctors)
 SORT(*)(.dtors)
 *(.init0)
 .init0         0x00000000000000b4        0x0 C:/Users/User/.mchp_packs/Microchip/AVR-Dx_DFP/2.7.321/xc8/avr/lib/avrxmega2/memx-const/mapped/crtavr64dd28.o
                0x00000000000000b4                __init
 *(.init0)
 *(.init1)
 .init1         0x00000000000000b4       0x12 C:/Users/User/.mchp_packs/Microchip/AVR-Dx_DFP/2.7.321/xc8/avr/lib/avrxmega2/memx-const/mapped/crtavr64dd28.o
 *(.init1)
 *(.init2)
 .init2         0x00000000000000c6        0xc C:/Users/User/.mchp_packs/Microchip/AVR-Dx_DFP/2.7.321/xc8/avr/lib/avrxmega2/memx-const/mapped/crtavr64dd28.o
 *(.init2)
 *(.init3)
 *(.init3)
 *(.init4)
 .init4         0x00000000000000d2       0x3c c:/program files/microchip/xc8/v3.00/avr/bin/../lib/gcc/avr/5.4.0/avrxmega2/memx-const/mapped\libgcc.a(_copy_data.o)
                0x00000000000000d2                __do_copy_data
                0x0000000000000100                __do_clear_bss
 *(.init4)
 *(.init5)
 *(.init5)
 *(.init6)
 *(.init6)
 *(.init7)
 *(.init7)
 *(.init8)
 *(.init8)
 *(.init9)
 .init9         0x000000000000010e        0x8 C:/Users/User/.mchp_packs/Microchip/AVR-Dx_DFP/2.7.321/xc8/avr/lib/avrxmega2/memx-const/mapped/crtavr64dd28.o
 *(.init9)
                0x0000000000000116                . = ALIGN (0x2)
 *(.fini9)
 .fini9         0x0000000000000116        0x0 c:/program files/microchip/xc8/v3.00/avr/bin/../lib/gcc/avr/5.4.0/avrxmega2/memx-const/mapped\libgcc.a(_exit.o)
                0x0000000000000116                _exit
 *(.fini9)
 *(.fini8)
 *(.fini8)
 *(.fini7)
 *(.fini7)
 *(.fini6)
 *(.fini6)
 *(.fini5)
 *(.fini5)
 *(.fini4)
 *(.fini4)
 *(.fini3)
 *(.fini3)
 *(.fini2)
 *(.fini2)
 *(.fini1)
 *(.fini1)
 *(.fini0)
 .fini0         0x0000000000000116        0x4 c:/program files/microchip/xc8/v3.00/avr/bin/../lib/gcc/avr/5.4.0/avrxmega2/memx-const/mapped\libgcc.a(_exit.o)
 *(.fini0)
                0x000000000000011a                _etext = .

.data           0x0000000000806000        0x0 load address 0x000000000000011a
                [!provide]                        PROVIDE (__data_start, .)
 *(.gnu.linkonce.d*)
 *(.gnu.linkonce.r*)
                0x0000000000806000                . = ALIGN (0x2)
                0x0000000000806000                _edata = .
                [!provide]                        PROVIDE (__data_end, .)

.bss            0x0000000000806000        0x0
                [!provide]                        PROVIDE (__bss_start, .)
 *(COMMON)
                [!provide]                        PROVIDE (__bss_end, .)
                0x000000000000011a                __data_load_start = LOADADDR (.data)
                0x000000000000011a                __data_load_end = (__data_load_start + SIZEOF (.data))

.noinit         0x0000000000806000        0x0
                [!provide]                        PROVIDE (__noinit_start, .)
 *(.noinit*)
                [!provide]                        PROVIDE (__noinit_end, .)
                0x0000000000806000                _end = .

.eeprom         0x0000000000810000        0x0
 *(.eeprom*)
                0x0000000000810000                __eeprom_end = .

.fuse           0x0000000000820000        0x9
 *(.fuse)
 .fuse          0x0000000000820000        0x9 build/default/debug/mcc_generated_files/system/src/config_bits.o
                0x0000000000820000                __fuse
 *(.lfuse)
 *(.hfuse)
 *(.efuse)

.lock
 *(.lock*)

.signature
 *(.signature*)

.user_signatures
 *(.user_signatures*)

.bootrow
 *(.bootrow*)

.stab
 *(.stab)

.stabstr
 *(.stabstr)

.stab.excl
 *(.stab.excl)

.stab.exclstr
 *(.stab.exclstr)

.stab.index
 *(.stab.index)

.stab.indexstr
 *(.stab.indexstr)

.comment        0x0000000000000000       0x5b
 *(.comment)
 .comment       0x0000000000000000       0x2f build/default/debug/mcc_generated_files/adc/src/adc0.o
                                         0x30 (size before relaxing)
 .comment       0x000000000000002f       0x30 build/default/debug/mcc_generated_files/i2c_host/src/twi0.o
 .comment       0x000000000000002f       0x30 build/default/debug/mcc_generated_files/system/src/clock.o
 .comment       0x000000000000002f       0x30 build/default/debug/mcc_generated_files/system/src/pins.o
 .comment       0x000000000000002f       0x30 build/default/debug/mcc_generated_files/system/src/interrupt.o
 .comment       0x000000000000002f       0x30 build/default/debug/mcc_generated_files/system/src/config_bits.o
 .comment       0x000000000000002f       0x30 build/default/debug/mcc_generated_files/system/src/system.o
 .comment       0x000000000000002f       0x30 build/default/debug/mcc_generated_files/timer/src/tca0.o
 .comment       0x000000000000002f       0x30 build/default/debug/mcc_generated_files/timer/src/tcd0.o
 .comment       0x000000000000002f       0x30 build/default/debug/mcc_generated_files/timer/src/tcb0.o
 .comment       0x000000000000002f       0x30 build/default/debug/mcc_generated_files/uart/src/usart1.o
 .comment       0x000000000000002f       0x30 build/default/debug/mcc_generated_files/uart/src/usart0.o
 .comment       0x000000000000002f       0x30 build/default/debug/mcc_generated_files/vref/src/vref.o
 .comment       0x000000000000002f       0x30 build/default/debug/main.o
 .comment       0x000000000000002f       0x30 build/default/debug/uart_remap.o
 .comment       0x000000000000002f       0x2c c:/program files/microchip/xc8/v3.00/avr/bin/../lib/gcc/avr/5.4.0/../../../../avr/lib/avrxmega2/memx-const/mapped\libc.a(exit.o)
                                         0x2d (size before relaxing)
 .comment       0x000000000000005b       0x2d c:/program files/microchip/xc8/v3.00/avr/bin/../lib/gcc/avr/5.4.0/../../../../avr/lib/avrxmega2/memx-const/mapped\libc.a(stdout.o)
 .comment       0x000000000000005b       0x2d c:/program files/microchip/xc8/v3.00/avr/bin/../lib/gcc/avr/5.4.0/../../../../avr/lib/avrxmega2/memx-const/mapped\libc.a(_Exit.o)

.stack.descriptors.hdr
                0x0000000000000000       0x38
 .stack.descriptors.hdr
                0x0000000000000000        0xe c:/program files/microchip/xc8/v3.00/avr/bin/../lib/gcc/avr/5.4.0/../../../../avr/lib/avrxmega2/memx-const/mapped\libc.a(exit.o)
 .stack.descriptors.hdr
                0x000000000000000e        0xe c:/program files/microchip/xc8/v3.00/avr/bin/../lib/gcc/avr/5.4.0/../../../../avr/lib/avrxmega2/memx-const/mapped\libc.a(stdout.o)
 .stack.descriptors.hdr
                0x000000000000001c        0xe c:/program files/microchip/xc8/v3.00/avr/bin/../lib/gcc/avr/5.4.0/../../../../avr/lib/avrxmega2/memx-const/mapped\libc.a(_Exit.o)
 .stack.descriptors.hdr
                0x000000000000002a        0xe c:/program files/microchip/xc8/v3.00/avr/bin/../lib/gcc/avr/5.4.0/avrxmega2/memx-const/mapped\libgcc.a(_exit.o)

.note.GNU-stack
                0x0000000000000000        0x0
 .note.GNU-stack
                0x0000000000000000        0x0 c:/program files/microchip/xc8/v3.00/avr/bin/../lib/gcc/avr/5.4.0/../../../../avr/lib/avrxmega2/memx-const/mapped\libc.a(exit.o)
 .note.GNU-stack
                0x0000000000000000        0x0 c:/program files/microchip/xc8/v3.00/avr/bin/../lib/gcc/avr/5.4.0/../../../../avr/lib/avrxmega2/memx-const/mapped\libc.a(stdout.o)
 .note.GNU-stack
                0x0000000000000000        0x0 c:/program files/microchip/xc8/v3.00/avr/bin/../lib/gcc/avr/5.4.0/../../../../avr/lib/avrxmega2/memx-const/mapped\libc.a(_Exit.o)

.note.gnu.build-id
 *(.note.gnu.build-id)

.debug
 *(.debug)

.line
 *(.line)

.debug_srcinfo
 *(.debug_srcinfo)

.debug_sfnames
 *(.debug_sfnames)

.debug_aranges  0x0000000000000000      0x790
 *(.debug_aranges)
 .debug_aranges
                0x0000000000000000       0xc8 build/default/debug/mcc_generated_files/adc/src/adc0.o
 .debug_aranges
                0x00000000000000c8       0xb8 build/default/debug/mcc_generated_files/i2c_host/src/twi0.o
 .debug_aranges
                0x0000000000000180       0x30 build/default/debug/mcc_generated_files/system/src/clock.o
 .debug_aranges
                0x00000000000001b0       0x20 build/default/debug/mcc_generated_files/system/src/protected_io.o
 .debug_aranges
                0x00000000000001d0      0x190 build/default/debug/mcc_generated_files/system/src/pins.o
 .debug_aranges
                0x0000000000000360       0x20 build/default/debug/mcc_generated_files/system/src/interrupt.o
 .debug_aranges
                0x0000000000000380       0x18 build/default/debug/mcc_generated_files/system/src/config_bits.o
 .debug_aranges
                0x0000000000000398       0x20 build/default/debug/mcc_generated_files/system/src/system.o
 .debug_aranges
                0x00000000000003b8       0xf0 build/default/debug/mcc_generated_files/timer/src/tca0.o
 .debug_aranges
                0x00000000000004a8       0x50 build/default/debug/mcc_generated_files/timer/src/tcd0.o
 .debug_aranges
                0x00000000000004f8       0x80 build/default/debug/mcc_generated_files/timer/src/tcb0.o
 .debug_aranges
                0x0000000000000578       0xd8 build/default/debug/mcc_generated_files/uart/src/usart1.o
 .debug_aranges
                0x0000000000000650       0xd8 build/default/debug/mcc_generated_files/uart/src/usart0.o
 .debug_aranges
                0x0000000000000728       0x20 build/default/debug/mcc_generated_files/vref/src/vref.o
 .debug_aranges
                0x0000000000000748       0x20 build/default/debug/main.o
 .debug_aranges
                0x0000000000000768       0x28 build/default/debug/uart_remap.o

.debug_pubnames
 *(.debug_pubnames)

.debug_info     0x0000000000000000     0xc003
 *(.debug_info .gnu.linkonce.wi.*)
 .debug_info    0x0000000000000000     0x22a4 C:/Users/User/.mchp_packs/Microchip/AVR-Dx_DFP/2.7.321/xc8/avr/lib/avrxmega2/memx-const/mapped/crtavr64dd28.o
 .debug_info    0x00000000000022a4     0x1047 build/default/debug/mcc_generated_files/adc/src/adc0.o
 .debug_info    0x00000000000032eb     0x1271 build/default/debug/mcc_generated_files/i2c_host/src/twi0.o
 .debug_info    0x000000000000455c      0x9fc build/default/debug/mcc_generated_files/system/src/clock.o
 .debug_info    0x0000000000004f58       0xa7 build/default/debug/mcc_generated_files/system/src/protected_io.o
 .debug_info    0x0000000000004fff     0x15c2 build/default/debug/mcc_generated_files/system/src/pins.o
 .debug_info    0x00000000000065c1      0x418 build/default/debug/mcc_generated_files/system/src/interrupt.o
 .debug_info    0x00000000000069d9      0x90c build/default/debug/mcc_generated_files/system/src/config_bits.o
 .debug_info    0x00000000000072e5      0x3cc build/default/debug/mcc_generated_files/system/src/system.o
 .debug_info    0x00000000000076b1      0xfbc build/default/debug/mcc_generated_files/timer/src/tca0.o
 .debug_info    0x000000000000866d      0xa54 build/default/debug/mcc_generated_files/timer/src/tcd0.o
 .debug_info    0x00000000000090c1      0x768 build/default/debug/mcc_generated_files/timer/src/tcb0.o
 .debug_info    0x0000000000009829      0xdb1 build/default/debug/mcc_generated_files/uart/src/usart1.o
 .debug_info    0x000000000000a5da      0xdaf build/default/debug/mcc_generated_files/uart/src/usart0.o
 .debug_info    0x000000000000b389      0x384 build/default/debug/mcc_generated_files/vref/src/vref.o
 .debug_info    0x000000000000b70d      0x434 build/default/debug/main.o
 .debug_info    0x000000000000bb41      0x4c2 build/default/debug/uart_remap.o

.debug_abbrev   0x0000000000000000     0x3889
 *(.debug_abbrev)
 .debug_abbrev  0x0000000000000000     0x20ce C:/Users/User/.mchp_packs/Microchip/AVR-Dx_DFP/2.7.321/xc8/avr/lib/avrxmega2/memx-const/mapped/crtavr64dd28.o
 .debug_abbrev  0x00000000000020ce      0x25d build/default/debug/mcc_generated_files/adc/src/adc0.o
 .debug_abbrev  0x000000000000232b      0x319 build/default/debug/mcc_generated_files/i2c_host/src/twi0.o
 .debug_abbrev  0x0000000000002644      0x14d build/default/debug/mcc_generated_files/system/src/clock.o
 .debug_abbrev  0x0000000000002791       0x14 build/default/debug/mcc_generated_files/system/src/protected_io.o
 .debug_abbrev  0x00000000000027a5      0x182 build/default/debug/mcc_generated_files/system/src/pins.o
 .debug_abbrev  0x0000000000002927       0xfa build/default/debug/mcc_generated_files/system/src/interrupt.o
 .debug_abbrev  0x0000000000002a21       0x97 build/default/debug/mcc_generated_files/system/src/config_bits.o
 .debug_abbrev  0x0000000000002ab8       0x6a build/default/debug/mcc_generated_files/system/src/system.o
 .debug_abbrev  0x0000000000002b22      0x1d5 build/default/debug/mcc_generated_files/timer/src/tca0.o
 .debug_abbrev  0x0000000000002cf7      0x1d8 build/default/debug/mcc_generated_files/timer/src/tcd0.o
 .debug_abbrev  0x0000000000002ecf      0x185 build/default/debug/mcc_generated_files/timer/src/tcb0.o
 .debug_abbrev  0x0000000000003054      0x2a3 build/default/debug/mcc_generated_files/uart/src/usart1.o
 .debug_abbrev  0x00000000000032f7      0x2a3 build/default/debug/mcc_generated_files/uart/src/usart0.o
 .debug_abbrev  0x000000000000359a       0x8c build/default/debug/mcc_generated_files/vref/src/vref.o
 .debug_abbrev  0x0000000000003626       0xfd build/default/debug/main.o
 .debug_abbrev  0x0000000000003723      0x166 build/default/debug/uart_remap.o

.debug_line     0x0000000000000000     0x318f
 *(.debug_line .debug_line.* .debug_line_end)
 .debug_line    0x0000000000000000      0x1aa C:/Users/User/.mchp_packs/Microchip/AVR-Dx_DFP/2.7.321/xc8/avr/lib/avrxmega2/memx-const/mapped/crtavr64dd28.o
 .debug_line    0x00000000000001aa      0x3f2 build/default/debug/mcc_generated_files/adc/src/adc0.o
 .debug_line    0x000000000000059c      0x6f0 build/default/debug/mcc_generated_files/i2c_host/src/twi0.o
 .debug_line    0x0000000000000c8c      0x1bb build/default/debug/mcc_generated_files/system/src/clock.o
 .debug_line    0x0000000000000e47       0x6d build/default/debug/mcc_generated_files/system/src/protected_io.o
 .debug_line    0x0000000000000eb4      0x75a build/default/debug/mcc_generated_files/system/src/pins.o
 .debug_line    0x000000000000160e      0x187 build/default/debug/mcc_generated_files/system/src/interrupt.o
 .debug_line    0x0000000000001795       0xee build/default/debug/mcc_generated_files/system/src/config_bits.o
 .debug_line    0x0000000000001883      0x211 build/default/debug/mcc_generated_files/system/src/system.o
 .debug_line    0x0000000000001a94      0x47b build/default/debug/mcc_generated_files/timer/src/tca0.o
 .debug_line    0x0000000000001f0f      0x31a build/default/debug/mcc_generated_files/timer/src/tcd0.o
 .debug_line    0x0000000000002229      0x28a build/default/debug/mcc_generated_files/timer/src/tcb0.o
 .debug_line    0x00000000000024b3      0x4b3 build/default/debug/mcc_generated_files/uart/src/usart1.o
 .debug_line    0x0000000000002966      0x4b3 build/default/debug/mcc_generated_files/uart/src/usart0.o
 .debug_line    0x0000000000002e19      0x10d build/default/debug/mcc_generated_files/vref/src/vref.o
 .debug_line    0x0000000000002f26      0x13a build/default/debug/main.o
 .debug_line    0x0000000000003060      0x12f build/default/debug/uart_remap.o

.debug_frame    0x0000000000000000     0x1154
 *(.debug_frame)
 .debug_frame   0x0000000000000000      0x204 build/default/debug/mcc_generated_files/adc/src/adc0.o
 .debug_frame   0x0000000000000204      0x1f8 build/default/debug/mcc_generated_files/i2c_host/src/twi0.o
 .debug_frame   0x00000000000003fc       0x44 build/default/debug/mcc_generated_files/system/src/clock.o
 .debug_frame   0x0000000000000440      0x430 build/default/debug/mcc_generated_files/system/src/pins.o
 .debug_frame   0x0000000000000870       0x24 build/default/debug/mcc_generated_files/system/src/interrupt.o
 .debug_frame   0x0000000000000894       0x24 build/default/debug/mcc_generated_files/system/src/system.o
 .debug_frame   0x00000000000008b8      0x2e4 build/default/debug/mcc_generated_files/timer/src/tca0.o
 .debug_frame   0x0000000000000b9c      0x120 build/default/debug/mcc_generated_files/timer/src/tcd0.o
 .debug_frame   0x0000000000000cbc       0xe4 build/default/debug/mcc_generated_files/timer/src/tcb0.o
 .debug_frame   0x0000000000000da0      0x194 build/default/debug/mcc_generated_files/uart/src/usart1.o
 .debug_frame   0x0000000000000f34      0x194 build/default/debug/mcc_generated_files/uart/src/usart0.o
 .debug_frame   0x00000000000010c8       0x24 build/default/debug/mcc_generated_files/vref/src/vref.o
 .debug_frame   0x00000000000010ec       0x24 build/default/debug/main.o
 .debug_frame   0x0000000000001110       0x44 build/default/debug/uart_remap.o

.debug_str      0x0000000000000000     0x113b
 *(.debug_str)
 .debug_str     0x0000000000000000      0xefb C:/Users/User/.mchp_packs/Microchip/AVR-Dx_DFP/2.7.321/xc8/avr/lib/avrxmega2/memx-const/mapped/crtavr64dd28.o
 .debug_str     0x0000000000000efb       0x11 build/default/debug/mcc_generated_files/adc/src/adc0.o
 .debug_str     0x0000000000000f0c       0x42 build/default/debug/mcc_generated_files/i2c_host/src/twi0.o
 .debug_str     0x0000000000000f4e       0x13 build/default/debug/mcc_generated_files/system/src/clock.o
 .debug_str     0x0000000000000f61       0x30 build/default/debug/mcc_generated_files/system/src/pins.o
 .debug_str     0x0000000000000f91       0x13 build/default/debug/mcc_generated_files/system/src/interrupt.o
 .debug_str     0x0000000000000fa4        0x0 build/default/debug/mcc_generated_files/system/src/config_bits.o
 .debug_str     0x0000000000000fa4       0xbe build/default/debug/mcc_generated_files/system/src/system.o
 .debug_str     0x0000000000001062       0x52 build/default/debug/mcc_generated_files/timer/src/tca0.o
 .debug_str     0x00000000000010b4       0x13 build/default/debug/mcc_generated_files/timer/src/tcd0.o
 .debug_str     0x00000000000010c7        0x0 build/default/debug/mcc_generated_files/timer/src/tcb0.o
 .debug_str     0x00000000000010c7       0x10 build/default/debug/mcc_generated_files/uart/src/usart1.o
 .debug_str     0x00000000000010d7       0x10 build/default/debug/mcc_generated_files/uart/src/usart0.o
 .debug_str     0x00000000000010e7        0x0 build/default/debug/mcc_generated_files/vref/src/vref.o
 .debug_str     0x00000000000010e7       0x36 build/default/debug/main.o
 .debug_str     0x000000000000111d       0x1e build/default/debug/uart_remap.o

.debug_loc      0x0000000000000000      0x87c
 *(.debug_loc)
 .debug_loc     0x0000000000000000      0x147 build/default/debug/mcc_generated_files/adc/src/adc0.o
 .debug_loc     0x0000000000000147      0x38c build/default/debug/mcc_generated_files/i2c_host/src/twi0.o
 .debug_loc     0x00000000000004d3      0x263 build/default/debug/mcc_generated_files/system/src/clock.o
 .debug_loc     0x0000000000000736       0x2a build/default/debug/mcc_generated_files/system/src/interrupt.o
 .debug_loc     0x0000000000000760       0x2a build/default/debug/mcc_generated_files/timer/src/tcd0.o
 .debug_loc     0x000000000000078a       0x3a build/default/debug/mcc_generated_files/uart/src/usart1.o
 .debug_loc     0x00000000000007c4       0x3a build/default/debug/mcc_generated_files/uart/src/usart0.o
 .debug_loc     0x00000000000007fe       0x7e build/default/debug/uart_remap.o

.debug_macinfo
 *(.debug_macinfo)

.debug_weaknames
 *(.debug_weaknames)

.debug_funcnames
 *(.debug_funcnames)

.debug_typenames
 *(.debug_typenames)

.debug_varnames
 *(.debug_varnames)

.debug_pubtypes
 *(.debug_pubtypes)

.debug_ranges   0x0000000000000000      0x678
 *(.debug_ranges)
 .debug_ranges  0x0000000000000000       0xb8 build/default/debug/mcc_generated_files/adc/src/adc0.o
 .debug_ranges  0x00000000000000b8       0xa8 build/default/debug/mcc_generated_files/i2c_host/src/twi0.o
 .debug_ranges  0x0000000000000160       0x20 build/default/debug/mcc_generated_files/system/src/clock.o
 .debug_ranges  0x0000000000000180      0x180 build/default/debug/mcc_generated_files/system/src/pins.o
 .debug_ranges  0x0000000000000300       0x10 build/default/debug/mcc_generated_files/system/src/interrupt.o
 .debug_ranges  0x0000000000000310       0x10 build/default/debug/mcc_generated_files/system/src/system.o
 .debug_ranges  0x0000000000000320       0xe0 build/default/debug/mcc_generated_files/timer/src/tca0.o
 .debug_ranges  0x0000000000000400       0x40 build/default/debug/mcc_generated_files/timer/src/tcd0.o
 .debug_ranges  0x0000000000000440       0x70 build/default/debug/mcc_generated_files/timer/src/tcb0.o
 .debug_ranges  0x00000000000004b0       0xc8 build/default/debug/mcc_generated_files/uart/src/usart1.o
 .debug_ranges  0x0000000000000578       0xc8 build/default/debug/mcc_generated_files/uart/src/usart0.o
 .debug_ranges  0x0000000000000640       0x10 build/default/debug/mcc_generated_files/vref/src/vref.o
 .debug_ranges  0x0000000000000650       0x10 build/default/debug/main.o
 .debug_ranges  0x0000000000000660       0x18 build/default/debug/uart_remap.o

.debug_macro
 *(.debug_macro)
OUTPUT(dist/default/debug/Balancer-AVR.X.debug.elf elf32-avr)
LOAD linker stubs
LOAD data_init

.note.gnu.avr.deviceinfo
                0x0000000000000000       0x3c
 .note.gnu.avr.deviceinfo
                0x0000000000000000       0x3c C:/Users/User/.mchp_packs/Microchip/AVR-Dx_DFP/2.7.321/xc8/avr/lib/avrxmega2/memx-const/mapped/crtavr64dd28.o

.bss.ADC0_resrdy_cb
                0x0000000000806010        0x2
 .bss.ADC0_resrdy_cb
                0x0000000000806010        0x2 build/default/debug/mcc_generated_files/adc/src/adc0.o
                0x0000000000806010                ADC0_resrdy_cb

.bss.ADC0_window_cb
                0x0000000000806012        0x2
 .bss.ADC0_window_cb
                0x0000000000806012        0x2 build/default/debug/mcc_generated_files/adc/src/adc0.o
                0x0000000000806012                ADC0_window_cb

.bss.TWI0_Callback
                0x0000000000806014        0x2
 .bss.TWI0_Callback
                0x0000000000806014        0x2 build/default/debug/mcc_generated_files/i2c_host/src/twi0.o

.bss.PA7_InterruptHandler
                0x0000000000806016        0x2
 .bss.PA7_InterruptHandler
                0x0000000000806016        0x2 build/default/debug/mcc_generated_files/system/src/pins.o

.bss.PA6_InterruptHandler
                0x0000000000806018        0x2
 .bss.PA6_InterruptHandler
                0x0000000000806018        0x2 build/default/debug/mcc_generated_files/system/src/pins.o

.bss.PA3_InterruptHandler
                0x000000000080601a        0x2
 .bss.PA3_InterruptHandler
                0x000000000080601a        0x2 build/default/debug/mcc_generated_files/system/src/pins.o

.bss.PA2_InterruptHandler
                0x000000000080601c        0x2
 .bss.PA2_InterruptHandler
                0x000000000080601c        0x2 build/default/debug/mcc_generated_files/system/src/pins.o

.bss.PA0_InterruptHandler
                0x000000000080601e        0x2
 .bss.PA0_InterruptHandler
                0x000000000080601e        0x2 build/default/debug/mcc_generated_files/system/src/pins.o

.bss.PA1_InterruptHandler
                0x0000000000806020        0x2
 .bss.PA1_InterruptHandler
                0x0000000000806020        0x2 build/default/debug/mcc_generated_files/system/src/pins.o

.bss.PC0_InterruptHandler
                0x0000000000806022        0x2
 .bss.PC0_InterruptHandler
                0x0000000000806022        0x2 build/default/debug/mcc_generated_files/system/src/pins.o

.bss.PC2_InterruptHandler
                0x0000000000806024        0x2
 .bss.PC2_InterruptHandler
                0x0000000000806024        0x2 build/default/debug/mcc_generated_files/system/src/pins.o

.bss.PC3_InterruptHandler
                0x0000000000806026        0x2
 .bss.PC3_InterruptHandler
                0x0000000000806026        0x2 build/default/debug/mcc_generated_files/system/src/pins.o

.bss.PD7_InterruptHandler
                0x0000000000806028        0x2
 .bss.PD7_InterruptHandler
                0x0000000000806028        0x2 build/default/debug/mcc_generated_files/system/src/pins.o

.bss.PD6_InterruptHandler
                0x000000000080602a        0x2
 .bss.PD6_InterruptHandler
                0x000000000080602a        0x2 build/default/debug/mcc_generated_files/system/src/pins.o

.bss.PD3_InterruptHandler
                0x000000000080602c        0x2
 .bss.PD3_InterruptHandler
                0x000000000080602c        0x2 build/default/debug/mcc_generated_files/system/src/pins.o

.bss.PD2_InterruptHandler
                0x000000000080602e        0x2
 .bss.PD2_InterruptHandler
                0x000000000080602e        0x2 build/default/debug/mcc_generated_files/system/src/pins.o

.bss.PD1_InterruptHandler
                0x0000000000806030        0x2
 .bss.PD1_InterruptHandler
                0x0000000000806030        0x2 build/default/debug/mcc_generated_files/system/src/pins.o

.bss.PC1_InterruptHandler
                0x0000000000806032        0x2
 .bss.PC1_InterruptHandler
                0x0000000000806032        0x2 build/default/debug/mcc_generated_files/system/src/pins.o

.bss.PD5_InterruptHandler
                0x0000000000806034        0x2
 .bss.PD5_InterruptHandler
                0x0000000000806034        0x2 build/default/debug/mcc_generated_files/system/src/pins.o

.bss.PD4_InterruptHandler
                0x0000000000806036        0x2
 .bss.PD4_InterruptHandler
                0x0000000000806036        0x2 build/default/debug/mcc_generated_files/system/src/pins.o

.bss.PA5_InterruptHandler
                0x0000000000806038        0x2
 .bss.PA5_InterruptHandler
                0x0000000000806038        0x2 build/default/debug/mcc_generated_files/system/src/pins.o

.bss.PA4_InterruptHandler
                0x000000000080603a        0x2
 .bss.PA4_InterruptHandler
                0x000000000080603a        0x2 build/default/debug/mcc_generated_files/system/src/pins.o

.bss.PF1_InterruptHandler
                0x000000000080603c        0x2
 .bss.PF1_InterruptHandler
                0x000000000080603c        0x2 build/default/debug/mcc_generated_files/system/src/pins.o

.bss.PF0_InterruptHandler
                0x000000000080603e        0x2
 .bss.PF0_InterruptHandler
                0x000000000080603e        0x2 build/default/debug/mcc_generated_files/system/src/pins.o

.bss.TCD0_OVF_isr_cb
                0x0000000000806048        0x2
 .bss.TCD0_OVF_isr_cb
                0x0000000000806048        0x2 build/default/debug/mcc_generated_files/timer/src/tcd0.o
                0x0000000000806048                TCD0_OVF_isr_cb

.bss.TCD0_TRIG_isr_cb
                0x000000000080604a        0x2
 .bss.TCD0_TRIG_isr_cb
                0x000000000080604a        0x2 build/default/debug/mcc_generated_files/timer/src/tcd0.o
                0x000000000080604a                TCD0_TRIG_isr_cb

.bss.USART1_ParityErrorHandler
                0x000000000080604c        0x2
 .bss.USART1_ParityErrorHandler
                0x000000000080604c        0x2 build/default/debug/mcc_generated_files/uart/src/usart1.o
                0x000000000080604c                USART1_ParityErrorHandler

.bss.USART1_OverrunErrorHandler
                0x000000000080604e        0x2
 .bss.USART1_OverrunErrorHandler
                0x000000000080604e        0x2 build/default/debug/mcc_generated_files/uart/src/usart1.o
                0x000000000080604e                USART1_OverrunErrorHandler

.bss.USART1_FramingErrorHandler
                0x0000000000806050        0x2
 .bss.USART1_FramingErrorHandler
                0x0000000000806050        0x2 build/default/debug/mcc_generated_files/uart/src/usart1.o
                0x0000000000806050                USART1_FramingErrorHandler

.bss.usart1RxLastError
                0x0000000000806052        0x2
 .bss.usart1RxLastError
                0x0000000000806052        0x2 build/default/debug/mcc_generated_files/uart/src/usart1.o

.bss.USART0_ParityErrorHandler
                0x0000000000806054        0x2
 .bss.USART0_ParityErrorHandler
                0x0000000000806054        0x2 build/default/debug/mcc_generated_files/uart/src/usart0.o
                0x0000000000806054                USART0_ParityErrorHandler

.bss.USART0_OverrunErrorHandler
                0x0000000000806056        0x2
 .bss.USART0_OverrunErrorHandler
                0x0000000000806056        0x2 build/default/debug/mcc_generated_files/uart/src/usart0.o
                0x0000000000806056                USART0_OverrunErrorHandler

.bss.USART0_FramingErrorHandler
                0x0000000000806058        0x2
 .bss.USART0_FramingErrorHandler
                0x0000000000806058        0x2 build/default/debug/mcc_generated_files/uart/src/usart0.o
                0x0000000000806058                USART0_FramingErrorHandler

.bss.usart0RxLastError
                0x000000000080605a        0x2
 .bss.usart0RxLastError
                0x000000000080605a        0x2 build/default/debug/mcc_generated_files/uart/src/usart0.o

.bss.__stdout   0x0000000000806060        0x2
 .bss.__stdout  0x0000000000806060        0x2 c:/program files/microchip/xc8/v3.00/avr/bin/../lib/gcc/avr/5.4.0/../../../../avr/lib/avrxmega2/memx-const/mapped\libc.a(stdout.o)

.text.PIN_MANAGER_Initialize
                0x000000000000011a      0x1b8
 .text.PIN_MANAGER_Initialize
                0x000000000000011a      0x1b8 build/default/debug/mcc_generated_files/system/src/pins.o
                0x000000000000011a                PIN_MANAGER_Initialize

.text.__vector_8
                0x00000000000002d2       0xb8
 .text.__vector_8
                0x00000000000002d2       0xb8 build/default/debug/mcc_generated_files/system/src/pins.o
                0x00000000000002d2                __vector_8

.text.__vector_24
                0x000000000000038a       0xaa
 .text.__vector_24
                0x000000000000038a       0xaa build/default/debug/mcc_generated_files/system/src/pins.o
                0x000000000000038a                __vector_24

.text.CLOCK_Initialize
                0x0000000000000434       0x9c
 .text.CLOCK_Initialize
                0x0000000000000434       0x9c build/default/debug/mcc_generated_files/system/src/clock.o
                0x0000000000000434                CLOCK_Initialize

.text.__vector_29
                0x00000000000004d0       0x80
 .text.__vector_29
                0x00000000000004d0       0x80 build/default/debug/mcc_generated_files/system/src/pins.o
                0x00000000000004d0                __vector_29

.text.__vector_34
                0x0000000000000550       0x64
 .text.__vector_34
                0x0000000000000550       0x64 build/default/debug/mcc_generated_files/system/src/pins.o
                0x0000000000000550                __vector_34

.text.TCD0_Initialize
                0x00000000000005b4       0x5e
 .text.TCD0_Initialize
                0x00000000000005b4       0x5e build/default/debug/mcc_generated_files/timer/src/tcd0.o
                0x00000000000005b4                TCD0_Initialize

.text.__vector_27
                0x0000000000000612       0x58
 .text.__vector_27
                0x0000000000000612       0x58 build/default/debug/mcc_generated_files/adc/src/adc0.o
                0x0000000000000612                __vector_27

.text.__vector_26
                0x000000000000066a       0x58
 .text.__vector_26
                0x000000000000066a       0x58 build/default/debug/mcc_generated_files/adc/src/adc0.o
                0x000000000000066a                __vector_26

.text.__vector_11
                0x00000000000006c2       0x58
 .text.__vector_11
                0x00000000000006c2       0x58 build/default/debug/mcc_generated_files/timer/src/tca0.o
                0x00000000000006c2                __vector_11

.text.__vector_12
                0x000000000000071a       0x58
 .text.__vector_12
                0x000000000000071a       0x58 build/default/debug/mcc_generated_files/timer/src/tca0.o
                0x000000000000071a                __vector_12

.text.__vector_13
                0x0000000000000772       0x58
 .text.__vector_13
                0x0000000000000772       0x58 build/default/debug/mcc_generated_files/timer/src/tca0.o
                0x0000000000000772                __vector_13

.text.__vector_9
                0x00000000000007ca       0x58
 .text.__vector_9
                0x00000000000007ca       0x58 build/default/debug/mcc_generated_files/timer/src/tca0.o
                0x00000000000007ca                __vector_9

.text.__vector_16
                0x0000000000000822       0x58
 .text.__vector_16
                0x0000000000000822       0x58 build/default/debug/mcc_generated_files/timer/src/tcd0.o
                0x0000000000000822                __vector_16

.text.__vector_17
                0x000000000000087a       0x58
 .text.__vector_17
                0x000000000000087a       0x58 build/default/debug/mcc_generated_files/timer/src/tcd0.o
                0x000000000000087a                __vector_17

.text.USART1_Initialize
                0x00000000000008d2       0x4c
 .text.USART1_Initialize
                0x00000000000008d2       0x4c build/default/debug/mcc_generated_files/uart/src/usart1.o
                0x00000000000008d2                USART1_Initialize

.text.USART0_Initialize
                0x000000000000091e       0x4c
 .text.USART0_Initialize
                0x000000000000091e       0x4c build/default/debug/mcc_generated_files/uart/src/usart0.o
                0x000000000000091e                USART0_Initialize

.text.TCA0_Initialize
                0x000000000000096a       0x3e
 .text.TCA0_Initialize
                0x000000000000096a       0x3e build/default/debug/mcc_generated_files/timer/src/tca0.o
                0x000000000000096a                TCA0_Initialize

.text.TWI0_Initialize
                0x00000000000009a8       0x32
 .text.TWI0_Initialize
                0x00000000000009a8       0x32 build/default/debug/mcc_generated_files/i2c_host/src/twi0.o
                0x00000000000009a8                TWI0_Initialize

.text.ADC0_Initialize
                0x00000000000009da       0x30
 .text.ADC0_Initialize
                0x00000000000009da       0x30 build/default/debug/mcc_generated_files/adc/src/adc0.o
                0x00000000000009da                ADC0_Initialize

.text.SYSTEM_Initialize
                0x0000000000000a0a       0x2e
 .text.SYSTEM_Initialize
                0x0000000000000a0a       0x2e build/default/debug/mcc_generated_files/system/src/system.o
                0x0000000000000a0a                SYSTEM_Initialize

.text.TCB0_Initialize
                0x0000000000000a38       0x22
 .text.TCB0_Initialize
                0x0000000000000a38       0x22 build/default/debug/mcc_generated_files/timer/src/tcb0.o
                0x0000000000000a38                TCB0_Initialize

.text.main      0x0000000000000a5a       0x22
 .text.main     0x0000000000000a5a       0x22 build/default/debug/main.o
                0x0000000000000a5a                main

.text.uart_putchar
                0x0000000000000a7c       0x1c
 .text.uart_putchar
                0x0000000000000a7c       0x1c build/default/debug/uart_remap.o

.text.CPUINT_Initialize
                0x0000000000000a98       0x1a
 .text.CPUINT_Initialize
                0x0000000000000a98       0x1a build/default/debug/mcc_generated_files/system/src/interrupt.o
                0x0000000000000a98                CPUINT_Initialize

.text.UART_TX   0x0000000000000ab2       0x16
 .text.UART_TX  0x0000000000000ab2       0x16 build/default/debug/uart_remap.o
                0x0000000000000ab2                UART_TX

.text.exit      0x0000000000000ac8       0x16
 .text.exit     0x0000000000000ac8       0x16 c:/program files/microchip/xc8/v3.00/avr/bin/../lib/gcc/avr/5.4.0/../../../../avr/lib/avrxmega2/memx-const/mapped\libc.a(exit.o)
                0x0000000000000ac8                exit

.text.VREF_Initialize
                0x0000000000000ade       0x10
 .text.VREF_Initialize
                0x0000000000000ade       0x10 build/default/debug/mcc_generated_files/vref/src/vref.o
                0x0000000000000ade                VREF_Initialize

.text.USART0_TransmitEnable
                0x0000000000000aee        0xc
 .text.USART0_TransmitEnable
                0x0000000000000aee        0xc build/default/debug/mcc_generated_files/uart/src/usart0.o
                0x0000000000000aee                USART0_TransmitEnable

.text.USART0_IsTxReady
                0x0000000000000afa        0xc
 .text.USART0_IsTxReady
                0x0000000000000afa        0xc build/default/debug/mcc_generated_files/uart/src/usart0.o
                0x0000000000000afa                USART0_IsTxReady

.text.USART0_Enable
                0x0000000000000b06        0xc
 .text.USART0_Enable
                0x0000000000000b06        0xc build/default/debug/mcc_generated_files/uart/src/usart0.o
                0x0000000000000b06                USART0_Enable

.text.protected_write_io
                0x0000000000000b12        0x8
 .text.protected_write_io
                0x0000000000000b12        0x8 build/default/debug/mcc_generated_files/system/src/protected_io.o
                0x0000000000000b12                protected_write_io

.text.USART0_Write
                0x0000000000000b1a        0x6
 .text.USART0_Write
                0x0000000000000b1a        0x6 build/default/debug/mcc_generated_files/uart/src/usart0.o
                0x0000000000000b1a                USART0_Write

.text           0x0000000000000b20        0x4
 .text          0x0000000000000b20        0x4 C:/Users/User/.mchp_packs/Microchip/AVR-Dx_DFP/2.7.321/xc8/avr/lib/avrxmega2/memx-const/mapped/crtavr64dd28.o
                0x0000000000000b20                __vector_22
                0x0000000000000b20                __vector_28
                0x0000000000000b20                __vector_1
                0x0000000000000b20                __vector_32
                0x0000000000000b20                __bad_interrupt
                0x0000000000000b20                __vector_6
                0x0000000000000b20                __vector_31
                0x0000000000000b20                __vector_35
                0x0000000000000b20                __vector_3
                0x0000000000000b20                __vector_23
                0x0000000000000b20                __vector_30
                0x0000000000000b20                __vector_25
                0x0000000000000b20                __vector_19
                0x0000000000000b20                __vector_7
                0x0000000000000b20                __vector_5
                0x0000000000000b20                __vector_33
                0x0000000000000b20                __vector_4
                0x0000000000000b20                __vector_2
                0x0000000000000b20                __vector_21
                0x0000000000000b20                __vector_15
                0x0000000000000b20                __vector_14
                0x0000000000000b20                __vector_10
                0x0000000000000b20                __vector_18
                0x0000000000000b20                __vector_20

.text._Exit     0x0000000000000b24        0x4
 .text._Exit    0x0000000000000b24        0x4 c:/program files/microchip/xc8/v3.00/avr/bin/../lib/gcc/avr/5.4.0/../../../../avr/lib/avrxmega2/memx-const/mapped\libc.a(_Exit.o)
                0x0000000000000b24                _Exit

.text.TWI0_DefaultCallback
                0x0000000000000b28        0x2
 .text.TWI0_DefaultCallback
                0x0000000000000b28        0x2 build/default/debug/mcc_generated_files/i2c_host/src/twi0.o

.text.PF0_DefaultInterruptHandler
                0x0000000000000b2a        0x2
 .text.PF0_DefaultInterruptHandler
                0x0000000000000b2a        0x2 build/default/debug/mcc_generated_files/system/src/pins.o
                0x0000000000000b2a                PF0_DefaultInterruptHandler

.text.PF1_DefaultInterruptHandler
                0x0000000000000b2c        0x2
 .text.PF1_DefaultInterruptHandler
                0x0000000000000b2c        0x2 build/default/debug/mcc_generated_files/system/src/pins.o
                0x0000000000000b2c                PF1_DefaultInterruptHandler

.text.PA4_DefaultInterruptHandler
                0x0000000000000b2e        0x2
 .text.PA4_DefaultInterruptHandler
                0x0000000000000b2e        0x2 build/default/debug/mcc_generated_files/system/src/pins.o
                0x0000000000000b2e                PA4_DefaultInterruptHandler

.text.PA5_DefaultInterruptHandler
                0x0000000000000b30        0x2
 .text.PA5_DefaultInterruptHandler
                0x0000000000000b30        0x2 build/default/debug/mcc_generated_files/system/src/pins.o
                0x0000000000000b30                PA5_DefaultInterruptHandler

.text.PD4_DefaultInterruptHandler
                0x0000000000000b32        0x2
 .text.PD4_DefaultInterruptHandler
                0x0000000000000b32        0x2 build/default/debug/mcc_generated_files/system/src/pins.o
                0x0000000000000b32                PD4_DefaultInterruptHandler

.text.PD5_DefaultInterruptHandler
                0x0000000000000b34        0x2
 .text.PD5_DefaultInterruptHandler
                0x0000000000000b34        0x2 build/default/debug/mcc_generated_files/system/src/pins.o
                0x0000000000000b34                PD5_DefaultInterruptHandler

.text.PC1_DefaultInterruptHandler
                0x0000000000000b36        0x2
 .text.PC1_DefaultInterruptHandler
                0x0000000000000b36        0x2 build/default/debug/mcc_generated_files/system/src/pins.o
                0x0000000000000b36                PC1_DefaultInterruptHandler

.text.PD1_DefaultInterruptHandler
                0x0000000000000b38        0x2
 .text.PD1_DefaultInterruptHandler
                0x0000000000000b38        0x2 build/default/debug/mcc_generated_files/system/src/pins.o
                0x0000000000000b38                PD1_DefaultInterruptHandler

.text.PD2_DefaultInterruptHandler
                0x0000000000000b3a        0x2
 .text.PD2_DefaultInterruptHandler
                0x0000000000000b3a        0x2 build/default/debug/mcc_generated_files/system/src/pins.o
                0x0000000000000b3a                PD2_DefaultInterruptHandler

.text.PD3_DefaultInterruptHandler
                0x0000000000000b3c        0x2
 .text.PD3_DefaultInterruptHandler
                0x0000000000000b3c        0x2 build/default/debug/mcc_generated_files/system/src/pins.o
                0x0000000000000b3c                PD3_DefaultInterruptHandler

.text.PD6_DefaultInterruptHandler
                0x0000000000000b3e        0x2
 .text.PD6_DefaultInterruptHandler
                0x0000000000000b3e        0x2 build/default/debug/mcc_generated_files/system/src/pins.o
                0x0000000000000b3e                PD6_DefaultInterruptHandler

.text.PD7_DefaultInterruptHandler
                0x0000000000000b40        0x2
 .text.PD7_DefaultInterruptHandler
                0x0000000000000b40        0x2 build/default/debug/mcc_generated_files/system/src/pins.o
                0x0000000000000b40                PD7_DefaultInterruptHandler

.text.PC3_DefaultInterruptHandler
                0x0000000000000b42        0x2
 .text.PC3_DefaultInterruptHandler
                0x0000000000000b42        0x2 build/default/debug/mcc_generated_files/system/src/pins.o
                0x0000000000000b42                PC3_DefaultInterruptHandler

.text.PC2_DefaultInterruptHandler
                0x0000000000000b44        0x2
 .text.PC2_DefaultInterruptHandler
                0x0000000000000b44        0x2 build/default/debug/mcc_generated_files/system/src/pins.o
                0x0000000000000b44                PC2_DefaultInterruptHandler

.text.PC0_DefaultInterruptHandler
                0x0000000000000b46        0x2
 .text.PC0_DefaultInterruptHandler
                0x0000000000000b46        0x2 build/default/debug/mcc_generated_files/system/src/pins.o
                0x0000000000000b46                PC0_DefaultInterruptHandler

.text.PA1_DefaultInterruptHandler
                0x0000000000000b48        0x2
 .text.PA1_DefaultInterruptHandler
                0x0000000000000b48        0x2 build/default/debug/mcc_generated_files/system/src/pins.o
                0x0000000000000b48                PA1_DefaultInterruptHandler

.text.PA0_DefaultInterruptHandler
                0x0000000000000b4a        0x2
 .text.PA0_DefaultInterruptHandler
                0x0000000000000b4a        0x2 build/default/debug/mcc_generated_files/system/src/pins.o
                0x0000000000000b4a                PA0_DefaultInterruptHandler

.text.PA2_DefaultInterruptHandler
                0x0000000000000b4c        0x2
 .text.PA2_DefaultInterruptHandler
                0x0000000000000b4c        0x2 build/default/debug/mcc_generated_files/system/src/pins.o
                0x0000000000000b4c                PA2_DefaultInterruptHandler

.text.PA3_DefaultInterruptHandler
                0x0000000000000b4e        0x2
 .text.PA3_DefaultInterruptHandler
                0x0000000000000b4e        0x2 build/default/debug/mcc_generated_files/system/src/pins.o
                0x0000000000000b4e                PA3_DefaultInterruptHandler

.text.PA6_DefaultInterruptHandler
                0x0000000000000b50        0x2
 .text.PA6_DefaultInterruptHandler
                0x0000000000000b50        0x2 build/default/debug/mcc_generated_files/system/src/pins.o
                0x0000000000000b50                PA6_DefaultInterruptHandler

.text.PA7_DefaultInterruptHandler
                0x0000000000000b52        0x2
 .text.PA7_DefaultInterruptHandler
                0x0000000000000b52        0x2 build/default/debug/mcc_generated_files/system/src/pins.o
                0x0000000000000b52                PA7_DefaultInterruptHandler

.text.TCA0_DefaultCompare0CallbackRegister
                0x0000000000000b54        0x2
 .text.TCA0_DefaultCompare0CallbackRegister
                0x0000000000000b54        0x2 build/default/debug/mcc_generated_files/timer/src/tca0.o
                0x0000000000000b54                TCA0_DefaultCompare0CallbackRegister

.text.TCA0_DefaultCompare1CallbackRegister
                0x0000000000000b56        0x2
 .text.TCA0_DefaultCompare1CallbackRegister
                0x0000000000000b56        0x2 build/default/debug/mcc_generated_files/timer/src/tca0.o
                0x0000000000000b56                TCA0_DefaultCompare1CallbackRegister

.text.TCA0_DefaultCompare2CallbackRegister
                0x0000000000000b58        0x2
 .text.TCA0_DefaultCompare2CallbackRegister
                0x0000000000000b58        0x2 build/default/debug/mcc_generated_files/timer/src/tca0.o
                0x0000000000000b58                TCA0_DefaultCompare2CallbackRegister

.text.TCA0_DefaultOverflowCallbackRegister
                0x0000000000000b5a        0x2
 .text.TCA0_DefaultOverflowCallbackRegister
                0x0000000000000b5a        0x2 build/default/debug/mcc_generated_files/timer/src/tca0.o
                0x0000000000000b5a                TCA0_DefaultOverflowCallbackRegister

.text.USART1_DefaultFramingErrorCallback
                0x0000000000000b5c        0x2
 .text.USART1_DefaultFramingErrorCallback
                0x0000000000000b5c        0x2 build/default/debug/mcc_generated_files/uart/src/usart1.o

.text.USART1_DefaultOverrunErrorCallback
                0x0000000000000b5e        0x2
 .text.USART1_DefaultOverrunErrorCallback
                0x0000000000000b5e        0x2 build/default/debug/mcc_generated_files/uart/src/usart1.o

.text.USART1_DefaultParityErrorCallback
                0x0000000000000b60        0x2
 .text.USART1_DefaultParityErrorCallback
                0x0000000000000b60        0x2 build/default/debug/mcc_generated_files/uart/src/usart1.o

.text.USART0_DefaultFramingErrorCallback
                0x0000000000000b62        0x2
 .text.USART0_DefaultFramingErrorCallback
                0x0000000000000b62        0x2 build/default/debug/mcc_generated_files/uart/src/usart0.o

.text.USART0_DefaultOverrunErrorCallback
                0x0000000000000b64        0x2
 .text.USART0_DefaultOverrunErrorCallback
                0x0000000000000b64        0x2 build/default/debug/mcc_generated_files/uart/src/usart0.o

.text.USART0_DefaultParityErrorCallback
                0x0000000000000b66        0x2
 .text.USART0_DefaultParityErrorCallback
                0x0000000000000b66        0x2 build/default/debug/mcc_generated_files/uart/src/usart0.o

.text.__dummy_fini
                0x0000000000000b68        0x2
 .text.__dummy_fini
                0x0000000000000b68        0x2 c:/program files/microchip/xc8/v3.00/avr/bin/../lib/gcc/avr/5.4.0/../../../../avr/lib/avrxmega2/memx-const/mapped\libc.a(exit.o)
                0x0000000000000b68                _fini

.text.__dummy_funcs_on_exit
                0x0000000000000b6a        0x2
 .text.__dummy_funcs_on_exit
                0x0000000000000b6a        0x2 c:/program files/microchip/xc8/v3.00/avr/bin/../lib/gcc/avr/5.4.0/../../../../avr/lib/avrxmega2/memx-const/mapped\libc.a(exit.o)
                0x0000000000000b6a                __funcs_on_exit

.text.__dummy_simulator_exit
                0x0000000000000b6c        0x2
 .text.__dummy_simulator_exit
                0x0000000000000b6c        0x2 c:/program files/microchip/xc8/v3.00/avr/bin/../lib/gcc/avr/5.4.0/../../../../avr/lib/avrxmega2/memx-const/mapped\libc.a(exit.o)
                0x0000000000000b6c                __simulator_exit

.data.mystdout  0x0000000000806000       0x10 load address 0x0000000000000b6e
 .data.mystdout
                0x0000000000806000       0x10 build/default/debug/uart_remap.o

.data.TCA0_OVF_isr_cb
                0x0000000000806040        0x2 load address 0x0000000000000b7e
 .data.TCA0_OVF_isr_cb
                0x0000000000806040        0x2 build/default/debug/mcc_generated_files/timer/src/tca0.o
                0x0000000000806040                TCA0_OVF_isr_cb

.data.TCA0_CMP2_isr_cb
                0x0000000000806042        0x2 load address 0x0000000000000b80
 .data.TCA0_CMP2_isr_cb
                0x0000000000806042        0x2 build/default/debug/mcc_generated_files/timer/src/tca0.o
                0x0000000000806042                TCA0_CMP2_isr_cb

.data.TCA0_CMP1_isr_cb
                0x0000000000806044        0x2 load address 0x0000000000000b82
 .data.TCA0_CMP1_isr_cb
                0x0000000000806044        0x2 build/default/debug/mcc_generated_files/timer/src/tca0.o
                0x0000000000806044                TCA0_CMP1_isr_cb

.data.TCA0_CMP0_isr_cb
                0x0000000000806046        0x2 load address 0x0000000000000b84
 .data.TCA0_CMP0_isr_cb
                0x0000000000806046        0x2 build/default/debug/mcc_generated_files/timer/src/tca0.o
                0x0000000000806046                TCA0_CMP0_isr_cb

.data.stdout_ptr
                0x000000000080605c        0x2 load address 0x0000000000000b86
 .data.stdout_ptr
                0x000000000080605c        0x2 build/default/debug/uart_remap.o
                0x000000000080605c                stdout_ptr

.data._stdout   0x000000000080605e        0x2 load address 0x0000000000000b88
 .data._stdout  0x000000000080605e        0x2 c:/program files/microchip/xc8/v3.00/avr/bin/../lib/gcc/avr/5.4.0/../../../../avr/lib/avrxmega2/memx-const/mapped\libc.a(stdout.o)
                0x000000000080605e                _stdout
