Microchip MPLAB XC8 Compiler V2.50

Linker command line:

-W-3 \
  --edf=C:\Program Files\Microchip\xc8\v2.50\pic\dat\20240725155939_en.msgs \
  -cn -h+dist/default/debug\Balancer.X.debug.sym \
  --cmf=dist/default/debug\Balancer.X.debug.cmf -z -Q16F886 \
  -oC:\Users\User\AppData\Local\Temp\xcAs95o.\driver_tmp_3.o \
  --defsym=__MPLAB_BUILD=1 --fixupoverflow=error \
  -Mdist/default/debug/Balancer.X.debug.map \
  --md=C:\Users\User\AppData\Local\Temp\xcAs95o.\driver_tmp_0.dat -E1 \
  -ver=XC8 Compiler --acfsm=1493 -ACODE=00h-07FFhx3,01800h-01EFFh \
  -ASTRCODE=00h-01EFFh -ASTRING=00h-0FFhx31 -ACONST=00h-0FFhx31 \
  -AENTRY=00h-0FFhx31 -ACOMMON=071h-07Fh -ABANK0=020h-06Fh \
  -ABANK1=0A0h-0EFh -ABANK2=0110h-016Fh -ABANK3=0190h-01E4h \
  -ARAM=020h-06Fh,0A0h-0EFh,0110h-016Fh,0190h-01E4h \
  -AABS1=020h-07Fh,0A0h-0EFh,0110h-016Fh,0190h-01EFh -ASFR0=00h-01Fh \
  -ASFR1=080h-09Fh -ASFR2=0100h-010Fh -ASFR3=0180h-018Fh \
  -ACONFIG=02007h-02008h -DCONFIG=2 -AIDLOC=02000h-02003h -DIDLOC=2 \
  -AEEDATA=00h-0FFh/02100h -peeprom_data=EEDATA -DEEDATA=2 -DCODE=2 \
  -DSTRCODE=2 -DSTRING=2 -DCONST=2 -DENTRY=2 \
  -preset_vec=00h,intentry=04h,sivt,init,end_init -ppowerup=CODE \
  -pcinit=CODE -pfunctab=ENTRY -k \
  C:\Users\User\AppData\Local\Temp\xcAs95o.\driver_tmp_12.o \
  dist/default/debug\Balancer.X.debug.o 

Object code version is 3.11

Machine type is 16F886



                Name                               Link     Load   Length Selector   Space Scale
C:\Users\User\AppData\Local\Temp\xcAs95o.\driver_tmp_12.o
                end_init                              C        C        3        8       0
                reset_vec                             0        0        4        0       0
                config                             2007     2007        2        0       4
dist/default/debug\Balancer.X.debug.o
                cinit                               7F6      7F6        A      FEC       0
                intentry                              4        4        8        8       0
                config                             2007     2007        2        0       4
                text22                              F88      F88       34     1F10       0
                text21                              F1C      F1C       1B     1E38       0
                text20                              F5E      F5E       2A     1EBC       0
                text19                              EE2      EE2        9     1DC4       0
                text18                              EEB      EEB        9     1DD6       0
                text17                              EF4      EF4        A     1DE8       0
                text16                              1F5      1F5       A9      3EA       0
                text15                               A6       A6       5A      14C       0
                text14                              33C      33C       8B      3EA       0
                text13                              29E      29E       9E      3EA       0
                text12                              513      513       5E      3EA       0
                text11                              4AD      4AD       66      3EA       0
                text10                               10       10       48       20       0
                text9                                58       58       4E       B0       0
                text8                               F37      F37       27     1E6E       0
                text7                               6A9      6A9      14D      D52       0
                text6                               FBC      FBC       44     1F78       0
                text5                               5A1      5A1      108      B42       0
                text4                               571      571       2A      3EA       0
                text3                               EFE      EFE        E     1DFC       0
                text2                               F0C      F0C       10     1E18       0
                text1                               446      446       67      3EA       0
                maintext                            3C7      3C7       7F      3EA       0
                cstackBANK0                          20       20       46       20       1
                cstackCOMMON                         71       71        9       71       1
                cstackBANK1                          A0       A0        E       A0       1
                bssBANK0                             66       66        2       20       1
                bssCOMMON                            7A       7A        2       71       1
                strings                             100      100       F5      200       0

TOTAL           Name                               Link     Load   Length     Space
        CLASS   CODE           
                end_init                              C        C        3         0
                cinit                               7F6      7F6        A         0
                intentry                              4        4        8         0
                reset_vec                             0        0        4         0
                text22                              F88      F88       34         0
                text21                              F1C      F1C       1B         0
                text20                              F5E      F5E       2A         0
                text19                              EE2      EE2        9         0
                text18                              EEB      EEB        9         0
                text17                              EF4      EF4        A         0
                text16                              1F5      1F5       A9         0
                text15                               A6       A6       5A         0
                text14                              33C      33C       8B         0
                text13                              29E      29E       9E         0
                text12                              513      513       5E         0
                text11                              4AD      4AD       66         0
                text10                               10       10       48         0
                text9                                58       58       4E         0
                text8                               F37      F37       27         0
                text7                               6A9      6A9      14D         0
                text6                               FBC      FBC       44         0
                text5                               5A1      5A1      108         0
                text4                               571      571       2A         0
                text3                               EFE      EFE        E         0
                text2                               F0C      F0C       10         0
                text1                               446      446       67         0
                maintext                            3C7      3C7       7F         0

        CLASS   STRCODE        

        CLASS   STRING         
                strings                             100      100       F5         0

        CLASS   CONST          

        CLASS   ENTRY          

        CLASS   COMMON         
                cstackCOMMON                         71       71        9         1
                bssCOMMON                            7A       7A        2         1

        CLASS   BANK0          
                cstackBANK0                          20       20       46         1
                bssBANK0                             66       66        2         1

        CLASS   BANK1          
                cstackBANK1                          A0       A0        E         1

        CLASS   BANK2          

        CLASS   BANK3          

        CLASS   RAM            

        CLASS   ABS1           
                abs_s1                               7E       7E        2         1

        CLASS   SFR0           

        CLASS   SFR1           

        CLASS   SFR2           

        CLASS   SFR3           

        CLASS   CONFIG         
                config                             2007     2007        2         4

        CLASS   IDLOC          

        CLASS   EEDATA         

        CLASS   HEAP           

        CLASS   STACK          



SEGMENTS        Name                           Load    Length   Top    Selector   Space  Class     Delta

                reset_vec                      000000  000004  000004         0       0  CODE        2
                intentry                       000004  00000B  00000F         8       0  CODE        2
                cstackBANK0                    000020  000048  000068        20       1  BANK0       1
                text10                         000010  000048  000058        20       0  CODE        2
                cstackCOMMON                   000071  00000B  00007C        71       1  COMMON      1
                cstackBANK1                    0000A0  00000E  0000AE        A0       1  BANK1       1
                text9                          000058  00004E  0000A6        B0       0  CODE        2
                text15                         0000A6  00005A  000100       14C       0  CODE        2
                strings                        000100  0000F5  0001F5       200       0  STRING      2
                text16                         0001F5  0003A6  00059B       3EA       0  CODE        2
                text5                          0005A1  000108  0006A9       B42       0  CODE        2
                text7                          0006A9  00014D  0007F6       D52       0  CODE        2
                cinit                          0007F6  00000A  000800       FEC       0  CODE        2
                text19                         000EE2  000009  000EEB      1DC4       0  CODE        2
                text18                         000EEB  000009  000EF4      1DD6       0  CODE        2
                text17                         000EF4  00000A  000EFE      1DE8       0  CODE        2
                text3                          000EFE  00000E  000F0C      1DFC       0  CODE        2
                text2                          000F0C  000010  000F1C      1E18       0  CODE        2
                text21                         000F1C  00001B  000F37      1E38       0  CODE        2
                text8                          000F37  000027  000F5E      1E6E       0  CODE        2
                text20                         000F5E  00002A  000F88      1EBC       0  CODE        2
                text22                         000F88  000034  000FBC      1F10       0  CODE        2
                text6                          000FBC  000044  001000      1F78       0  CODE        2


UNUSED ADDRESS RANGES

        Name                Unused          Largest block    Delta
        BANK0            0068-006F              8           1
        BANK1            00AE-00EF             42           1
        BANK2            0110-016F             60           1
        BANK3            0190-01E4             55           1
        CODE             000F-000F              1           2
                         059B-05A0              6
                         0800-0EE1            6E2
                         1000-1EFF            800
        COMMON           007C-007D              2           1
        CONST            000F-000F              1           2
                         059B-05A0              6
                         0800-0EE1            100
                         1000-1EFF            100
        EEDATA           2100-21FF            100           2
        ENTRY            000F-000F              1           2
                         059B-05A0              6
                         0800-0EE1            100
                         1000-1EFF            100
        IDLOC            2000-2003              4           2
        RAM              0068-006F              8           1
                         00AE-00EF             42
                         0110-016F             60
                         0190-01E4             55
        SFR0             0000-001F             20           1
        SFR1             0080-009F             20           1
        SFR2             0100-010F             10           1
        SFR3             0180-018F             10           1
        STRCODE          000F-000F              1           2
                         059B-05A0              6
                         0800-0EE1            6E2
                         1000-1EFF            F00
        STRING           000F-000F              1           2
                         059B-05A0              6
                         0800-0EE1            100
                         1000-1EFF            100

                                  Symbol Table

?_AutoFox_INA226_GetBusVoltage_V                                                   cstackBANK0  0035
?___lldiv                                                                          cstackBANK0  0028
?___lmul                                                                           cstackBANK0  0020
AutoFox_INA226_CheckI2cAddress@aI2C_Address                                        cstackCOMMON 0077
AutoFox_INA226_ConfigureNumSampleAveraging@aIndexToSampleAverageTable              cstackBANK0  002B
AutoFox_INA226_ConfigureNumSampleAveraging@s                                       cstackBANK0  0031
AutoFox_INA226_ConfigureNumSampleAveraging@this                                    cstackBANK0  0029
AutoFox_INA226_ConfigureVoltageConversionTime@aIndexToConversionTimeTable          cstackBANK0  002B
AutoFox_INA226_ConfigureVoltageConversionTime@s                                    cstackBANK0  0033
AutoFox_INA226_ConfigureVoltageConversionTime@theMergedBusAndShuntConvTimeIndicies cstackBANK0  0031
AutoFox_INA226_ConfigureVoltageConversionTime@this                                 cstackBANK0  0029
AutoFox_INA226_Constructor@this                                                    cstackCOMMON 0073
AutoFox_INA226_GetBusVoltage_V@theRegisterValue                                    cstackBANK0  0037
AutoFox_INA226_GetBusVoltage_V@this                                                cstackBANK0  0035
AutoFox_INA226_Init@aI2C_Address                                                   cstackBANK0  004F
AutoFox_INA226_Init@aMaxCurrent_Amps                                               cstackBANK0  0052
AutoFox_INA226_Init@aShuntResistor_mOhms                                           cstackBANK0  0050
AutoFox_INA226_Init@s                                                              cstackBANK0  005A
AutoFox_INA226_Init@s_844                                                          cstackBANK0  005B
AutoFox_INA226_Init@s_845                                                          cstackBANK0  005C
AutoFox_INA226_Init@s_846                                                          cstackBANK0  005D
AutoFox_INA226_Init@s_847                                                          cstackBANK0  005E
AutoFox_INA226_Init@s_848                                                          cstackBANK0  005F
AutoFox_INA226_Init@s_849                                                          cstackBANK0  0060
AutoFox_INA226_Init@theINA226_ID                                                   cstackBANK0  0061
AutoFox_INA226_Init@this                                                           cstackBANK0  004D
AutoFox_INA226_ReadRegister@aRegister                                              cstackBANK0  0022
AutoFox_INA226_ReadRegister@aValue_p                                               cstackBANK0  0023
AutoFox_INA226_ReadRegister@this                                                   cstackBANK0  0020
AutoFox_INA226_WriteRegister@aRegister                                             cstackCOMMON 0077
AutoFox_INA226_WriteRegister@aValue                                                cstackCOMMON 0078
AutoFox_INA226_WriteRegister@buffer                                                cstackBANK0  0024
AutoFox_INA226_WriteRegister@this                                                  cstackCOMMON 0075
AutoFox_INA226_setupCalibration@aMaxCurrent_Amps                                   cstackBANK0  0039
AutoFox_INA226_setupCalibration@aShuntResistor_mOhms                               cstackBANK0  0037
AutoFox_INA226_setupCalibration@theCal                                             cstackBANK0  0045
AutoFox_INA226_setupCalibration@theCurrentLSB_uA                                   cstackBANK0  0049
AutoFox_INA226_setupCalibration@this                                               cstackBANK0  0035
I2C_Master_Read@ack                                                                cstackCOMMON 0077
I2C_Master_Read@data                                                               cstackCOMMON 0075
I2C_Master_Write@data                                                              cstackCOMMON 0073
SendErrorStatus@err                                                                cstackCOMMON 0078
SendErrorStatus@errorMsg                                                           cstackCOMMON 0079
SendUART_debug@data                                                                cstackCOMMON 0074
SendUART_debug@i                                                                   cstackCOMMON 0075
_ACKDT                                                                             (abs)        048D
_ACKEN                                                                             (abs)        048C
_ACKSTAT                                                                           (abs)        048E
_ANSEL                                                                             (abs)        0188
_ANSELH                                                                            (abs)        0189
_AutoFox_INA226_CheckI2cAddress                                                    text8        0F37
_AutoFox_INA226_ConfigureNumSampleAveraging                                        text14       033C
_AutoFox_INA226_ConfigureVoltageConversionTime                                     text13       029E
_AutoFox_INA226_Constructor                                                        text12       0513
_AutoFox_INA226_GetBusVoltage_V                                                    text9        0058
_AutoFox_INA226_Init                                                               text5        05A1
_AutoFox_INA226_ReadRegister                                                       text16       01F5
_AutoFox_INA226_WriteRegister                                                      text15       00A6
_AutoFox_INA226_setupCalibration                                                   text7        06A9
_Global_Init                                                                       text4        0571
_I2C_Init                                                                          text3        0EFE
_I2C_Master_Read                                                                   text20       0F5E
_I2C_Master_Start                                                                  text19       0EE2
_I2C_Master_Stop                                                                   text18       0EEB
_I2C_Master_Wait                                                                   text21       0F1C
_I2C_Master_Write                                                                  text17       0EF4
_INTCONbits                                                                        (abs)        000B
_ISR                                                                               text22       0F88
_Interrupt_Init                                                                    text2        0F0C
_OPTION_REGbits                                                                    (abs)        0081
_OSCCONbits                                                                        (abs)        008F
_PORTAbits                                                                         (abs)        0005
_PORTBbits                                                                         (abs)        0006
_PORTCbits                                                                         (abs)        0007
_RCEN                                                                              (abs)        048B
_RCSTAbits                                                                         (abs)        0018
_SPBRG                                                                             (abs)        0099
_SSPADD                                                                            (abs)        0093
_SSPBUF                                                                            (abs)        0013
_SSPCON2                                                                           (abs)        0091
_SSPCON2bits                                                                       (abs)        0091
_SSPCONbits                                                                        (abs)        0014
_SSPSTATbits                                                                       (abs)        0094
_SendErrorStatus                                                                   text1        0446
_SendUART_debug                                                                    text6        0FBC
_T1CONbits                                                                         (abs)        0010
_TMR0IE                                                                            (abs)        005D
_TMR0IF                                                                            (abs)        005A
_TRISA0                                                                            (abs)        0428
_TRISA1                                                                            (abs)        0429
_TRISA2                                                                            (abs)        042A
_TRISA3                                                                            (abs)        042B
_TRISA4                                                                            (abs)        042C
_TRISA5                                                                            (abs)        042D
_TRISA6                                                                            (abs)        042E
_TRISA7                                                                            (abs)        042F
_TRISB0                                                                            (abs)        0430
_TRISB1                                                                            (abs)        0431
_TRISB2                                                                            (abs)        0432
_TRISB3                                                                            (abs)        0433
_TRISB4                                                                            (abs)        0434
_TRISB5                                                                            (abs)        0435
_TRISB6                                                                            (abs)        0436
_TRISB7                                                                            (abs)        0437
_TRISC0                                                                            (abs)        0438
_TRISC1                                                                            (abs)        0439
_TRISC2                                                                            (abs)        043A
_TRISC3                                                                            (abs)        043B
_TRISC4                                                                            (abs)        043C
_TRISC5                                                                            (abs)        043D
_TRISC6                                                                            (abs)        043E
_TRISC7                                                                            (abs)        043F
_TRMT                                                                              (abs)        04C1
_TXREG                                                                             (abs)        0019
_TXSTAbits                                                                         (abs)        0098
__H__absolute__                                                                    __absolute__ 0000
__Habs1                                                                            abs1         0000
__Hbank0                                                                           bank0        0000
__Hbank1                                                                           bank1        0000
__Hbank2                                                                           bank2        0000
__Hbank3                                                                           bank3        0000
__HbssBANK0                                                                        bssBANK0     0000
__HbssCOMMON                                                                       bssCOMMON    0000
__Hcinit                                                                           cinit        0800
__Hclrtext                                                                         clrtext      0000
__Hcode                                                                            code         0000
__Hcommon                                                                          common       0000
__Hconfig                                                                          config       2009
__HcstackBANK0                                                                     cstackBANK0  0000
__HcstackBANK1                                                                     cstackBANK1  0000
__HcstackCOMMON                                                                    cstackCOMMON 0000
__Heeprom_data                                                                     eeprom_data  0000
__Hend_init                                                                        end_init     000F
__Hfunctab                                                                         functab      0000
__Hheap                                                                            heap         0000
__Hinit                                                                            init         000C
__Hintentry                                                                        intentry     000C
__Hmaintext                                                                        maintext     0000
__Hpowerup                                                                         powerup      0000
__Hram                                                                             ram          0000
__Hreset_vec                                                                       reset_vec    0004
__Hsfr0                                                                            sfr0         0000
__Hsfr1                                                                            sfr1         0000
__Hsfr2                                                                            sfr2         0000
__Hsfr3                                                                            sfr3         0000
__Hsivt                                                                            sivt         000C
__Hspace_0                                                                         (abs)        1000
__Hspace_1                                                                         (abs)        00AE
__Hspace_2                                                                         (abs)        0000
__Hspace_3                                                                         (abs)        0000
__Hspace_4                                                                         (abs)        4010
__Hstack                                                                           stack        0000
__Hstrings                                                                         strings      0000
__Htext                                                                            text         0000
__L__absolute__                                                                    __absolute__ 0000
__Labs1                                                                            abs1         0000
__Lbank0                                                                           bank0        0000
__Lbank1                                                                           bank1        0000
__Lbank2                                                                           bank2        0000
__Lbank3                                                                           bank3        0000
__LbssBANK0                                                                        bssBANK0     0000
__LbssCOMMON                                                                       bssCOMMON    0000
__Lcinit                                                                           cinit        07F6
__Lclrtext                                                                         clrtext      0000
__Lcode                                                                            code         0000
__Lcommon                                                                          common       0000
__Lconfig                                                                          config       0000
__LcstackBANK0                                                                     cstackBANK0  0000
__LcstackBANK1                                                                     cstackBANK1  0000
__LcstackCOMMON                                                                    cstackCOMMON 0000
__Leeprom_data                                                                     eeprom_data  0000
__Lend_init                                                                        end_init     000C
__Lfunctab                                                                         functab      0000
__Lheap                                                                            heap         0000
__Linit                                                                            init         000C
__Lintentry                                                                        intentry     0004
__Lmaintext                                                                        maintext     0000
__Lpowerup                                                                         powerup      0000
__Lram                                                                             ram          0000
__Lreset_vec                                                                       reset_vec    0000
__Lsfr0                                                                            sfr0         0000
__Lsfr1                                                                            sfr1         0000
__Lsfr2                                                                            sfr2         0000
__Lsfr3                                                                            sfr3         0000
__Lsivt                                                                            sivt         000C
__Lspace_0                                                                         (abs)        0000
__Lspace_1                                                                         (abs)        0000
__Lspace_2                                                                         (abs)        0000
__Lspace_3                                                                         (abs)        0000
__Lspace_4                                                                         (abs)        0000
__Lstack                                                                           stack        0000
__Lstrings                                                                         strings      0000
__Ltext                                                                            text         0000
__S0                                                                               (abs)        1000
__S1                                                                               (abs)        00AE
__S3                                                                               (abs)        0000
___heap_hi                                                                         (abs)        0000
___heap_lo                                                                         (abs)        0000
___int_sp                                                                          stack        0000
___int_stack_hi                                                                    stack        0000
___int_stack_lo                                                                    stack        0000
___latbits                                                                         (abs)        0002
___lldiv                                                                           text11       04AD
___lldiv@counter                                                                   cstackBANK0  0034
___lldiv@dividend                                                                  cstackBANK0  002C
___lldiv@divisor                                                                   cstackBANK0  0028
___lldiv@quotient                                                                  cstackBANK0  0030
___lmul                                                                            text10       0010
___lmul@multiplicand                                                               cstackBANK0  0024
___lmul@multiplier                                                                 cstackBANK0  0020
___lmul@product                                                                    cstackCOMMON 0074
___sp                                                                              stack        0000
___stack_hi                                                                        stack        0000
___stack_lo                                                                        stack        0000
___stackhi                                                                         (abs)        0000
___stacklo                                                                         (abs)        0000
__end_of_AutoFox_INA226_CheckI2cAddress                                            text8        0F5E
__end_of_AutoFox_INA226_ConfigureNumSampleAveraging                                text14       03C7
__end_of_AutoFox_INA226_ConfigureVoltageConversionTime                             text13       033C
__end_of_AutoFox_INA226_Constructor                                                text12       0571
__end_of_AutoFox_INA226_GetBusVoltage_V                                            text9        00A6
__end_of_AutoFox_INA226_Init                                                       text5        06A9
__end_of_AutoFox_INA226_ReadRegister                                               text16       029E
__end_of_AutoFox_INA226_WriteRegister                                              text15       0100
__end_of_AutoFox_INA226_setupCalibration                                           text7        07F6
__end_of_Global_Init                                                               text4        059B
__end_of_I2C_Init                                                                  text3        0F0C
__end_of_I2C_Master_Read                                                           text20       0F88
__end_of_I2C_Master_Start                                                          text19       0EEB
__end_of_I2C_Master_Stop                                                           text18       0EF4
__end_of_I2C_Master_Wait                                                           text21       0F37
__end_of_I2C_Master_Write                                                          text17       0EFE
__end_of_INA226_ALERT_LIMIT                                                        strings      0135
__end_of_INA226_BUS_VOLTAGE                                                        strings      013A
__end_of_INA226_BUS_VOLTAGE_LSB                                                    strings      010E
__end_of_INA226_CALIBRATION                                                        strings      0137
__end_of_INA226_CONFIG                                                             strings      013C
__end_of_INA226_CONFIG_DEFAULT                                                     strings      012A
__end_of_INA226_CURRENT                                                            strings      0138
__end_of_INA226_DEFAULT_I2C_ADDRESS                                                strings      013E
__end_of_INA226_DEFAULT_I2C_ADDRESS@ina226$F793                                    strings      013D
__end_of_INA226_DIE_ID                                                             strings      0133
__end_of_INA226_DIE_ID_K                                                           strings      012C
__end_of_INA226_I2C_TIMEOUT                                                        strings      0132
__end_of_INA226_I2C_TIMEOUT@ina226$F794                                            strings      0130
__end_of_INA226_MANUFACTURER_ID                                                    strings      0134
__end_of_INA226_MANUFACTURER_ID_K                                                  strings      012E
__end_of_INA226_MASK_ENABLE                                                        strings      0136
__end_of_INA226_POWER                                                              strings      0139
__end_of_INA226_POWER_LSB_FACTOR                                                   strings      010A
__end_of_INA226_SHUNT_VOLTAGE                                                      strings      013B
__end_of_ISR                                                                       text22       0FBC
__end_of_Interrupt_Init                                                            text2        0F1C
__end_of_SendErrorStatus                                                           text1        04AD
__end_of_SendUART_debug                                                            text6        1000
__end_of___lldiv                                                                   text11       0513
__end_of___lmul                                                                    text10       0058
__end_of__initialization                                                           cinit        07FC
__end_of__stringtab                                                                strings      0106
__end_of_cAlertCauseMask                                                           strings      0122
__end_of_cAlertLatchingMode                                                        strings      0120
__end_of_cAlertPinModeMask                                                         strings      0124
__end_of_cBusVoltConvTimeIdxShift                                                  strings      0116
__end_of_cBusVoltageConvTimeMask                                                   strings      011C
__end_of_cMaxConvTimeTblIdx                                                        strings      0110
__end_of_cMaxSampleAvgTblIdx                                                       strings      0112
__end_of_cOperatingModeMask                                                        strings      0126
__end_of_cResetCommand                                                             strings      0128
__end_of_cSampleAvgIdxShift                                                        strings      0118
__end_of_cSampleAvgMask                                                            strings      011E
__end_of_cShuntVoltConvTimeIdxShift                                                strings      0114
__end_of_cShuntVoltageConvTimeMask                                                 strings      011A
__end_of_main                                                                      maintext     0446
__initialization                                                                   cinit        07F6
__pbssBANK0                                                                        bssBANK0     0066
__pbssCOMMON                                                                       bssCOMMON    007A
__pcstackBANK0                                                                     cstackBANK0  0020
__pcstackBANK1                                                                     cstackBANK1  00A0
__pcstackCOMMON                                                                    cstackCOMMON 0071
__pintentry                                                                        intentry     0004
__pmaintext                                                                        maintext     03C7
__pstrings                                                                         strings      0100
__ptext1                                                                           text1        0446
__ptext10                                                                          text10       0010
__ptext11                                                                          text11       04AD
__ptext12                                                                          text12       0513
__ptext13                                                                          text13       029E
__ptext14                                                                          text14       033C
__ptext15                                                                          text15       00A6
__ptext16                                                                          text16       01F5
__ptext17                                                                          text17       0EF4
__ptext18                                                                          text18       0EEB
__ptext19                                                                          text19       0EE2
__ptext2                                                                           text2        0F0C
__ptext20                                                                          text20       0F5E
__ptext21                                                                          text21       0F1C
__ptext22                                                                          text22       0F88
__ptext3                                                                           text3        0EFE
__ptext4                                                                           text4        0571
__ptext5                                                                           text5        05A1
__ptext6                                                                           text6        0FBC
__ptext7                                                                           text7        06A9
__ptext8                                                                           text8        0F37
__ptext9                                                                           text9        0058
__stringbase                                                                       strings      0105
__stringtab                                                                        strings      0100
_g_flag                                                                            bssBANK0     0066
_g_timer_led_blink                                                                 bssCOMMON    007A
_main                                                                              maintext     03C7
btemp                                                                              (abs)        007E
end_of_initialization                                                              cinit        07FC
interrupt_function                                                                 intentry     0004
intlevel0                                                                          functab      0000
intlevel1                                                                          functab      0000
intlevel2                                                                          functab      0000
intlevel3                                                                          functab      0000
intlevel4                                                                          functab      0000
intlevel5                                                                          functab      0000
main@ina226                                                                        cstackBANK1  00A0
reset_vec                                                                          reset_vec    0000
saved_w                                                                            (abs)        007E
start                                                                              init         000C
start_initialization                                                               cinit        07F6
wtemp0                                                                             (abs)        007E


MODULE INFORMATION

Module		Function		Class		Link	Load	Size
interrupts.c
		_ISR           		CODE           	0F88	0000	52
		_Interrupt_Init		CODE           	0F0C	0000	16

interrupts.c estimated size: 68

sw_uart.c
		_SendUART_debug		CODE           	0FBC	0000	68

sw_uart.c estimated size: 68

inits.c
		_Global_Init   		CODE           	0571	0000	42

inits.c estimated size: 42

C:\Program Files\Microchip\xc8\v2.50\pic\sources\c99\common\Umul32.c
		___lmul        		CODE           	0010	0000	72

C:\Program Files\Microchip\xc8\v2.50\pic\sources\c99\common\Umul32.c estimated size: 72

ina226.c
		_AutoFox_INA226_ReadRegister		CODE           	01F5	0000	169
		_AutoFox_INA226_CheckI2cAddress		CODE           	0F37	0000	39
		_AutoFox_INA226_WriteRegister		CODE           	00A6	0000	90
		_AutoFox_INA226_ConfigureVoltageConversionTime		CODE           	029E	0000	158
		_SendErrorStatus		CODE           	0446	0000	103
		_AutoFox_INA226_setupCalibration		CODE           	06A9	0000	333
		_AutoFox_INA226_Init		CODE           	05A1	0000	264
		_AutoFox_INA226_Constructor		CODE           	0513	0000	94
		_AutoFox_INA226_GetBusVoltage_V		CODE           	0058	0000	78
		_AutoFox_INA226_ConfigureNumSampleAveraging		CODE           	033C	0000	139

ina226.c estimated size: 1467

C:\Program Files\Microchip\xc8\v2.50\pic\sources\c99\common\__lldiv.c
		___lldiv       		CODE           	04AD	0000	102

C:\Program Files\Microchip\xc8\v2.50\pic\sources\c99\common\__lldiv.c estimated size: 102

shared
		_INA226_MANUFACTURER_ID		STRING         	0000	0000	0
		_cAlertCauseMask		STRING         	0000	0000	0
		_cSampleAvgIdxShift		STRING         	0000	0000	0
		_INA226_POWER_LSB_FACTOR		STRING         	0000	0000	0
		_cBusVoltageConvTimeMask		STRING         	0000	0000	0
		_cMaxSampleAvgTblIdx		STRING         	0000	0000	0
		_cShuntVoltageConvTimeMask		STRING         	0000	0000	0
		__stringtab    		STRING         	0100	0000	6
		_INA226_DEFAULT_I2C_ADDRESS		STRING         	0000	0000	0
		_INA226_BUS_VOLTAGE		STRING         	0000	0000	0
		_INA226_MASK_ENABLE		STRING         	0000	0000	0
		_INA226_POWER  		STRING         	0000	0000	0
		_INA226_CONFIG 		STRING         	0000	0000	0
		_INA226_DIE_ID 		STRING         	0000	0000	0
		_cMaxConvTimeTblIdx		STRING         	0000	0000	0
		_cBusVoltConvTimeIdxShift		STRING         	0000	0000	0
		_INA226_DEFAULT_I2C_ADDRESS@ina226$F793		STRING         	0000	0000	0
		_INA226_SHUNT_VOLTAGE		STRING         	0000	0000	0
		_INA226_I2C_TIMEOUT@ina226$F794		STRING         	0000	0000	0
		_cShuntVoltConvTimeIdxShift		STRING         	0000	0000	0
		_INA226_CURRENT		STRING         	0000	0000	0
		_INA226_MANUFACTURER_ID_K		STRING         	0000	0000	0
		_INA226_CALIBRATION		STRING         	0000	0000	0
		__initialization		CODE           	07F6	0000	6
		_INA226_ALERT_LIMIT		STRING         	0000	0000	0
		_INA226_DIE_ID_K		STRING         	0000	0000	0
		_cResetCommand 		STRING         	0000	0000	0
		_cSampleAvgMask		STRING         	0000	0000	0
		_cOperatingModeMask		STRING         	0000	0000	0
		_cAlertPinModeMask		STRING         	0000	0000	0
		_INA226_I2C_TIMEOUT		STRING         	0000	0000	0
		_INA226_CONFIG_DEFAULT		STRING         	0000	0000	0
		_INA226_BUS_VOLTAGE_LSB		STRING         	0000	0000	0
		_cAlertLatchingMode		STRING         	0000	0000	0

shared estimated size: 12

main.c
		_main          		CODE           	03C7	0000	127

main.c estimated size: 127

hw_i2c.c
		_I2C_Master_Read		CODE           	0F5E	0000	42
		_I2C_Master_Wait		CODE           	0F1C	0000	27
		_I2C_Master_Stop		CODE           	0EEB	0000	9
		_I2C_Init      		CODE           	0EFE	0000	14
		_I2C_Master_Write		CODE           	0EF4	0000	10
		_I2C_Master_Start		CODE           	0EE2	0000	9

hw_i2c.c estimated size: 111

