Microchip MPLAB XC8 Compiler V2.50

Linker command line:

-W-3 \
  --edf=C:\Program Files\Microchip\xc8\v2.50\pic\dat\20240725155939_en.msgs \
  -cn -h+dist/default/debug\Balancer.X.debug.sym \
  --cmf=dist/default/debug\Balancer.X.debug.cmf -z -Q16F886 \
  -oC:\Users\User\AppData\Local\Temp\xcAs5d0.\driver_tmp_3.o \
  --defsym=__MPLAB_BUILD=1 --fixupoverflow=error \
  -Mdist/default/debug/Balancer.X.debug.map \
  --md=C:\Users\User\AppData\Local\Temp\xcAs5d0.\driver_tmp_0.dat -E1 \
  -ver=XC8 Compiler --acfsm=1493 -ACODE=00h-07FFhx3,01800h-01EFFh \
  -ASTRCODE=00h-01EFFh -ASTRING=00h-0FFhx31 -ACONST=00h-0FFhx31 \
  -AENTRY=00h-0FFhx31 -ACOMMON=071h-07Fh -ABANK0=020h-06Fh \
  -ABANK1=0A0h-0EFh -ABANK2=0110h-016Fh -ABANK3=0190h-01E4h \
  -ARAM=020h-06Fh,0A0h-0EFh,0110h-016Fh,0190h-01E4h \
  -AABS1=020h-07Fh,0A0h-0EFh,0110h-016Fh,0190h-01EFh -ASFR0=00h-01Fh \
  -ASFR1=080h-09Fh -ASFR2=0100h-010Fh -ASFR3=0180h-018Fh \
  -ACONFIG=02007h-02008h -DCONFIG=2 -AIDLOC=02000h-02003h -DIDLOC=2 \
  -AEEDATA=00h-0FFh/02100h -peeprom_data=EEDATA -DEEDATA=2 -DCODE=2 \
  -DSTRCODE=2 -DSTRING=2 -DCONST=2 -DENTRY=2 \
  -preset_vec=00h,intentry=04h,sivt,init,end_init -ppowerup=CODE \
  -pcinit=CODE -pfunctab=ENTRY -k \
  C:\Users\User\AppData\Local\Temp\xcAs5d0.\driver_tmp_17.o \
  dist/default/debug\Balancer.X.debug.o 

Object code version is 3.11

Machine type is 16F886



                Name                               Link     Load   Length Selector   Space Scale
C:\Users\User\AppData\Local\Temp\xcAs5d0.\driver_tmp_17.o
                end_init                              C        C        3        8       0
                reset_vec                             0        0        4        0       0
                config                             2007     2007        2        0       4
dist/default/debug\Balancer.X.debug.o
                cinit                               7E8      7E8       18      FD0       0
                intentry                              4        4        8        8       0
                config                             2007     2007        2        0       4
                text32                              B19      B19       34     1632       0
                text31                              A5B      A5B       1E     14B6       0
                text30                              A40      A40       1B     1480       0
                text29                              AC5      AC5       2A     158A       0
                text28                              9E3      9E3        9     13C6       0
                text27                              9EC      9EC        9     13D8       0
                text26                              9F5      9F5        A     13EA       0
                text25                              F57      F57       A9     1EAE       0
                text24                              CEF      CEF       5A     19DE       0
                text23                              E2E      E2E       8B     1C5C       0
                text22                              EB9      EB9       9E     1D72       0
                text21                              D49      D49       5E     1A92       0
                text20                               14       14       66       28       0
                text19                              C02      C02       48     1804       0
                text18                              C4A      C4A       4E     1894       0
                text17                              A9E      A9E       27     153C       0
                text16                              272      272      14D      4E4       0
                text15                              B85      B85       3B     170A       0
                text14                              16A      16A      108      2D4       0
                text13                              AEF      AEF       2A     15DE       0
                text12                              9FF      9FF        E     13FE       0
                text11                              A0D      A0D       10     141A       0
                text10                              DA7      DA7       87     1B4E       0
                text9                               BC0      BC0       42     1780       0
                text8                               B4D      B4D       38     169A       0
                text7                               9D3      9D3        8     13A6       0
                text6                               C98      C98       57     1930       0
                text5                                7A       7A       F0       F4       0
                text4                               A79      A79       25     14F2       0
                text3                               A1D      A1D       11     143A       0
                text2                               A2E      A2E       12     145C       0
                text1                               3BF      3BF      193      77E       0
                maintext                            552      552      296      AA4       0
                cstackBANK0                          20       20       46       20       1
                cstackCOMMON                         71       71        9       71       1
                cstackBANK1                          C0       C0       14       A0       1
                clrtext                             9DB      9DB        8     13B6       0
                bssBANK1                             A0       A0       20       A0       1
                bssBANK0                             66       66        7       20       1
                bssCOMMON                            7A       7A        2       71       1
                stringtext                          800      800      126       10       0

TOTAL           Name                               Link     Load   Length     Space
        CLASS   CODE           
                end_init                              C        C        3         0
                cinit                               7E8      7E8       18         0
                intentry                              4        4        8         0
                reset_vec                             0        0        4         0
                text32                              B19      B19       34         0
                text31                              A5B      A5B       1E         0
                text30                              A40      A40       1B         0
                text29                              AC5      AC5       2A         0
                text28                              9E3      9E3        9         0
                text27                              9EC      9EC        9         0
                text26                              9F5      9F5        A         0
                text25                              F57      F57       A9         0
                text24                              CEF      CEF       5A         0
                text23                              E2E      E2E       8B         0
                text22                              EB9      EB9       9E         0
                text21                              D49      D49       5E         0
                text20                               14       14       66         0
                text19                              C02      C02       48         0
                text18                              C4A      C4A       4E         0
                text17                              A9E      A9E       27         0
                text16                              272      272      14D         0
                text15                              B85      B85       3B         0
                text14                              16A      16A      108         0
                text13                              AEF      AEF       2A         0
                text12                              9FF      9FF        E         0
                text11                              A0D      A0D       10         0
                text10                              DA7      DA7       87         0
                text9                               BC0      BC0       42         0
                text8                               B4D      B4D       38         0
                text7                               9D3      9D3        8         0
                text6                               C98      C98       57         0
                text5                                7A       7A       F0         0
                text4                               A79      A79       25         0
                text3                               A1D      A1D       11         0
                text2                               A2E      A2E       12         0
                text1                               3BF      3BF      193         0
                maintext                            552      552      296         0
                clrtext                             9DB      9DB        8         0

        CLASS   STRCODE        
                stringtext                          800      800      126         0

        CLASS   STRING         

        CLASS   CONST          

        CLASS   ENTRY          

        CLASS   COMMON         
                cstackCOMMON                         71       71        9         1
                bssCOMMON                            7A       7A        2         1

        CLASS   BANK0          
                cstackBANK0                          20       20       46         1
                bssBANK0                             66       66        7         1

        CLASS   BANK1          
                cstackBANK1                          C0       C0       14         1
                bssBANK1                             A0       A0       20         1

        CLASS   BANK2          

        CLASS   BANK3          

        CLASS   RAM            

        CLASS   ABS1           
                abs_s1                               7E       7E        2         1

        CLASS   SFR0           

        CLASS   SFR1           

        CLASS   SFR2           

        CLASS   SFR3           

        CLASS   CONFIG         
                config                             2007     2007        2         4

        CLASS   IDLOC          

        CLASS   EEDATA         

        CLASS   HEAP           

        CLASS   STACK          



SEGMENTS        Name                           Load    Length   Top    Selector   Space  Class     Delta

                reset_vec                      000000  000004  000004         0       0  CODE        2
                intentry                       000004  00000B  00000F         8       0  CODE        2
                cstackBANK0                    000020  00004D  00006D        20       1  BANK0       1
                text20                         000014  000066  00007A        28       0  CODE        2
                cstackCOMMON                   000071  00000B  00007C        71       1  COMMON      1
                bssBANK1                       0000A0  000034  0000D4        A0       1  BANK1       1
                text5                          00007A  0000F0  00016A        F4       0  CODE        2
                text14                         00016A  000108  000272       2D4       0  CODE        2
                text16                         000272  00014D  0003BF       4E4       0  CODE        2
                text1                          0003BF  000193  000552       77E       0  CODE        2
                maintext                       000552  000296  0007E8       AA4       0  CODE        2
                cinit                          0007E8  000018  000800       FD0       0  CODE        2
                stringtext                     000800  000126  000926        10       0  STRCODE     2
                text7                          0009D3  000008  0009DB      13A6       0  CODE        2
                clrtext                        0009DB  000008  0009E3      13B6       0  CODE        2
                text28                         0009E3  000009  0009EC      13C6       0  CODE        2
                text27                         0009EC  000009  0009F5      13D8       0  CODE        2
                text26                         0009F5  00000A  0009FF      13EA       0  CODE        2
                text12                         0009FF  00000E  000A0D      13FE       0  CODE        2
                text11                         000A0D  000010  000A1D      141A       0  CODE        2
                text3                          000A1D  000011  000A2E      143A       0  CODE        2
                text2                          000A2E  000012  000A40      145C       0  CODE        2
                text30                         000A40  00001B  000A5B      1480       0  CODE        2
                text31                         000A5B  00001E  000A79      14B6       0  CODE        2
                text4                          000A79  000025  000A9E      14F2       0  CODE        2
                text17                         000A9E  000027  000AC5      153C       0  CODE        2
                text29                         000AC5  00002A  000AEF      158A       0  CODE        2
                text13                         000AEF  00002A  000B19      15DE       0  CODE        2
                text32                         000B19  000034  000B4D      1632       0  CODE        2
                text8                          000B4D  000038  000B85      169A       0  CODE        2
                text15                         000B85  00003B  000BC0      170A       0  CODE        2
                text9                          000BC0  000042  000C02      1780       0  CODE        2
                text19                         000C02  000048  000C4A      1804       0  CODE        2
                text18                         000C4A  00004E  000C98      1894       0  CODE        2
                text6                          000C98  000057  000CEF      1930       0  CODE        2
                text24                         000CEF  00005A  000D49      19DE       0  CODE        2
                text21                         000D49  00005E  000DA7      1A92       0  CODE        2
                text10                         000DA7  000087  000E2E      1B4E       0  CODE        2
                text23                         000E2E  00008B  000EB9      1C5C       0  CODE        2
                text22                         000EB9  00009E  000F57      1D72       0  CODE        2
                text25                         000F57  0000A9  001000      1EAE       0  CODE        2


UNUSED ADDRESS RANGES

        Name                Unused          Largest block    Delta
        BANK0            006D-006F              3           1
        BANK1            00D4-00EF             1C           1
        BANK2            0110-016F             60           1
        BANK3            0190-01E4             55           1
        CODE             000F-0013              5           2
                         0926-09D2             AD
                         1000-1EFF            800
        COMMON           007C-007D              2           1
        CONST            000F-0013              5           2
                         0926-09D2             AD
                         1000-1EFF            100
        EEDATA           2100-21FF            100           2
        ENTRY            000F-0013              5           2
                         0926-09D2             AD
                         1000-1EFF            100
        IDLOC            2000-2003              4           2
        RAM              006D-006F              3           1
                         00D4-00EF             1C
                         0110-016F             60
                         0190-01E4             55
        SFR0             0000-001F             20           1
        SFR1             0080-009F             20           1
        SFR2             0100-010F             10           1
        SFR3             0180-018F             10           1
        STRCODE          000F-0013              5           2
                         0926-09D2             AD
                         1000-1EFF            F00
        STRING           000F-0013              5           2
                         0926-09D2             AD
                         1000-1EFF            100

                                  Symbol Table

?_ADC_Read_ADC_Result                                                              cstackCOMMON 0073
?_AutoFox_INA226_GetBusVoltage_V                                                   cstackBANK0  0035
?___lldiv                                                                          cstackBANK0  0028
?___lmul                                                                           cstackBANK0  0020
?___lwdiv                                                                          cstackCOMMON 0073
?___lwmod                                                                          cstackCOMMON 0073
?_printf                                                                           cstackBANK0  0039
?_read_voltage                                                                     cstackBANK0  0035
?_vfprintf                                                                         cstackBANK0  0033
ADC_Read_ADC_Result@adcResult                                                      cstackCOMMON 0075
AutoFox_INA226_CheckI2cAddress@aI2C_Address                                        cstackCOMMON 0077
AutoFox_INA226_ConfigureNumSampleAveraging@aIndexToSampleAverageTable              cstackBANK0  002B
AutoFox_INA226_ConfigureNumSampleAveraging@s                                       cstackBANK0  0031
AutoFox_INA226_ConfigureNumSampleAveraging@this                                    cstackBANK0  0029
AutoFox_INA226_ConfigureVoltageConversionTime@aIndexToConversionTimeTable          cstackBANK0  002B
AutoFox_INA226_ConfigureVoltageConversionTime@s                                    cstackBANK0  0033
AutoFox_INA226_ConfigureVoltageConversionTime@theMergedBusAndShuntConvTimeIndicies cstackBANK0  0031
AutoFox_INA226_ConfigureVoltageConversionTime@this                                 cstackBANK0  0029
AutoFox_INA226_Constructor@this                                                    cstackCOMMON 0073
AutoFox_INA226_GetBusVoltage_V@theRegisterValue                                    cstackBANK0  0037
AutoFox_INA226_GetBusVoltage_V@this                                                cstackBANK0  0035
AutoFox_INA226_Init@aI2C_Address                                                   cstackBANK0  004F
AutoFox_INA226_Init@aMaxCurrent_Amps                                               cstackBANK0  0052
AutoFox_INA226_Init@aShuntResistor_mOhms                                           cstackBANK0  0050
AutoFox_INA226_Init@s                                                              cstackBANK0  005A
AutoFox_INA226_Init@s_868                                                          cstackBANK0  005B
AutoFox_INA226_Init@s_869                                                          cstackBANK0  005C
AutoFox_INA226_Init@s_870                                                          cstackBANK0  005D
AutoFox_INA226_Init@s_871                                                          cstackBANK0  005E
AutoFox_INA226_Init@s_872                                                          cstackBANK0  005F
AutoFox_INA226_Init@s_873                                                          cstackBANK0  0060
AutoFox_INA226_Init@theINA226_ID                                                   cstackBANK0  0061
AutoFox_INA226_Init@this                                                           cstackBANK0  004D
AutoFox_INA226_ReadRegister@aRegister                                              cstackBANK0  0022
AutoFox_INA226_ReadRegister@aValue_p                                               cstackBANK0  0023
AutoFox_INA226_ReadRegister@this                                                   cstackBANK0  0020
AutoFox_INA226_WriteRegister@aRegister                                             cstackCOMMON 0077
AutoFox_INA226_WriteRegister@aValue                                                cstackCOMMON 0078
AutoFox_INA226_WriteRegister@buffer                                                cstackBANK0  0024
AutoFox_INA226_WriteRegister@this                                                  cstackCOMMON 0075
AutoFox_INA226_setupCalibration@aMaxCurrent_Amps                                   cstackBANK0  0039
AutoFox_INA226_setupCalibration@aShuntResistor_mOhms                               cstackBANK0  0037
AutoFox_INA226_setupCalibration@theCal                                             cstackBANK0  0045
AutoFox_INA226_setupCalibration@theCurrentLSB_uA                                   cstackBANK0  0049
AutoFox_INA226_setupCalibration@this                                               cstackBANK0  0035
I2C_Master_Read@ack                                                                cstackCOMMON 0077
I2C_Master_Read@data                                                               cstackCOMMON 0075
I2C_Master_Write@data                                                              cstackCOMMON 0073
SendErrorStatus@err                                                                cstackBANK0  0020
SendErrorStatus@errorMsg                                                           cstackBANK0  0021
SendUART_debug@data                                                                cstackCOMMON 0074
SendUART_debug@i                                                                   cstackCOMMON 0075
_ACKDT                                                                             (abs)        048D
_ACKEN                                                                             (abs)        048C
_ACKSTAT                                                                           (abs)        048E
_ADCON0bits                                                                        (abs)        001F
_ADCON1bits                                                                        (abs)        009F
_ADC_Init                                                                          text31       0A5B
_ADC_Read_ADC_Result                                                               text2        0A2E
_ADRESH                                                                            (abs)        001E
_ADRESL                                                                            (abs)        009E
_ANSEL                                                                             (abs)        0188
_ANSELH                                                                            (abs)        0189
_AutoFox_INA226_CheckI2cAddress                                                    text17       0A9E
_AutoFox_INA226_ConfigureNumSampleAveraging                                        text23       0E2E
_AutoFox_INA226_ConfigureVoltageConversionTime                                     text22       0EB9
_AutoFox_INA226_Constructor                                                        text21       0D49
_AutoFox_INA226_GetBusVoltage_V                                                    text18       0C4A
_AutoFox_INA226_Init                                                               text14       016A
_AutoFox_INA226_ReadRegister                                                       text25       0F57
_AutoFox_INA226_WriteRegister                                                      text24       0CEF
_AutoFox_INA226_setupCalibration                                                   text16       0272
_Global_Init                                                                       text13       0AEF
_I2C_Init                                                                          text12       09FF
_I2C_Master_Read                                                                   text29       0AC5
_I2C_Master_Start                                                                  text28       09E3
_I2C_Master_Stop                                                                   text27       09EC
_I2C_Master_Wait                                                                   text30       0A40
_I2C_Master_Write                                                                  text26       09F5
_INTCONbits                                                                        (abs)        000B
_ISR                                                                               text32       0B19
_Interrupt_Init                                                                    text11       0A0D
_OPTION_REGbits                                                                    (abs)        0081
_OSCCONbits                                                                        (abs)        008F
_PORTAbits                                                                         (abs)        0005
_PORTBbits                                                                         (abs)        0006
_PORTCbits                                                                         (abs)        0007
_RCEN                                                                              (abs)        048B
_RCSTAbits                                                                         (abs)        0018
_SPBRG                                                                             (abs)        0099
_SSPADD                                                                            (abs)        0093
_SSPBUF                                                                            (abs)        0013
_SSPCON2                                                                           (abs)        0091
_SSPCON2bits                                                                       (abs)        0091
_SSPCONbits                                                                        (abs)        0014
_SSPSTATbits                                                                       (abs)        0094
_SendErrorStatus                                                                   text10       0DA7
_SendUART_debug                                                                    text15       0B85
_T1CONbits                                                                         (abs)        0010
_TMR0IE                                                                            (abs)        005D
_TMR0IF                                                                            (abs)        005A
_TRISA0                                                                            (abs)        0428
_TRISA1                                                                            (abs)        0429
_TRISA2                                                                            (abs)        042A
_TRISA3                                                                            (abs)        042B
_TRISA4                                                                            (abs)        042C
_TRISA5                                                                            (abs)        042D
_TRISA6                                                                            (abs)        042E
_TRISA7                                                                            (abs)        042F
_TRISB0                                                                            (abs)        0430
_TRISB1                                                                            (abs)        0431
_TRISB2                                                                            (abs)        0432
_TRISB3                                                                            (abs)        0433
_TRISB4                                                                            (abs)        0434
_TRISB5                                                                            (abs)        0435
_TRISB6                                                                            (abs)        0436
_TRISB7                                                                            (abs)        0437
_TRISC0                                                                            (abs)        0438
_TRISC1                                                                            (abs)        0439
_TRISC2                                                                            (abs)        043A
_TRISC3                                                                            (abs)        043B
_TRISC4                                                                            (abs)        043C
_TRISC5                                                                            (abs)        043D
_TRISC6                                                                            (abs)        043E
_TRISC7                                                                            (abs)        043F
_TRMT                                                                              (abs)        04C1
_TXREG                                                                             (abs)        0019
_TXSTAbits                                                                         (abs)        0098
__H__absolute__                                                                    __absolute__ 0000
__Habs1                                                                            abs1         0000
__Hbank0                                                                           bank0        0000
__Hbank1                                                                           bank1        0000
__Hbank2                                                                           bank2        0000
__Hbank3                                                                           bank3        0000
__HbssBANK0                                                                        bssBANK0     0000
__HbssBANK1                                                                        bssBANK1     0000
__HbssCOMMON                                                                       bssCOMMON    0000
__Hcinit                                                                           cinit        0800
__Hclrtext                                                                         clrtext      0000
__Hcode                                                                            code         0000
__Hcommon                                                                          common       0000
__Hconfig                                                                          config       2009
__HcstackBANK0                                                                     cstackBANK0  0000
__HcstackBANK1                                                                     cstackBANK1  0000
__HcstackCOMMON                                                                    cstackCOMMON 0000
__Heeprom_data                                                                     eeprom_data  0000
__Hend_init                                                                        end_init     000F
__Hfunctab                                                                         functab      0000
__Hheap                                                                            heap         0000
__Hinit                                                                            init         000C
__Hintentry                                                                        intentry     000C
__Hmaintext                                                                        maintext     0000
__Hpowerup                                                                         powerup      0000
__Hram                                                                             ram          0000
__Hreset_vec                                                                       reset_vec    0004
__Hsfr0                                                                            sfr0         0000
__Hsfr1                                                                            sfr1         0000
__Hsfr2                                                                            sfr2         0000
__Hsfr3                                                                            sfr3         0000
__Hsivt                                                                            sivt         000C
__Hspace_0                                                                         (abs)        1000
__Hspace_1                                                                         (abs)        00D4
__Hspace_2                                                                         (abs)        0000
__Hspace_3                                                                         (abs)        0000
__Hspace_4                                                                         (abs)        4010
__Hstack                                                                           stack        0000
__Hstrings                                                                         strings      0000
__Hstringtext                                                                      stringtext   0000
__Htext                                                                            text         0000
__L__absolute__                                                                    __absolute__ 0000
__Labs1                                                                            abs1         0000
__Lbank0                                                                           bank0        0000
__Lbank1                                                                           bank1        0000
__Lbank2                                                                           bank2        0000
__Lbank3                                                                           bank3        0000
__LbssBANK0                                                                        bssBANK0     0000
__LbssBANK1                                                                        bssBANK1     0000
__LbssCOMMON                                                                       bssCOMMON    0000
__Lcinit                                                                           cinit        07E8
__Lclrtext                                                                         clrtext      0000
__Lcode                                                                            code         0000
__Lcommon                                                                          common       0000
__Lconfig                                                                          config       0000
__LcstackBANK0                                                                     cstackBANK0  0000
__LcstackBANK1                                                                     cstackBANK1  0000
__LcstackCOMMON                                                                    cstackCOMMON 0000
__Leeprom_data                                                                     eeprom_data  0000
__Lend_init                                                                        end_init     000C
__Lfunctab                                                                         functab      0000
__Lheap                                                                            heap         0000
__Linit                                                                            init         000C
__Lintentry                                                                        intentry     0004
__Lmaintext                                                                        maintext     0000
__Lpowerup                                                                         powerup      0000
__Lram                                                                             ram          0000
__Lreset_vec                                                                       reset_vec    0000
__Lsfr0                                                                            sfr0         0000
__Lsfr1                                                                            sfr1         0000
__Lsfr2                                                                            sfr2         0000
__Lsfr3                                                                            sfr3         0000
__Lsivt                                                                            sivt         000C
__Lspace_0                                                                         (abs)        0000
__Lspace_1                                                                         (abs)        0000
__Lspace_2                                                                         (abs)        0000
__Lspace_3                                                                         (abs)        0000
__Lspace_4                                                                         (abs)        0000
__Lstack                                                                           stack        0000
__Lstrings                                                                         strings      0000
__Lstringtext                                                                      stringtext   0000
__Ltext                                                                            text         0000
__S0                                                                               (abs)        1000
__S1                                                                               (abs)        00D4
__S3                                                                               (abs)        0000
___heap_hi                                                                         (abs)        0000
___heap_lo                                                                         (abs)        0000
___int_sp                                                                          stack        0000
___int_stack_hi                                                                    stack        0000
___int_stack_lo                                                                    stack        0000
___latbits                                                                         (abs)        0002
___lldiv                                                                           text20       0014
___lldiv@counter                                                                   cstackBANK0  0034
___lldiv@dividend                                                                  cstackBANK0  002C
___lldiv@divisor                                                                   cstackBANK0  0028
___lldiv@quotient                                                                  cstackBANK0  0030
___lmul                                                                            text19       0C02
___lmul@multiplicand                                                               cstackBANK0  0024
___lmul@multiplier                                                                 cstackBANK0  0020
___lmul@product                                                                    cstackCOMMON 0074
___lwdiv                                                                           text9        0BC0
___lwdiv@counter                                                                   cstackCOMMON 0077
___lwdiv@dividend                                                                  cstackCOMMON 0075
___lwdiv@divisor                                                                   cstackCOMMON 0073
___lwdiv@quotient                                                                  cstackCOMMON 0078
___lwmod                                                                           text8        0B4D
___lwmod@counter                                                                   cstackCOMMON 0077
___lwmod@dividend                                                                  cstackCOMMON 0075
___lwmod@divisor                                                                   cstackCOMMON 0073
___sp                                                                              stack        0000
___stack_hi                                                                        stack        0000
___stack_lo                                                                        stack        0000
___stackhi                                                                         (abs)        0000
___stacklo                                                                         (abs)        0000
__end_of_ADC_Init                                                                  text31       0A79
__end_of_ADC_Read_ADC_Result                                                       text2        0A40
__end_of_AutoFox_INA226_CheckI2cAddress                                            text17       0AC5
__end_of_AutoFox_INA226_ConfigureNumSampleAveraging                                text23       0EB9
__end_of_AutoFox_INA226_ConfigureVoltageConversionTime                             text22       0F57
__end_of_AutoFox_INA226_Constructor                                                text21       0DA7
__end_of_AutoFox_INA226_GetBusVoltage_V                                            text18       0C98
__end_of_AutoFox_INA226_Init                                                       text14       0272
__end_of_AutoFox_INA226_ReadRegister                                               text25       1000
__end_of_AutoFox_INA226_WriteRegister                                              text24       0D49
__end_of_AutoFox_INA226_setupCalibration                                           text16       03BF
__end_of_Global_Init                                                               text13       0B19
__end_of_I2C_Init                                                                  text12       0A0D
__end_of_I2C_Master_Read                                                           text29       0AEF
__end_of_I2C_Master_Start                                                          text28       09EC
__end_of_I2C_Master_Stop                                                           text27       09F5
__end_of_I2C_Master_Wait                                                           text30       0A5B
__end_of_I2C_Master_Write                                                          text26       09FF
__end_of_INA226_ALERT_LIMIT                                                        stringtext   0846
__end_of_INA226_BUS_VOLTAGE                                                        stringtext   084B
__end_of_INA226_BUS_VOLTAGE_LSB                                                    stringtext   081E
__end_of_INA226_CALIBRATION                                                        stringtext   0848
__end_of_INA226_CONFIG                                                             stringtext   084D
__end_of_INA226_CONFIG_DEFAULT                                                     stringtext   083A
__end_of_INA226_CURRENT                                                            stringtext   0849
__end_of_INA226_DEFAULT_I2C_ADDRESS                                                stringtext   084F
__end_of_INA226_DEFAULT_I2C_ADDRESS@ina226$F817                                    stringtext   084E
__end_of_INA226_DIE_ID                                                             stringtext   0844
__end_of_INA226_DIE_ID_K                                                           stringtext   083C
__end_of_INA226_I2C_TIMEOUT                                                        stringtext   0842
__end_of_INA226_I2C_TIMEOUT@ina226$F818                                            stringtext   0840
__end_of_INA226_MANUFACTURER_ID                                                    stringtext   0845
__end_of_INA226_MANUFACTURER_ID_K                                                  stringtext   083E
__end_of_INA226_MASK_ENABLE                                                        stringtext   0847
__end_of_INA226_POWER                                                              stringtext   084A
__end_of_INA226_POWER_LSB_FACTOR                                                   stringtext   081A
__end_of_INA226_SHUNT_VOLTAGE                                                      stringtext   084C
__end_of_ISR                                                                       text32       0B4D
__end_of_Interrupt_Init                                                            text11       0A1D
__end_of_SendErrorStatus                                                           text10       0E2E
__end_of_SendUART_debug                                                            text15       0BC0
__end_of___lldiv                                                                   text20       007A
__end_of___lmul                                                                    text19       0C4A
__end_of___lwdiv                                                                   text9        0C02
__end_of___lwmod                                                                   text8        0B85
__end_of__initialization                                                           cinit        07FC
__end_of__stringtab                                                                stringtext   0812
__end_of_cAlertCauseMask                                                           stringtext   0832
__end_of_cAlertLatchingMode                                                        stringtext   0830
__end_of_cAlertPinModeMask                                                         stringtext   0834
__end_of_cBusVoltConvTimeIdxShift                                                  stringtext   0826
__end_of_cBusVoltageConvTimeMask                                                   stringtext   082C
__end_of_cMaxConvTimeTblIdx                                                        stringtext   0820
__end_of_cMaxSampleAvgTblIdx                                                       stringtext   0822
__end_of_cOperatingModeMask                                                        stringtext   0836
__end_of_cResetCommand                                                             stringtext   0838
__end_of_cSampleAvgIdxShift                                                        stringtext   0828
__end_of_cSampleAvgMask                                                            stringtext   082E
__end_of_cShuntVoltConvTimeIdxShift                                                stringtext   0824
__end_of_cShuntVoltageConvTimeMask                                                 stringtext   082A
__end_of_fputc                                                                     text6        0CEF
__end_of_main                                                                      maintext     07E8
__end_of_printf                                                                    text3        0A2E
__end_of_putch                                                                     text7        09DB
__end_of_read_voltage                                                              text1        0552
__end_of_vfpfcnvrt                                                                 text5        016A
__end_of_vfprintf                                                                  text4        0A9E
__end_ofread_voltage@num_samples                                                   stringtext   0843
__end_ofread_voltage@vref                                                          stringtext   0816
__initialization                                                                   cinit        07E8
__pbssBANK0                                                                        bssBANK0     0066
__pbssBANK1                                                                        bssBANK1     00A0
__pbssCOMMON                                                                       bssCOMMON    007A
__pcstackBANK0                                                                     cstackBANK0  0020
__pcstackBANK1                                                                     cstackBANK1  00C0
__pcstackCOMMON                                                                    cstackCOMMON 0071
__pintentry                                                                        intentry     0004
__pmaintext                                                                        maintext     0552
__pstringtext                                                                      stringtext   0800
__ptext1                                                                           text1        03BF
__ptext10                                                                          text10       0DA7
__ptext11                                                                          text11       0A0D
__ptext12                                                                          text12       09FF
__ptext13                                                                          text13       0AEF
__ptext14                                                                          text14       016A
__ptext15                                                                          text15       0B85
__ptext16                                                                          text16       0272
__ptext17                                                                          text17       0A9E
__ptext18                                                                          text18       0C4A
__ptext19                                                                          text19       0C02
__ptext2                                                                           text2        0A2E
__ptext20                                                                          text20       0014
__ptext21                                                                          text21       0D49
__ptext22                                                                          text22       0EB9
__ptext23                                                                          text23       0E2E
__ptext24                                                                          text24       0CEF
__ptext25                                                                          text25       0F57
__ptext26                                                                          text26       09F5
__ptext27                                                                          text27       09EC
__ptext28                                                                          text28       09E3
__ptext29                                                                          text29       0AC5
__ptext3                                                                           text3        0A1D
__ptext30                                                                          text30       0A40
__ptext31                                                                          text31       0A5B
__ptext32                                                                          text32       0B19
__ptext4                                                                           text4        0A79
__ptext5                                                                           text5        007A
__ptext6                                                                           text6        0C98
__ptext7                                                                           text7        09D3
__ptext8                                                                           text8        0B4D
__ptext9                                                                           text9        0BC0
__stringbase                                                                       stringtext   0812
__stringtab                                                                        stringtext   0800
_dbuf                                                                              bssBANK1     00A0
_flags                                                                             bssBANK0     006C
_fputc                                                                             text6        0C98
_g_flag                                                                            bssBANK0     006A
_g_timer_led_blink                                                                 bssCOMMON    007A
_main                                                                              maintext     0552
_prec                                                                              bssBANK0     0068
_printf                                                                            text3        0A1D
_putch                                                                             text7        09D3
_read_voltage                                                                      text1        03BF
_vfpfcnvrt                                                                         text5        007A
_vfprintf                                                                          text4        0A79
_width                                                                             bssBANK0     0066
btemp                                                                              (abs)        007E
clear_ram0                                                                         clrtext      09DB
end_of_initialization                                                              cinit        07FC
fputc@c                                                                            cstackCOMMON 0077
fputc@fp                                                                           cstackCOMMON 0079
interrupt_function                                                                 intentry     0004
intlevel0                                                                          functab      0000
intlevel1                                                                          functab      0000
intlevel2                                                                          functab      0000
intlevel3                                                                          functab      0000
intlevel4                                                                          functab      0000
intlevel5                                                                          functab      0000
main@ina226                                                                        cstackBANK1  00C6
main@voltage_batt_12V_high                                                         cstackBANK1  00C2
main@voltage_batt_12V_low                                                          cstackBANK1  00C4
main@voltage_bus_24V                                                               cstackBANK1  00C0
printf@ap                                                                          cstackBANK0  003D
printf@fmt                                                                         cstackBANK0  0039
putch@txData                                                                       cstackCOMMON 0076
read_voltage@R1                                                                    cstackBANK0  0046
read_voltage@R2                                                                    cstackBANK0  003B
read_voltage@average                                                               cstackBANK0  004A
read_voltage@i                                                                     cstackBANK0  0045
read_voltage@sample                                                                cstackBANK0  003F
read_voltage@sum                                                                   cstackBANK0  0041
reset_vec                                                                          reset_vec    0000
saved_w                                                                            (abs)        007E
start                                                                              init         000C
start_initialization                                                               cinit        07E8
vfpfcnvrt@ap                                                                       cstackBANK0  0027
vfpfcnvrt@c                                                                        cstackBANK0  0032
vfpfcnvrt@convarg                                                                  cstackBANK0  002E
vfpfcnvrt@cp                                                                       cstackBANK0  002C
vfpfcnvrt@fmt                                                                      cstackBANK0  0026
vfpfcnvrt@fp                                                                       cstackBANK0  0025
vfprintf@ap                                                                        cstackBANK0  0036
vfprintf@cfmt                                                                      cstackBANK0  0037
vfprintf@fmt                                                                       cstackBANK0  0034
vfprintf@fp                                                                        cstackBANK0  0033
wtemp0                                                                             (abs)        007E


MODULE INFORMATION

Module		Function		Class		Link	Load	Size
interrupts.c
		_ISR           		CODE           	0B19	0000	52
		_Interrupt_Init		CODE           	0A0D	0000	16

interrupts.c estimated size: 68

sw_uart.c
		_SendUART_debug		CODE           	0B85	0000	59
		_putch         		CODE           	09D3	0000	8

sw_uart.c estimated size: 67

C:\Program Files\Microchip\xc8\v2.50\pic\sources\c99\common\printf.c
		_printf        		CODE           	0A1D	0000	17

C:\Program Files\Microchip\xc8\v2.50\pic\sources\c99\common\printf.c estimated size: 17

inits.c
		_Global_Init   		CODE           	0AEF	0000	42

inits.c estimated size: 42

C:\Program Files\Microchip\xc8\v2.50\pic\sources\c99\common\lwmod.c
		___lwmod       		CODE           	0B4D	0000	56

C:\Program Files\Microchip\xc8\v2.50\pic\sources\c99\common\lwmod.c estimated size: 56

C:\Program Files\Microchip\xc8\v2.50\pic\sources\c99\common\Umul32.c
		___lmul        		CODE           	0C02	0000	72

C:\Program Files\Microchip\xc8\v2.50\pic\sources\c99\common\Umul32.c estimated size: 72

ina226.c
		_AutoFox_INA226_ReadRegister		CODE           	0F57	0000	169
		_AutoFox_INA226_CheckI2cAddress		CODE           	0A9E	0000	39
		_AutoFox_INA226_WriteRegister		CODE           	0CEF	0000	90
		_AutoFox_INA226_ConfigureVoltageConversionTime		CODE           	0EB9	0000	158
		_SendErrorStatus		CODE           	0DA7	0000	135
		_AutoFox_INA226_setupCalibration		CODE           	0272	0000	333
		_AutoFox_INA226_Init		CODE           	016A	0000	264
		_AutoFox_INA226_Constructor		CODE           	0D49	0000	94
		_AutoFox_INA226_GetBusVoltage_V		CODE           	0C4A	0000	78
		_AutoFox_INA226_ConfigureNumSampleAveraging		CODE           	0E2E	0000	139

ina226.c estimated size: 1499

adc.c
		_ADC_Read_ADC_Result		CODE           	0A2E	0000	18
		_read_voltage  		CODE           	03BF	0000	403
		_ADC_Init      		CODE           	0A5B	0000	30

adc.c estimated size: 451

C:\Program Files\Microchip\xc8\v2.50\pic\sources\c99\common\__lldiv.c
		___lldiv       		CODE           	0014	0000	102

C:\Program Files\Microchip\xc8\v2.50\pic\sources\c99\common\__lldiv.c estimated size: 102

C:\Program Files\Microchip\xc8\v2.50\pic\sources\c99\common\nf_fputc.c
		_fputc         		CODE           	0C98	0000	87

C:\Program Files\Microchip\xc8\v2.50\pic\sources\c99\common\nf_fputc.c estimated size: 87

shared
		_INA226_MANUFACTURER_ID		STRCODE        	0000	0000	0
		_cAlertCauseMask		STRCODE        	0000	0000	0
		_cSampleAvgIdxShift		STRCODE        	0000	0000	0
		_INA226_POWER_LSB_FACTOR		STRCODE        	0000	0000	0
		_cBusVoltageConvTimeMask		STRCODE        	0000	0000	0
		_cMaxSampleAvgTblIdx		STRCODE        	0000	0000	0
		_cShuntVoltageConvTimeMask		STRCODE        	0000	0000	0
		__stringtab    		STRCODE        	0800	0000	18
		_INA226_DEFAULT_I2C_ADDRESS		STRCODE        	0000	0000	0
		_INA226_BUS_VOLTAGE		STRCODE        	0000	0000	0
		_INA226_MASK_ENABLE		STRCODE        	0000	0000	0
		_INA226_POWER  		STRCODE        	0000	0000	0
		_INA226_CONFIG 		STRCODE        	0000	0000	0
		_INA226_DIE_ID 		STRCODE        	0000	0000	0
		_cMaxConvTimeTblIdx		STRCODE        	0000	0000	0
		_cBusVoltConvTimeIdxShift		STRCODE        	0000	0000	0
		_INA226_SHUNT_VOLTAGE		STRCODE        	0000	0000	0
		_INA226_I2C_TIMEOUT@ina226$F818		STRCODE        	0000	0000	0
		_cShuntVoltConvTimeIdxShift		STRCODE        	0000	0000	0
		_INA226_DEFAULT_I2C_ADDRESS@ina226$F817		STRCODE        	0000	0000	0
		_INA226_CURRENT		STRCODE        	0000	0000	0
		_INA226_MANUFACTURER_ID_K		STRCODE        	0000	0000	0
		_INA226_CALIBRATION		STRCODE        	0000	0000	0
		__initialization		CODE           	07E8	0000	20
		_INA226_ALERT_LIMIT		STRCODE        	0000	0000	0
		_INA226_DIE_ID_K		STRCODE        	0000	0000	0
		_cResetCommand 		STRCODE        	0000	0000	0
		_cSampleAvgMask		STRCODE        	0000	0000	0
		_cOperatingModeMask		STRCODE        	0000	0000	0
		_cAlertPinModeMask		STRCODE        	0000	0000	0
		_INA226_I2C_TIMEOUT		STRCODE        	0000	0000	0
		read_voltage@vref		STRCODE        	0000	0000	0
		_INA226_CONFIG_DEFAULT		STRCODE        	0000	0000	0
		read_voltage@num_samples		STRCODE        	0000	0000	0
		_INA226_BUS_VOLTAGE_LSB		STRCODE        	0000	0000	0
		_cAlertLatchingMode		STRCODE        	0000	0000	0

shared estimated size: 38

C:\Program Files\Microchip\xc8\v2.50\pic\sources\c99\common\lwdiv.c
		___lwdiv       		CODE           	0BC0	0000	66

C:\Program Files\Microchip\xc8\v2.50\pic\sources\c99\common\lwdiv.c estimated size: 66

C:\Program Files\Microchip\xc8\v2.50\pic\sources\c99\common\doprnt.c
		_vfpfcnvrt     		CODE           	007A	0000	240
		_vfprintf      		CODE           	0A79	0000	37

C:\Program Files\Microchip\xc8\v2.50\pic\sources\c99\common\doprnt.c estimated size: 277

main.c
		_main          		CODE           	0552	0000	662

main.c estimated size: 662

hw_i2c.c
		_I2C_Master_Read		CODE           	0AC5	0000	42
		_I2C_Master_Wait		CODE           	0A40	0000	27
		_I2C_Master_Stop		CODE           	09EC	0000	9
		_I2C_Init      		CODE           	09FF	0000	14
		_I2C_Master_Write		CODE           	09F5	0000	10
		_I2C_Master_Start		CODE           	09E3	0000	9

hw_i2c.c estimated size: 111

