Archive member included to satisfy reference by file (symbol)

c:/program files/microchip/xc8/v3.00/avr/bin/../lib/gcc/avr/5.4.0/avrxmega2/memx-const/mapped\libgcc.a(_mulsi3.o)
                              build/default/production/adc_conv.o (__mulsi3)
c:/program files/microchip/xc8/v3.00/avr/bin/../lib/gcc/avr/5.4.0/avrxmega2/memx-const/mapped\libgcc.a(_udivmodsi4.o)
                              build/default/production/adc_conv.o (__udivmodsi4)
c:/program files/microchip/xc8/v3.00/avr/bin/../lib/gcc/avr/5.4.0/avrxmega2/memx-const/mapped\libgcc.a(_copy_data.o)
                              build/default/production/mcc_generated_files/i2c_host/src/twi0.o (__do_copy_data)
c:/program files/microchip/xc8/v3.00/avr/bin/../lib/gcc/avr/5.4.0/avrxmega2/memx-const/mapped\libgcc.a(_umulhisi3.o)
                              build/default/production/adc_conv.o (__umulhisi3)
c:/program files/microchip/xc8/v3.00/avr/bin/../lib/gcc/avr/5.4.0/avrxmega2/memx-const/mapped\libgcc.a(_muluhisi3.o)
                              build/default/production/adc_conv.o (__muluhisi3)
c:/program files/microchip/xc8/v3.00/avr/bin/../lib/gcc/avr/5.4.0/../../../../avr/lib/avrxmega2/memx-const/mapped\libc.a(exit.o)
                              C:/Users/User/.mchp_packs/Microchip/AVR-Dx_DFP/2.7.321/xc8/avr/lib/avrxmega2/memx-const/mapped/crtavr64dd28.o (exit)
c:/program files/microchip/xc8/v3.00/avr/bin/../lib/gcc/avr/5.4.0/../../../../avr/lib/avrxmega2/memx-const/mapped\libc.a(__sio_printf_dosux.o)
                              build/default/production/adc_conv.o (_printf_cdopsuxX)
c:/program files/microchip/xc8/v3.00/avr/bin/../lib/gcc/avr/5.4.0/../../../../avr/lib/avrxmega2/memx-const/mapped\libc.a(__fmt_d.o)
                              c:/program files/microchip/xc8/v3.00/avr/bin/../lib/gcc/avr/5.4.0/../../../../avr/lib/avrxmega2/memx-const/mapped\libc.a(__sio_printf_dosux.o) (__fmt_d_needed)
c:/program files/microchip/xc8/v3.00/avr/bin/../lib/gcc/avr/5.4.0/../../../../avr/lib/avrxmega2/memx-const/mapped\libc.a(__fmt_o.o)
                              c:/program files/microchip/xc8/v3.00/avr/bin/../lib/gcc/avr/5.4.0/../../../../avr/lib/avrxmega2/memx-const/mapped\libc.a(__sio_printf_dosux.o) (__fmt_o_needed)
c:/program files/microchip/xc8/v3.00/avr/bin/../lib/gcc/avr/5.4.0/../../../../avr/lib/avrxmega2/memx-const/mapped\libc.a(__fmt_s.o)
                              c:/program files/microchip/xc8/v3.00/avr/bin/../lib/gcc/avr/5.4.0/../../../../avr/lib/avrxmega2/memx-const/mapped\libc.a(__sio_printf_dosux.o) (__fmt_s_needed)
c:/program files/microchip/xc8/v3.00/avr/bin/../lib/gcc/avr/5.4.0/../../../../avr/lib/avrxmega2/memx-const/mapped\libc.a(__fmt_u.o)
                              c:/program files/microchip/xc8/v3.00/avr/bin/../lib/gcc/avr/5.4.0/../../../../avr/lib/avrxmega2/memx-const/mapped\libc.a(__fmt_d.o) (__cvt_u)
c:/program files/microchip/xc8/v3.00/avr/bin/../lib/gcc/avr/5.4.0/../../../../avr/lib/avrxmega2/memx-const/mapped\libc.a(__fmt_x.o)
                              c:/program files/microchip/xc8/v3.00/avr/bin/../lib/gcc/avr/5.4.0/../../../../avr/lib/avrxmega2/memx-const/mapped\libc.a(__sio_printf_dosux.o) (__fmt_x_needed)
c:/program files/microchip/xc8/v3.00/avr/bin/../lib/gcc/avr/5.4.0/../../../../avr/lib/avrxmega2/memx-const/mapped\libc.a(__pop_int.o)
                              c:/program files/microchip/xc8/v3.00/avr/bin/../lib/gcc/avr/5.4.0/../../../../avr/lib/avrxmega2/memx-const/mapped\libc.a(__sio_printf_dosux.o) (__pop_int_needed)
c:/program files/microchip/xc8/v3.00/avr/bin/../lib/gcc/avr/5.4.0/../../../../avr/lib/avrxmega2/memx-const/mapped\libc.a(__printf_core.o)
                              c:/program files/microchip/xc8/v3.00/avr/bin/../lib/gcc/avr/5.4.0/../../../../avr/lib/avrxmega2/memx-const/mapped\libc.a(__fmt_d.o) (__pad)
c:/program files/microchip/xc8/v3.00/avr/bin/../lib/gcc/avr/5.4.0/../../../../avr/lib/avrxmega2/memx-const/mapped\libc.a(fputc.o)
                              c:/program files/microchip/xc8/v3.00/avr/bin/../lib/gcc/avr/5.4.0/../../../../avr/lib/avrxmega2/memx-const/mapped\libc.a(__printf_core.o) (fputc)
c:/program files/microchip/xc8/v3.00/avr/bin/../lib/gcc/avr/5.4.0/../../../../avr/lib/avrxmega2/memx-const/mapped\libc.a(stdout.o)
                              build/default/production/main.o (_stdout)
c:/program files/microchip/xc8/v3.00/avr/bin/../lib/gcc/avr/5.4.0/../../../../avr/lib/avrxmega2/memx-const/mapped\libc.a(strlen.o)
                              c:/program files/microchip/xc8/v3.00/avr/bin/../lib/gcc/avr/5.4.0/../../../../avr/lib/avrxmega2/memx-const/mapped\libc.a(__fmt_s.o) (strlen)
c:/program files/microchip/xc8/v3.00/avr/bin/../lib/gcc/avr/5.4.0/../../../../avr/lib/avrxmega2/memx-const/mapped\libc.a(tolower.o)
                              c:/program files/microchip/xc8/v3.00/avr/bin/../lib/gcc/avr/5.4.0/../../../../avr/lib/avrxmega2/memx-const/mapped\libc.a(__printf_core.o) (tolower)
[...]
Memory Configuration

Name             Origin             Length             Attributes
text             0x0000000000000000 0x0000000000010000 xr
data             0x0000000000806000 0x0000000000002000 rw !x
eeprom           0x0000000000810000 0x0000000000000100 rw !x
fuse             0x0000000000820000 0x0000000000000010 rw !x
lock             0x0000000000830000 0x0000000000000400 rw !x
signature        0x0000000000840000 0x0000000000000400 rw !x
user_signatures  0x0000000000850000 0x0000000000000400 rw !x
bootrow          0x0000000000860000 0x0000000000000400 rw !x
*default*        0x0000000000000000 0xffffffffffffffff

Linker script and memory map

Address of section .data set to 0x806000
                0x0000000000008000                __RODATA_PM_OFFSET__ = 0x8000
LOAD C:/Users/User/.mchp_packs/Microchip/AVR-Dx_DFP/2.7.321/xc8/avr/lib/avrxmega2/memx-const/mapped/crtavr64dd28.o
                0x0000000000000001                __MPLAB_BUILD = 0x1
LOAD build/default/production/mcc_generated_files/adc/src/adc0.o
LOAD build/default/production/mcc_generated_files/i2c_host/src/twi0.o
LOAD build/default/production/mcc_generated_files/system/src/clock.o
LOAD build/default/production/mcc_generated_files/system/src/protected_io.o
LOAD build/default/production/mcc_generated_files/system/src/pins.o
LOAD build/default/production/mcc_generated_files/system/src/interrupt.o
LOAD build/default/production/mcc_generated_files/system/src/config_bits.o
LOAD build/default/production/mcc_generated_files/system/src/system.o
LOAD build/default/production/mcc_generated_files/timer/src/tca0.o
LOAD build/default/production/mcc_generated_files/timer/src/tcd0.o
LOAD build/default/production/mcc_generated_files/timer/src/tcb0.o
LOAD build/default/production/mcc_generated_files/timer/src/delay.o
LOAD build/default/production/mcc_generated_files/uart/src/usart1.o
LOAD build/default/production/mcc_generated_files/uart/src/usart0.o
LOAD build/default/production/mcc_generated_files/vref/src/vref.o
LOAD build/default/production/main.o
LOAD build/default/production/uart_remap.o
LOAD build/default/production/adc_conv.o
START GROUP
LOAD c:/program files/microchip/xc8/v3.00/avr/bin/../lib/gcc/avr/5.4.0/../../../../avr/lib/avrxmega2/memx-const/mapped\libm.a
END GROUP
START GROUP
LOAD c:/program files/microchip/xc8/v3.00/avr/bin/../lib/gcc/avr/5.4.0/avrxmega2/memx-const/mapped\libgcc.a
LOAD c:/program files/microchip/xc8/v3.00/avr/bin/../lib/gcc/avr/5.4.0/../../../../avr/lib/avrxmega2/memx-const/mapped\libm.a
LOAD c:/program files/microchip/xc8/v3.00/avr/bin/../lib/gcc/avr/5.4.0/../../../../avr/lib/avrxmega2/memx-const/mapped\libc.a
LOAD C:/Users/User/.mchp_packs/Microchip/AVR-Dx_DFP/2.7.321/xc8/avr/lib/avrxmega2/memx-const/mapped\libavr64dd28.a
END GROUP
                [0x0000000000000000]                __TEXT_REGION_ORIGIN__ = DEFINED (__TEXT_REGION_ORIGIN__)?__TEXT_REGION_ORIGIN__:0x0
                [0x0000000000806000]                __DATA_REGION_ORIGIN__ = DEFINED (__DATA_REGION_ORIGIN__)?__DATA_REGION_ORIGIN__:0x802000
                [0x0000000000010000]                __TEXT_REGION_LENGTH__ = DEFINED (__TEXT_REGION_LENGTH__)?__TEXT_REGION_LENGTH__:0x100000
                [0x0000000000002000]                __DATA_REGION_LENGTH__ = DEFINED (__DATA_REGION_LENGTH__)?__DATA_REGION_LENGTH__:0xffa0
                [0x0000000000000100]                __EEPROM_REGION_LENGTH__ = DEFINED (__EEPROM_REGION_LENGTH__)?__EEPROM_REGION_LENGTH__:0x10000
                [0x0000000000000010]                __FUSE_REGION_LENGTH__ = DEFINED (__FUSE_REGION_LENGTH__)?__FUSE_REGION_LENGTH__:0x400
                0x0000000000000400                __LOCK_REGION_LENGTH__ = DEFINED (__LOCK_REGION_LENGTH__)?__LOCK_REGION_LENGTH__:0x400
                0x0000000000000400                __SIGNATURE_REGION_LENGTH__ = DEFINED (__SIGNATURE_REGION_LENGTH__)?__SIGNATURE_REGION_LENGTH__:0x400
                0x0000000000000400                __USER_SIGNATURE_REGION_LENGTH__ = DEFINED (__USER_SIGNATURE_REGION_LENGTH__)?__USER_SIGNATURE_REGION_LENGTH__:0x400
                0x0000000000000400                __BOOTROW_REGION_LENGTH__ = DEFINED (__BOOTROW_REGION_LENGTH__)?__BOOTROW_REGION_LENGTH__:0x400

.hash
 *(.hash)

.dynsym
 *(.dynsym)

.dynstr
 *(.dynstr)

.gnu.version
 *(.gnu.version)

.gnu.version_d
 *(.gnu.version_d)

.gnu.version_r
 *(.gnu.version_r)

.rel.init
 *(.rel.init)

.rela.init
 *(.rela.init)

.rel.text
 *(.rel.text)
 *(.rel.text.*)
 *(.rel.gnu.linkonce.t*)

.rela.text
 *(.rela.text)
 *(.rela.text.*)
 *(.rela.gnu.linkonce.t*)

.rel.fini
 *(.rel.fini)

.rela.fini
 *(.rela.fini)

.rel.rodata
 *(.rel.rodata)
 *(.rel.rodata.*)
 *(.rel.gnu.linkonce.r*)

.rela.rodata
 *(.rela.rodata)
 *(.rela.rodata.*)
 *(.rela.gnu.linkonce.r*)

.rel.data
 *(.rel.data)
 *(.rel.data.*)
 *(.rel.gnu.linkonce.d*)

.rela.data
 *(.rela.data)
 *(.rela.data.*)
 *(.rela.gnu.linkonce.d*)

.rel.ctors
 *(.rel.ctors)

.rela.ctors
 *(.rela.ctors)

.rel.dtors
 *(.rel.dtors)

.rela.dtors
 *(.rela.dtors)

.rel.got
 *(.rel.got)

.rela.got
 *(.rela.got)

.rel.bss
 *(.rel.bss)

.rela.bss
 *(.rela.bss)

.rel.plt
 *(.rel.plt)

.rela.plt
 *(.rela.plt)

.text           0x0000000000000000      0x120
 *(.vectors)
 .vectors       0x0000000000000000       0x90 C:/Users/User/.mchp_packs/Microchip/AVR-Dx_DFP/2.7.321/xc8/avr/lib/avrxmega2/memx-const/mapped/crtavr64dd28.o
                0x0000000000000000                __vector_default
                0x0000000000000000                __vectors
 *(.vectors)
 *(.progmem.gcc*)
 *(.dinit)
 .dinit         0x0000000000000090       0x29 data_init
                0x00000000000000ba                . = ALIGN (0x2)
 *fill*         0x00000000000000b9        0x1 
                0x00000000000000ba                __trampolines_start = .
 *(.trampolines)
 .trampolines   0x00000000000000ba        0x0 linker stubs
 *(.trampolines*)
                0x00000000000000ba                __trampolines_end = .
 *libprintf_flt.a:*(.progmem.data)
 *libc.a:*(.progmem.data)
                0x00000000000000ba                . = ALIGN (0x2)
 *(.jumptables)
 *(.jumptables*)
 *(.lowtext)
 *(.lowtext*)
                0x00000000000000ba                __ctors_start = .
 *(.ctors)
                0x00000000000000ba                __ctors_end = .
                0x00000000000000ba                __dtors_start = .
 *(.dtors)
                0x00000000000000ba                __dtors_end = .
 SORT(*)(.ctors)
 SORT(*)(.dtors)
 *(.init0)
 .init0         0x00000000000000ba        0x0 C:/Users/User/.mchp_packs/Microchip/AVR-Dx_DFP/2.7.321/xc8/avr/lib/avrxmega2/memx-const/mapped/crtavr64dd28.o
                0x00000000000000ba                __init
 *(.init0)
 *(.init1)
 .init1         0x00000000000000ba       0x12 C:/Users/User/.mchp_packs/Microchip/AVR-Dx_DFP/2.7.321/xc8/avr/lib/avrxmega2/memx-const/mapped/crtavr64dd28.o
 *(.init1)
 *(.init2)
 .init2         0x00000000000000cc        0xc C:/Users/User/.mchp_packs/Microchip/AVR-Dx_DFP/2.7.321/xc8/avr/lib/avrxmega2/memx-const/mapped/crtavr64dd28.o
 *(.init2)
 *(.init3)
 *(.init3)
 *(.init4)
 .init4         0x00000000000000d8       0x3c c:/program files/microchip/xc8/v3.00/avr/bin/../lib/gcc/avr/5.4.0/avrxmega2/memx-const/mapped\libgcc.a(_copy_data.o)
                0x00000000000000d8                __do_copy_data
                0x0000000000000106                __do_clear_bss
 *(.init4)
 *(.init5)
 *(.init5)
 *(.init6)
 *(.init6)
 *(.init7)
 *(.init7)
 *(.init8)
 *(.init8)
 *(.init9)
 .init9         0x0000000000000114        0x8 C:/Users/User/.mchp_packs/Microchip/AVR-Dx_DFP/2.7.321/xc8/avr/lib/avrxmega2/memx-const/mapped/crtavr64dd28.o
 *(.init9)
                0x000000000000011c                . = ALIGN (0x2)
 *(.fini9)
 .fini9         0x000000000000011c        0x0 c:/program files/microchip/xc8/v3.00/avr/bin/../lib/gcc/avr/5.4.0/avrxmega2/memx-const/mapped\libgcc.a(_exit.o)
                0x000000000000011c                _exit
 *(.fini9)
 *(.fini8)
 *(.fini8)
 *(.fini7)
 *(.fini7)
 *(.fini6)
 *(.fini6)
 *(.fini5)
 *(.fini5)
 *(.fini4)
 *(.fini4)
 *(.fini3)
 *(.fini3)
 *(.fini2)
 *(.fini2)
 *(.fini1)
 *(.fini1)
 *(.fini0)
 .fini0         0x000000000000011c        0x4 c:/program files/microchip/xc8/v3.00/avr/bin/../lib/gcc/avr/5.4.0/avrxmega2/memx-const/mapped\libgcc.a(_exit.o)
 *(.fini0)
                0x0000000000000120                _etext = .

.data           0x0000000000806000        0x0 load address 0x0000000000000120
                [!provide]                        PROVIDE (__data_start, .)
 *(.gnu.linkonce.d*)
 *(.gnu.linkonce.r*)
                0x0000000000806000                . = ALIGN (0x2)
                0x0000000000806000                _edata = .
                [!provide]                        PROVIDE (__data_end, .)

.bss            0x0000000000806000        0x2
                [!provide]                        PROVIDE (__bss_start, .)
 *(COMMON)
 COMMON         0x0000000000806000        0x2 c:/program files/microchip/xc8/v3.00/avr/bin/../lib/gcc/avr/5.4.0/../../../../avr/lib/avrxmega2/memx-const/mapped\libc.a(errno.o)
                0x0000000000806000                __errno_val
                [!provide]                        PROVIDE (__bss_end, .)
                0x0000000000000120                __data_load_start = LOADADDR (.data)
                0x0000000000000120                __data_load_end = (__data_load_start + SIZEOF (.data))

.noinit         0x0000000000806002        0x0
                [!provide]                        PROVIDE (__noinit_start, .)
 *(.noinit*)
                [!provide]                        PROVIDE (__noinit_end, .)
                0x0000000000806002                _end = .

.eeprom         0x0000000000810000        0x0
 *(.eeprom*)
                0x0000000000810000                __eeprom_end = .

.fuse           0x0000000000820000        0x9
 *(.fuse)
 .fuse          0x0000000000820000        0x9 build/default/production/mcc_generated_files/system/src/config_bits.o
                0x0000000000820000                __fuse
 *(.lfuse)
 *(.hfuse)
 *(.efuse)

.lock
 *(.lock*)

.signature
 *(.signature*)

.user_signatures
 *(.user_signatures*)

.bootrow
 *(.bootrow*)

.stab
 *(.stab)

.stabstr
 *(.stabstr)

.stab.excl
 *(.stab.excl)

.stab.exclstr
 *(.stab.exclstr)

.stab.index
 *(.stab.index)

.stab.indexstr
 *(.stab.indexstr)

.comment        0x0000000000000000       0x5b
 *(.comment)
 .comment       0x0000000000000000       0x2f build/default/production/mcc_generated_files/adc/src/adc0.o
                                         0x30 (size before relaxing)
 .comment       0x000000000000002f       0x30 build/default/production/mcc_generated_files/i2c_host/src/twi0.o
 .comment       0x000000000000002f       0x30 build/default/production/mcc_generated_files/system/src/clock.o
 .comment       0x000000000000002f       0x30 build/default/production/mcc_generated_files/system/src/pins.o
 .comment       0x000000000000002f       0x30 build/default/production/mcc_generated_files/system/src/interrupt.o
 .comment       0x000000000000002f       0x30 build/default/production/mcc_generated_files/system/src/config_bits.o
 .comment       0x000000000000002f       0x30 build/default/production/mcc_generated_files/system/src/system.o
 .comment       0x000000000000002f       0x30 build/default/production/mcc_generated_files/timer/src/tca0.o
 .comment       0x000000000000002f       0x30 build/default/production/mcc_generated_files/timer/src/tcd0.o
 .comment       0x000000000000002f       0x30 build/default/production/mcc_generated_files/timer/src/tcb0.o
 .comment       0x000000000000002f       0x30 build/default/production/mcc_generated_files/timer/src/delay.o
 .comment       0x000000000000002f       0x30 build/default/production/mcc_generated_files/uart/src/usart1.o
 .comment       0x000000000000002f       0x30 build/default/production/mcc_generated_files/uart/src/usart0.o
 .comment       0x000000000000002f       0x30 build/default/production/mcc_generated_files/vref/src/vref.o
 .comment       0x000000000000002f       0x30 build/default/production/main.o
 .comment       0x000000000000002f       0x30 build/default/production/uart_remap.o
 .comment       0x000000000000002f       0x30 build/default/production/adc_conv.o
 .comment       0x000000000000002f       0x2c c:/program files/microchip/xc8/v3.00/avr/bin/../lib/gcc/avr/5.4.0/../../../../avr/lib/avrxmega2/memx-const/mapped\libc.a(exit.o)
                                         0x2d (size before relaxing)
 .comment       0x000000000000005b       0x2d c:/program files/microchip/xc8/v3.00/avr/bin/../lib/gcc/avr/5.4.0/../../../../avr/lib/avrxmega2/memx-const/mapped\libc.a(__sio_printf_dosux.o)
 .comment       0x000000000000005b       0x2d c:/program files/microchip/xc8/v3.00/avr/bin/../lib/gcc/avr/5.4.0/../../../../avr/lib/avrxmega2/memx-const/mapped\libc.a(__fmt_d.o)
 .comment       0x000000000000005b       0x2d c:/program files/microchip/xc8/v3.00/avr/bin/../lib/gcc/avr/5.4.0/../../../../avr/lib/avrxmega2/memx-const/mapped\libc.a(__fmt_o.o)
 .comment       0x000000000000005b       0x2d c:/program files/microchip/xc8/v3.00/avr/bin/../lib/gcc/avr/5.4.0/../../../../avr/lib/avrxmega2/memx-const/mapped\libc.a(__fmt_s.o)
 .comment       0x000000000000005b       0x2d c:/program files/microchip/xc8/v3.00/avr/bin/../lib/gcc/avr/5.4.0/../../../../avr/lib/avrxmega2/memx-const/mapped\libc.a(__fmt_u.o)
 .comment       0x000000000000005b       0x2d c:/program files/microchip/xc8/v3.00/avr/bin/../lib/gcc/avr/5.4.0/../../../../avr/lib/avrxmega2/memx-const/mapped\libc.a(__fmt_x.o)
 .comment       0x000000000000005b       0x2d c:/program files/microchip/xc8/v3.00/avr/bin/../lib/gcc/avr/5.4.0/../../../../avr/lib/avrxmega2/memx-const/mapped\libc.a(__pop_int.o)
 .comment       0x000000000000005b       0x2d c:/program files/microchip/xc8/v3.00/avr/bin/../lib/gcc/avr/5.4.0/../../../../avr/lib/avrxmega2/memx-const/mapped\libc.a(__printf_core.o)
 .comment       0x000000000000005b       0x2d c:/program files/microchip/xc8/v3.00/avr/bin/../lib/gcc/avr/5.4.0/../../../../avr/lib/avrxmega2/memx-const/mapped\libc.a(fputc.o)
 .comment       0x000000000000005b       0x2d c:/program files/microchip/xc8/v3.00/avr/bin/../lib/gcc/avr/5.4.0/../../../../avr/lib/avrxmega2/memx-const/mapped\libc.a(stdout.o)
 .comment       0x000000000000005b       0x2d c:/program files/microchip/xc8/v3.00/avr/bin/../lib/gcc/avr/5.4.0/../../../../avr/lib/avrxmega2/memx-const/mapped\libc.a(strlen.o)
 .comment       0x000000000000005b       0x2d c:/program files/microchip/xc8/v3.00/avr/bin/../lib/gcc/avr/5.4.0/../../../../avr/lib/avrxmega2/memx-const/mapped\libc.a(tolower.o)
 .comment       0x000000000000005b       0x2d c:/program files/microchip/xc8/v3.00/avr/bin/../lib/gcc/avr/5.4.0/../../../../avr/lib/avrxmega2/memx-const/mapped\libc.a(toupper.o)
 .comment       0x000000000000005b       0x2d c:/program files/microchip/xc8/v3.00/avr/bin/../lib/gcc/avr/5.4.0/../../../../avr/lib/avrxmega2/memx-const/mapped\libc.a(errno.o)
 .comment       0x000000000000005b       0x2d c:/program files/microchip/xc8/v3.00/avr/bin/../lib/gcc/avr/5.4.0/../../../../avr/lib/avrxmega2/memx-const/mapped\libc.a(_Exit.o)
 .comment       0x000000000000005b       0x2d c:/program files/microchip/xc8/v3.00/avr/bin/../lib/gcc/avr/5.4.0/../../../../avr/lib/avrxmega2/memx-const/mapped\libc.a(__int_vfprintf.o)

.stack.descriptors.hdr
                0x0000000000000000      0x134
 .stack.descriptors.hdr
                0x0000000000000000        0xe c:/program files/microchip/xc8/v3.00/avr/bin/../lib/gcc/avr/5.4.0/avrxmega2/memx-const/mapped\libgcc.a(_mulsi3.o)
 .stack.descriptors.hdr
                0x000000000000000e        0xe c:/program files/microchip/xc8/v3.00/avr/bin/../lib/gcc/avr/5.4.0/avrxmega2/memx-const/mapped\libgcc.a(_udivmodsi4.o)
 .stack.descriptors.hdr
                0x000000000000001c        0xe c:/program files/microchip/xc8/v3.00/avr/bin/../lib/gcc/avr/5.4.0/avrxmega2/memx-const/mapped\libgcc.a(_umulhisi3.o)
 .stack.descriptors.hdr
                0x000000000000002a        0xe c:/program files/microchip/xc8/v3.00/avr/bin/../lib/gcc/avr/5.4.0/avrxmega2/memx-const/mapped\libgcc.a(_muluhisi3.o)
 .stack.descriptors.hdr
                0x0000000000000038        0xe c:/program files/microchip/xc8/v3.00/avr/bin/../lib/gcc/avr/5.4.0/../../../../avr/lib/avrxmega2/memx-const/mapped\libc.a(exit.o)
 .stack.descriptors.hdr
                0x0000000000000046        0xe c:/program files/microchip/xc8/v3.00/avr/bin/../lib/gcc/avr/5.4.0/../../../../avr/lib/avrxmega2/memx-const/mapped\libc.a(__sio_printf_dosux.o)
 .stack.descriptors.hdr
                0x0000000000000054        0xe c:/program files/microchip/xc8/v3.00/avr/bin/../lib/gcc/avr/5.4.0/../../../../avr/lib/avrxmega2/memx-const/mapped\libc.a(__fmt_d.o)
 .stack.descriptors.hdr
                0x0000000000000062        0xe c:/program files/microchip/xc8/v3.00/avr/bin/../lib/gcc/avr/5.4.0/../../../../avr/lib/avrxmega2/memx-const/mapped\libc.a(__fmt_o.o)
 .stack.descriptors.hdr
                0x0000000000000070        0xe c:/program files/microchip/xc8/v3.00/avr/bin/../lib/gcc/avr/5.4.0/../../../../avr/lib/avrxmega2/memx-const/mapped\libc.a(__fmt_s.o)
 .stack.descriptors.hdr
                0x000000000000007e        0xe c:/program files/microchip/xc8/v3.00/avr/bin/../lib/gcc/avr/5.4.0/../../../../avr/lib/avrxmega2/memx-const/mapped\libc.a(__fmt_u.o)
 .stack.descriptors.hdr
                0x000000000000008c        0xe c:/program files/microchip/xc8/v3.00/avr/bin/../lib/gcc/avr/5.4.0/../../../../avr/lib/avrxmega2/memx-const/mapped\libc.a(__fmt_x.o)
 .stack.descriptors.hdr
                0x000000000000009a        0xe c:/program files/microchip/xc8/v3.00/avr/bin/../lib/gcc/avr/5.4.0/../../../../avr/lib/avrxmega2/memx-const/mapped\libc.a(__pop_int.o)
 .stack.descriptors.hdr
                0x00000000000000a8        0xe c:/program files/microchip/xc8/v3.00/avr/bin/../lib/gcc/avr/5.4.0/../../../../avr/lib/avrxmega2/memx-const/mapped\libc.a(__printf_core.o)
 .stack.descriptors.hdr
                0x00000000000000b6        0xe c:/program files/microchip/xc8/v3.00/avr/bin/../lib/gcc/avr/5.4.0/../../../../avr/lib/avrxmega2/memx-const/mapped\libc.a(fputc.o)
 .stack.descriptors.hdr
                0x00000000000000c4        0xe c:/program files/microchip/xc8/v3.00/avr/bin/../lib/gcc/avr/5.4.0/../../../../avr/lib/avrxmega2/memx-const/mapped\libc.a(stdout.o)
 .stack.descriptors.hdr
                0x00000000000000d2        0xe c:/program files/microchip/xc8/v3.00/avr/bin/../lib/gcc/avr/5.4.0/../../../../avr/lib/avrxmega2/memx-const/mapped\libc.a(strlen.o)
 .stack.descriptors.hdr
                0x00000000000000e0        0xe c:/program files/microchip/xc8/v3.00/avr/bin/../lib/gcc/avr/5.4.0/../../../../avr/lib/avrxmega2/memx-const/mapped\libc.a(tolower.o)
 .stack.descriptors.hdr
                0x00000000000000ee        0xe c:/program files/microchip/xc8/v3.00/avr/bin/../lib/gcc/avr/5.4.0/../../../../avr/lib/avrxmega2/memx-const/mapped\libc.a(toupper.o)
 .stack.descriptors.hdr
                0x00000000000000fc        0xe c:/program files/microchip/xc8/v3.00/avr/bin/../lib/gcc/avr/5.4.0/../../../../avr/lib/avrxmega2/memx-const/mapped\libc.a(errno.o)
 .stack.descriptors.hdr
                0x000000000000010a        0xe c:/program files/microchip/xc8/v3.00/avr/bin/../lib/gcc/avr/5.4.0/../../../../avr/lib/avrxmega2/memx-const/mapped\libc.a(_Exit.o)
 .stack.descriptors.hdr
                0x0000000000000118        0xe c:/program files/microchip/xc8/v3.00/avr/bin/../lib/gcc/avr/5.4.0/../../../../avr/lib/avrxmega2/memx-const/mapped\libc.a(__int_vfprintf.o)
 .stack.descriptors.hdr
                0x0000000000000126        0xe c:/program files/microchip/xc8/v3.00/avr/bin/../lib/gcc/avr/5.4.0/avrxmega2/memx-const/mapped\libgcc.a(_exit.o)

.note.GNU-stack
                0x0000000000000000        0x0
 .note.GNU-stack
                0x0000000000000000        0x0 c:/program files/microchip/xc8/v3.00/avr/bin/../lib/gcc/avr/5.4.0/../../../../avr/lib/avrxmega2/memx-const/mapped\libc.a(exit.o)
 .note.GNU-stack
                0x0000000000000000        0x0 c:/program files/microchip/xc8/v3.00/avr/bin/../lib/gcc/avr/5.4.0/../../../../avr/lib/avrxmega2/memx-const/mapped\libc.a(__sio_printf_dosux.o)
 .note.GNU-stack
                0x0000000000000000        0x0 c:/program files/microchip/xc8/v3.00/avr/bin/../lib/gcc/avr/5.4.0/../../../../avr/lib/avrxmega2/memx-const/mapped\libc.a(__fmt_d.o)
 .note.GNU-stack
                0x0000000000000000        0x0 c:/program files/microchip/xc8/v3.00/avr/bin/../lib/gcc/avr/5.4.0/../../../../avr/lib/avrxmega2/memx-const/mapped\libc.a(__fmt_o.o)
 .note.GNU-stack
                0x0000000000000000        0x0 c:/program files/microchip/xc8/v3.00/avr/bin/../lib/gcc/avr/5.4.0/../../../../avr/lib/avrxmega2/memx-const/mapped\libc.a(__fmt_s.o)
 .note.GNU-stack
                0x0000000000000000        0x0 c:/program files/microchip/xc8/v3.00/avr/bin/../lib/gcc/avr/5.4.0/../../../../avr/lib/avrxmega2/memx-const/mapped\libc.a(__fmt_u.o)
 .note.GNU-stack
                0x0000000000000000        0x0 c:/program files/microchip/xc8/v3.00/avr/bin/../lib/gcc/avr/5.4.0/../../../../avr/lib/avrxmega2/memx-const/mapped\libc.a(__fmt_x.o)
 .note.GNU-stack
                0x0000000000000000        0x0 c:/program files/microchip/xc8/v3.00/avr/bin/../lib/gcc/avr/5.4.0/../../../../avr/lib/avrxmega2/memx-const/mapped\libc.a(__pop_int.o)
 .note.GNU-stack
                0x0000000000000000        0x0 c:/program files/microchip/xc8/v3.00/avr/bin/../lib/gcc/avr/5.4.0/../../../../avr/lib/avrxmega2/memx-const/mapped\libc.a(__printf_core.o)
 .note.GNU-stack
                0x0000000000000000        0x0 c:/program files/microchip/xc8/v3.00/avr/bin/../lib/gcc/avr/5.4.0/../../../../avr/lib/avrxmega2/memx-const/mapped\libc.a(fputc.o)
 .note.GNU-stack
                0x0000000000000000        0x0 c:/program files/microchip/xc8/v3.00/avr/bin/../lib/gcc/avr/5.4.0/../../../../avr/lib/avrxmega2/memx-const/mapped\libc.a(stdout.o)
 .note.GNU-stack
                0x0000000000000000        0x0 c:/program files/microchip/xc8/v3.00/avr/bin/../lib/gcc/avr/5.4.0/../../../../avr/lib/avrxmega2/memx-const/mapped\libc.a(strlen.o)
 .note.GNU-stack
                0x0000000000000000        0x0 c:/program files/microchip/xc8/v3.00/avr/bin/../lib/gcc/avr/5.4.0/../../../../avr/lib/avrxmega2/memx-const/mapped\libc.a(tolower.o)
 .note.GNU-stack
                0x0000000000000000        0x0 c:/program files/microchip/xc8/v3.00/avr/bin/../lib/gcc/avr/5.4.0/../../../../avr/lib/avrxmega2/memx-const/mapped\libc.a(toupper.o)
 .note.GNU-stack
                0x0000000000000000        0x0 c:/program files/microchip/xc8/v3.00/avr/bin/../lib/gcc/avr/5.4.0/../../../../avr/lib/avrxmega2/memx-const/mapped\libc.a(errno.o)
 .note.GNU-stack
                0x0000000000000000        0x0 c:/program files/microchip/xc8/v3.00/avr/bin/../lib/gcc/avr/5.4.0/../../../../avr/lib/avrxmega2/memx-const/mapped\libc.a(_Exit.o)
 .note.GNU-stack
                0x0000000000000000        0x0 c:/program files/microchip/xc8/v3.00/avr/bin/../lib/gcc/avr/5.4.0/../../../../avr/lib/avrxmega2/memx-const/mapped\libc.a(__int_vfprintf.o)

.note.gnu.build-id
 *(.note.gnu.build-id)

.debug
 *(.debug)

.line
 *(.line)

.debug_srcinfo
 *(.debug_srcinfo)

.debug_sfnames
 *(.debug_sfnames)

.debug_aranges  0x0000000000000000      0x7e8
 *(.debug_aranges)
 .debug_aranges
                0x0000000000000000       0xc8 build/default/production/mcc_generated_files/adc/src/adc0.o
 .debug_aranges
                0x00000000000000c8       0xb8 build/default/production/mcc_generated_files/i2c_host/src/twi0.o
 .debug_aranges
                0x0000000000000180       0x30 build/default/production/mcc_generated_files/system/src/clock.o
 .debug_aranges
                0x00000000000001b0       0x20 build/default/production/mcc_generated_files/system/src/protected_io.o
 .debug_aranges
                0x00000000000001d0      0x180 build/default/production/mcc_generated_files/system/src/pins.o
 .debug_aranges
                0x0000000000000350       0x20 build/default/production/mcc_generated_files/system/src/interrupt.o
 .debug_aranges
                0x0000000000000370       0x18 build/default/production/mcc_generated_files/system/src/config_bits.o
 .debug_aranges
                0x0000000000000388       0x20 build/default/production/mcc_generated_files/system/src/system.o
 .debug_aranges
                0x00000000000003a8       0xf0 build/default/production/mcc_generated_files/timer/src/tca0.o
 .debug_aranges
                0x0000000000000498       0x50 build/default/production/mcc_generated_files/timer/src/tcd0.o
 .debug_aranges
                0x00000000000004e8       0x90 build/default/production/mcc_generated_files/timer/src/tcb0.o
 .debug_aranges
                0x0000000000000578       0x28 build/default/production/mcc_generated_files/timer/src/delay.o
 .debug_aranges
                0x00000000000005a0       0xd8 build/default/production/mcc_generated_files/uart/src/usart1.o
 .debug_aranges
                0x0000000000000678       0xd8 build/default/production/mcc_generated_files/uart/src/usart0.o
 .debug_aranges
                0x0000000000000750       0x20 build/default/production/mcc_generated_files/vref/src/vref.o
 .debug_aranges
                0x0000000000000770       0x28 build/default/production/main.o
 .debug_aranges
                0x0000000000000798       0x28 build/default/production/uart_remap.o
 .debug_aranges
                0x00000000000007c0       0x28 build/default/production/adc_conv.o

.debug_pubnames
 *(.debug_pubnames)

.debug_info     0x0000000000000000     0xca2d
 *(.debug_info .gnu.linkonce.wi.*)
 .debug_info    0x0000000000000000     0x22a4 C:/Users/User/.mchp_packs/Microchip/AVR-Dx_DFP/2.7.321/xc8/avr/lib/avrxmega2/memx-const/mapped/crtavr64dd28.o
 .debug_info    0x00000000000022a4     0x103a build/default/production/mcc_generated_files/adc/src/adc0.o
 .debug_info    0x00000000000032de     0x1264 build/default/production/mcc_generated_files/i2c_host/src/twi0.o
 .debug_info    0x0000000000004542      0x9f0 build/default/production/mcc_generated_files/system/src/clock.o
 .debug_info    0x0000000000004f32       0xa7 build/default/production/mcc_generated_files/system/src/protected_io.o
 .debug_info    0x0000000000004fd9     0x14fc build/default/production/mcc_generated_files/system/src/pins.o
 .debug_info    0x00000000000064d5      0x40b build/default/production/mcc_generated_files/system/src/interrupt.o
 .debug_info    0x00000000000068e0      0x8ff build/default/production/mcc_generated_files/system/src/config_bits.o
 .debug_info    0x00000000000071df      0x3bf build/default/production/mcc_generated_files/system/src/system.o
 .debug_info    0x000000000000759e      0xfaf build/default/production/mcc_generated_files/timer/src/tca0.o
 .debug_info    0x000000000000854d      0xa47 build/default/production/mcc_generated_files/timer/src/tcd0.o
 .debug_info    0x0000000000008f94      0x7ea build/default/production/mcc_generated_files/timer/src/tcb0.o
 .debug_info    0x000000000000977e      0x462 build/default/production/mcc_generated_files/timer/src/delay.o
 .debug_info    0x0000000000009be0      0xda3 build/default/production/mcc_generated_files/uart/src/usart1.o
 .debug_info    0x000000000000a983      0xda4 build/default/production/mcc_generated_files/uart/src/usart0.o
 .debug_info    0x000000000000b727      0x377 build/default/production/mcc_generated_files/vref/src/vref.o
 .debug_info    0x000000000000ba9e      0x45d build/default/production/main.o
 .debug_info    0x000000000000befb      0x4b5 build/default/production/uart_remap.o
 .debug_info    0x000000000000c3b0      0x67d build/default/production/adc_conv.o

.debug_abbrev   0x0000000000000000     0x3b14
 *(.debug_abbrev)
 .debug_abbrev  0x0000000000000000     0x20ce C:/Users/User/.mchp_packs/Microchip/AVR-Dx_DFP/2.7.321/xc8/avr/lib/avrxmega2/memx-const/mapped/crtavr64dd28.o
 .debug_abbrev  0x00000000000020ce      0x25d build/default/production/mcc_generated_files/adc/src/adc0.o
 .debug_abbrev  0x000000000000232b      0x319 build/default/production/mcc_generated_files/i2c_host/src/twi0.o
 .debug_abbrev  0x0000000000002644      0x14d build/default/production/mcc_generated_files/system/src/clock.o
 .debug_abbrev  0x0000000000002791       0x14 build/default/production/mcc_generated_files/system/src/protected_io.o
 .debug_abbrev  0x00000000000027a5      0x182 build/default/production/mcc_generated_files/system/src/pins.o
 .debug_abbrev  0x0000000000002927       0xfa build/default/production/mcc_generated_files/system/src/interrupt.o
 .debug_abbrev  0x0000000000002a21       0x97 build/default/production/mcc_generated_files/system/src/config_bits.o
 .debug_abbrev  0x0000000000002ab8       0x6a build/default/production/mcc_generated_files/system/src/system.o
 .debug_abbrev  0x0000000000002b22      0x1d5 build/default/production/mcc_generated_files/timer/src/tca0.o
 .debug_abbrev  0x0000000000002cf7      0x1d8 build/default/production/mcc_generated_files/timer/src/tcd0.o
 .debug_abbrev  0x0000000000002ecf      0x19d build/default/production/mcc_generated_files/timer/src/tcb0.o
 .debug_abbrev  0x000000000000306c      0x12b build/default/production/mcc_generated_files/timer/src/delay.o
 .debug_abbrev  0x0000000000003197      0x2a3 build/default/production/mcc_generated_files/uart/src/usart1.o
 .debug_abbrev  0x000000000000343a      0x2a3 build/default/production/mcc_generated_files/uart/src/usart0.o
 .debug_abbrev  0x00000000000036dd       0x8c build/default/production/mcc_generated_files/vref/src/vref.o
 .debug_abbrev  0x0000000000003769      0x139 build/default/production/main.o
 .debug_abbrev  0x00000000000038a2      0x166 build/default/production/uart_remap.o
 .debug_abbrev  0x0000000000003a08      0x10c build/default/production/adc_conv.o

.debug_line     0x0000000000000000     0x34c6
 *(.debug_line .debug_line.* .debug_line_end)
 .debug_line    0x0000000000000000      0x1aa C:/Users/User/.mchp_packs/Microchip/AVR-Dx_DFP/2.7.321/xc8/avr/lib/avrxmega2/memx-const/mapped/crtavr64dd28.o
 .debug_line    0x00000000000001aa      0x3f2 build/default/production/mcc_generated_files/adc/src/adc0.o
 .debug_line    0x000000000000059c      0x6f0 build/default/production/mcc_generated_files/i2c_host/src/twi0.o
 .debug_line    0x0000000000000c8c      0x1bb build/default/production/mcc_generated_files/system/src/clock.o
 .debug_line    0x0000000000000e47       0x6d build/default/production/mcc_generated_files/system/src/protected_io.o
 .debug_line    0x0000000000000eb4      0x720 build/default/production/mcc_generated_files/system/src/pins.o
 .debug_line    0x00000000000015d4      0x187 build/default/production/mcc_generated_files/system/src/interrupt.o
 .debug_line    0x000000000000175b       0xee build/default/production/mcc_generated_files/system/src/config_bits.o
 .debug_line    0x0000000000001849      0x211 build/default/production/mcc_generated_files/system/src/system.o
 .debug_line    0x0000000000001a5a      0x47b build/default/production/mcc_generated_files/timer/src/tca0.o
 .debug_line    0x0000000000001ed5      0x31a build/default/production/mcc_generated_files/timer/src/tcd0.o
 .debug_line    0x00000000000021ef      0x2fa build/default/production/mcc_generated_files/timer/src/tcb0.o
 .debug_line    0x00000000000024e9      0x13e build/default/production/mcc_generated_files/timer/src/delay.o
 .debug_line    0x0000000000002627      0x4b3 build/default/production/mcc_generated_files/uart/src/usart1.o
 .debug_line    0x0000000000002ada      0x4b3 build/default/production/mcc_generated_files/uart/src/usart0.o
 .debug_line    0x0000000000002f8d      0x10d build/default/production/mcc_generated_files/vref/src/vref.o
 .debug_line    0x000000000000309a      0x157 build/default/production/main.o
 .debug_line    0x00000000000031f1      0x12f build/default/production/uart_remap.o
 .debug_line    0x0000000000003320      0x1a6 build/default/production/adc_conv.o

.debug_frame    0x0000000000000000     0x1274
 *(.debug_frame)
 .debug_frame   0x0000000000000000      0x204 build/default/production/mcc_generated_files/adc/src/adc0.o
 .debug_frame   0x0000000000000204      0x1f8 build/default/production/mcc_generated_files/i2c_host/src/twi0.o
 .debug_frame   0x00000000000003fc       0x44 build/default/production/mcc_generated_files/system/src/clock.o
 .debug_frame   0x0000000000000440      0x410 build/default/production/mcc_generated_files/system/src/pins.o
 .debug_frame   0x0000000000000850       0x24 build/default/production/mcc_generated_files/system/src/interrupt.o
 .debug_frame   0x0000000000000874       0x24 build/default/production/mcc_generated_files/system/src/system.o
 .debug_frame   0x0000000000000898      0x2e4 build/default/production/mcc_generated_files/timer/src/tca0.o
 .debug_frame   0x0000000000000b7c      0x120 build/default/production/mcc_generated_files/timer/src/tcd0.o
 .debug_frame   0x0000000000000c9c      0x14c build/default/production/mcc_generated_files/timer/src/tcb0.o
 .debug_frame   0x0000000000000de8       0x34 build/default/production/mcc_generated_files/timer/src/delay.o
 .debug_frame   0x0000000000000e1c      0x194 build/default/production/mcc_generated_files/uart/src/usart1.o
 .debug_frame   0x0000000000000fb0      0x194 build/default/production/mcc_generated_files/uart/src/usart0.o
 .debug_frame   0x0000000000001144       0x24 build/default/production/mcc_generated_files/vref/src/vref.o
 .debug_frame   0x0000000000001168       0x34 build/default/production/main.o
 .debug_frame   0x000000000000119c       0x44 build/default/production/uart_remap.o
 .debug_frame   0x00000000000011e0       0x94 build/default/production/adc_conv.o

.debug_str      0x0000000000000000     0x1173
 *(.debug_str)
 .debug_str     0x0000000000000000      0xefb C:/Users/User/.mchp_packs/Microchip/AVR-Dx_DFP/2.7.321/xc8/avr/lib/avrxmega2/memx-const/mapped/crtavr64dd28.o
 .debug_str     0x0000000000000efb       0x11 build/default/production/mcc_generated_files/adc/src/adc0.o
 .debug_str     0x0000000000000f0c       0x42 build/default/production/mcc_generated_files/i2c_host/src/twi0.o
 .debug_str     0x0000000000000f4e       0x13 build/default/production/mcc_generated_files/system/src/clock.o
 .debug_str     0x0000000000000f61       0x30 build/default/production/mcc_generated_files/system/src/pins.o
 .debug_str     0x0000000000000f91       0x13 build/default/production/mcc_generated_files/system/src/interrupt.o
 .debug_str     0x0000000000000fa4        0x0 build/default/production/mcc_generated_files/system/src/config_bits.o
 .debug_str     0x0000000000000fa4       0xbe build/default/production/mcc_generated_files/system/src/system.o
 .debug_str     0x0000000000001062       0x52 build/default/production/mcc_generated_files/timer/src/tca0.o
 .debug_str     0x00000000000010b4       0x13 build/default/production/mcc_generated_files/timer/src/tcd0.o
 .debug_str     0x00000000000010c7        0x0 build/default/production/mcc_generated_files/timer/src/tcb0.o
 .debug_str     0x00000000000010c7       0x26 build/default/production/mcc_generated_files/timer/src/delay.o
 .debug_str     0x00000000000010ed       0x10 build/default/production/mcc_generated_files/uart/src/usart1.o
 .debug_str     0x00000000000010fd       0x10 build/default/production/mcc_generated_files/uart/src/usart0.o
 .debug_str     0x000000000000110d        0x0 build/default/production/mcc_generated_files/vref/src/vref.o
 .debug_str     0x000000000000110d       0x35 build/default/production/main.o
 .debug_str     0x0000000000001142       0x1e build/default/production/uart_remap.o
 .debug_str     0x0000000000001160       0x13 build/default/production/adc_conv.o

.debug_loc      0x0000000000000000      0xb08
 *(.debug_loc)
 .debug_loc     0x0000000000000000      0x147 build/default/production/mcc_generated_files/adc/src/adc0.o
 .debug_loc     0x0000000000000147      0x38c build/default/production/mcc_generated_files/i2c_host/src/twi0.o
 .debug_loc     0x00000000000004d3      0x264 build/default/production/mcc_generated_files/system/src/clock.o
 .debug_loc     0x0000000000000737       0x2a build/default/production/mcc_generated_files/system/src/interrupt.o
 .debug_loc     0x0000000000000761       0x2a build/default/production/mcc_generated_files/timer/src/tcd0.o
 .debug_loc     0x000000000000078b      0x15e build/default/production/mcc_generated_files/timer/src/delay.o
 .debug_loc     0x00000000000008e9       0x3a build/default/production/mcc_generated_files/uart/src/usart1.o
 .debug_loc     0x0000000000000923       0x3a build/default/production/mcc_generated_files/uart/src/usart0.o
 .debug_loc     0x000000000000095d       0x7e build/default/production/uart_remap.o
 .debug_loc     0x00000000000009db      0x12d build/default/production/adc_conv.o

.debug_macinfo
 *(.debug_macinfo)

.debug_weaknames
 *(.debug_weaknames)

.debug_funcnames
 *(.debug_funcnames)

.debug_typenames
 *(.debug_typenames)

.debug_varnames
 *(.debug_varnames)

.debug_pubtypes
 *(.debug_pubtypes)

.debug_ranges   0x0000000000000000      0x6b0
 *(.debug_ranges)
 .debug_ranges  0x0000000000000000       0xb8 build/default/production/mcc_generated_files/adc/src/adc0.o
 .debug_ranges  0x00000000000000b8       0xa8 build/default/production/mcc_generated_files/i2c_host/src/twi0.o
 .debug_ranges  0x0000000000000160       0x20 build/default/production/mcc_generated_files/system/src/clock.o
 .debug_ranges  0x0000000000000180      0x170 build/default/production/mcc_generated_files/system/src/pins.o
 .debug_ranges  0x00000000000002f0       0x10 build/default/production/mcc_generated_files/system/src/interrupt.o
 .debug_ranges  0x0000000000000300       0x10 build/default/production/mcc_generated_files/system/src/system.o
 .debug_ranges  0x0000000000000310       0xe0 build/default/production/mcc_generated_files/timer/src/tca0.o
 .debug_ranges  0x00000000000003f0       0x40 build/default/production/mcc_generated_files/timer/src/tcd0.o
 .debug_ranges  0x0000000000000430       0x80 build/default/production/mcc_generated_files/timer/src/tcb0.o
 .debug_ranges  0x00000000000004b0       0x18 build/default/production/mcc_generated_files/timer/src/delay.o
 .debug_ranges  0x00000000000004c8       0xc8 build/default/production/mcc_generated_files/uart/src/usart1.o
 .debug_ranges  0x0000000000000590       0xc8 build/default/production/mcc_generated_files/uart/src/usart0.o
 .debug_ranges  0x0000000000000658       0x10 build/default/production/mcc_generated_files/vref/src/vref.o
 .debug_ranges  0x0000000000000668       0x18 build/default/production/main.o
 .debug_ranges  0x0000000000000680       0x18 build/default/production/uart_remap.o
 .debug_ranges  0x0000000000000698       0x18 build/default/production/adc_conv.o

.debug_macro
 *(.debug_macro)
OUTPUT(dist/default/production/Balancer-AVR.X.production.elf elf32-avr)
LOAD linker stubs
LOAD data_init

.note.gnu.avr.deviceinfo
                0x0000000000000000       0x3c
 .note.gnu.avr.deviceinfo
                0x0000000000000000       0x3c C:/Users/User/.mchp_packs/Microchip/AVR-Dx_DFP/2.7.321/xc8/avr/lib/avrxmega2/memx-const/mapped/crtavr64dd28.o

.bss.ADC0_resrdy_cb
                0x0000000000806035        0x2
 .bss.ADC0_resrdy_cb
                0x0000000000806035        0x2 build/default/production/mcc_generated_files/adc/src/adc0.o
                0x0000000000806035                ADC0_resrdy_cb

.bss.ADC0_window_cb
                0x0000000000806037        0x2
 .bss.ADC0_window_cb
                0x0000000000806037        0x2 build/default/production/mcc_generated_files/adc/src/adc0.o
                0x0000000000806037                ADC0_window_cb

.bss.TWI0_Callback
                0x0000000000806039        0x2
 .bss.TWI0_Callback
                0x0000000000806039        0x2 build/default/production/mcc_generated_files/i2c_host/src/twi0.o

.bss.PA7_InterruptHandler
                0x000000000080603b        0x2
 .bss.PA7_InterruptHandler
                0x000000000080603b        0x2 build/default/production/mcc_generated_files/system/src/pins.o

.bss.PA6_InterruptHandler
                0x000000000080603d        0x2
 .bss.PA6_InterruptHandler
                0x000000000080603d        0x2 build/default/production/mcc_generated_files/system/src/pins.o

.bss.PA3_InterruptHandler
                0x000000000080603f        0x2
 .bss.PA3_InterruptHandler
                0x000000000080603f        0x2 build/default/production/mcc_generated_files/system/src/pins.o

.bss.PA2_InterruptHandler
                0x0000000000806041        0x2
 .bss.PA2_InterruptHandler
                0x0000000000806041        0x2 build/default/production/mcc_generated_files/system/src/pins.o

.bss.PA0_InterruptHandler
                0x0000000000806043        0x2
 .bss.PA0_InterruptHandler
                0x0000000000806043        0x2 build/default/production/mcc_generated_files/system/src/pins.o

.bss.PA1_InterruptHandler
                0x0000000000806045        0x2
 .bss.PA1_InterruptHandler
                0x0000000000806045        0x2 build/default/production/mcc_generated_files/system/src/pins.o

.bss.PC0_InterruptHandler
                0x0000000000806047        0x2
 .bss.PC0_InterruptHandler
                0x0000000000806047        0x2 build/default/production/mcc_generated_files/system/src/pins.o

.bss.PC2_InterruptHandler
                0x0000000000806049        0x2
 .bss.PC2_InterruptHandler
                0x0000000000806049        0x2 build/default/production/mcc_generated_files/system/src/pins.o

.bss.PC3_InterruptHandler
                0x000000000080604b        0x2
 .bss.PC3_InterruptHandler
                0x000000000080604b        0x2 build/default/production/mcc_generated_files/system/src/pins.o

.bss.PD6_InterruptHandler
                0x000000000080604d        0x2
 .bss.PD6_InterruptHandler
                0x000000000080604d        0x2 build/default/production/mcc_generated_files/system/src/pins.o

.bss.PD3_InterruptHandler
                0x000000000080604f        0x2
 .bss.PD3_InterruptHandler
                0x000000000080604f        0x2 build/default/production/mcc_generated_files/system/src/pins.o

.bss.PD2_InterruptHandler
                0x0000000000806051        0x2
 .bss.PD2_InterruptHandler
                0x0000000000806051        0x2 build/default/production/mcc_generated_files/system/src/pins.o

.bss.PD1_InterruptHandler
                0x0000000000806053        0x2
 .bss.PD1_InterruptHandler
                0x0000000000806053        0x2 build/default/production/mcc_generated_files/system/src/pins.o

.bss.PC1_InterruptHandler
                0x0000000000806055        0x2
 .bss.PC1_InterruptHandler
                0x0000000000806055        0x2 build/default/production/mcc_generated_files/system/src/pins.o

.bss.PD5_InterruptHandler
                0x0000000000806057        0x2
 .bss.PD5_InterruptHandler
                0x0000000000806057        0x2 build/default/production/mcc_generated_files/system/src/pins.o

.bss.PD4_InterruptHandler
                0x0000000000806059        0x2
 .bss.PD4_InterruptHandler
                0x0000000000806059        0x2 build/default/production/mcc_generated_files/system/src/pins.o

.bss.PA5_InterruptHandler
                0x000000000080605b        0x2
 .bss.PA5_InterruptHandler
                0x000000000080605b        0x2 build/default/production/mcc_generated_files/system/src/pins.o

.bss.PA4_InterruptHandler
                0x000000000080605d        0x2
 .bss.PA4_InterruptHandler
                0x000000000080605d        0x2 build/default/production/mcc_generated_files/system/src/pins.o

.bss.PF1_InterruptHandler
                0x000000000080605f        0x2
 .bss.PF1_InterruptHandler
                0x000000000080605f        0x2 build/default/production/mcc_generated_files/system/src/pins.o

.bss.PF0_InterruptHandler
                0x0000000000806061        0x2
 .bss.PF0_InterruptHandler
                0x0000000000806061        0x2 build/default/production/mcc_generated_files/system/src/pins.o

.bss.TCD0_OVF_isr_cb
                0x000000000080606b        0x2
 .bss.TCD0_OVF_isr_cb
                0x000000000080606b        0x2 build/default/production/mcc_generated_files/timer/src/tcd0.o
                0x000000000080606b                TCD0_OVF_isr_cb

.bss.TCD0_TRIG_isr_cb
                0x000000000080606d        0x2
 .bss.TCD0_TRIG_isr_cb
                0x000000000080606d        0x2 build/default/production/mcc_generated_files/timer/src/tcd0.o
                0x000000000080606d                TCD0_TRIG_isr_cb

.bss.TCB0_OVF_isr_cb
                0x000000000080606f        0x2
 .bss.TCB0_OVF_isr_cb
                0x000000000080606f        0x2 build/default/production/mcc_generated_files/timer/src/tcb0.o
                0x000000000080606f                TCB0_OVF_isr_cb

.bss.USART1_ParityErrorHandler
                0x0000000000806071        0x2
 .bss.USART1_ParityErrorHandler
                0x0000000000806071        0x2 build/default/production/mcc_generated_files/uart/src/usart1.o
                0x0000000000806071                USART1_ParityErrorHandler

.bss.USART1_OverrunErrorHandler
                0x0000000000806073        0x2
 .bss.USART1_OverrunErrorHandler
                0x0000000000806073        0x2 build/default/production/mcc_generated_files/uart/src/usart1.o
                0x0000000000806073                USART1_OverrunErrorHandler

.bss.USART1_FramingErrorHandler
                0x0000000000806075        0x2
 .bss.USART1_FramingErrorHandler
                0x0000000000806075        0x2 build/default/production/mcc_generated_files/uart/src/usart1.o
                0x0000000000806075                USART1_FramingErrorHandler

.bss.usart1RxLastError
                0x0000000000806077        0x2
 .bss.usart1RxLastError
                0x0000000000806077        0x2 build/default/production/mcc_generated_files/uart/src/usart1.o

.bss.USART0_ParityErrorHandler
                0x0000000000806079        0x2
 .bss.USART0_ParityErrorHandler
                0x0000000000806079        0x2 build/default/production/mcc_generated_files/uart/src/usart0.o
                0x0000000000806079                USART0_ParityErrorHandler

.bss.USART0_OverrunErrorHandler
                0x000000000080607b        0x2
 .bss.USART0_OverrunErrorHandler
                0x000000000080607b        0x2 build/default/production/mcc_generated_files/uart/src/usart0.o
                0x000000000080607b                USART0_OverrunErrorHandler

.bss.USART0_FramingErrorHandler
                0x000000000080607d        0x2
 .bss.USART0_FramingErrorHandler
                0x000000000080607d        0x2 build/default/production/mcc_generated_files/uart/src/usart0.o
                0x000000000080607d                USART0_FramingErrorHandler

.bss.usart0RxLastError
                0x000000000080607f        0x2
 .bss.usart0RxLastError
                0x000000000080607f        0x2 build/default/production/mcc_generated_files/uart/src/usart0.o

.bss.__stdout   0x0000000000806085        0x2
 .bss.__stdout  0x0000000000806085        0x2 c:/program files/microchip/xc8/v3.00/avr/bin/../lib/gcc/avr/5.4.0/../../../../avr/lib/avrxmega2/memx-const/mapped\libc.a(stdout.o)

.rodata         0x0000000000808120       0x36 load address 0x0000000000000120
 .rodata        0x0000000000808120       0x36 build/default/production/adc_conv.o

.text.vfpfcnvrt
                0x0000000000000156      0x3fc
 .text.vfpfcnvrt
                0x0000000000000156      0x3fc c:/program files/microchip/xc8/v3.00/avr/bin/../lib/gcc/avr/5.4.0/../../../../avr/lib/avrxmega2/memx-const/mapped\libc.a(__printf_core.o)
                0x0000000000000156                vfpfcnvrt

.text.__fmt_x   0x0000000000000552      0x1dc
 .text.__fmt_x  0x0000000000000552      0x1dc c:/program files/microchip/xc8/v3.00/avr/bin/../lib/gcc/avr/5.4.0/../../../../avr/lib/avrxmega2/memx-const/mapped\libc.a(__fmt_x.o)
                0x0000000000000552                __fmt_x_needed
                0x0000000000000552                __fmt_x

.text.PIN_MANAGER_Initialize
                0x000000000000072e      0x1ac
 .text.PIN_MANAGER_Initialize
                0x000000000000072e      0x1ac build/default/production/mcc_generated_files/system/src/pins.o
                0x000000000000072e                PIN_MANAGER_Initialize

.text.Get_ADC_Voltage
                0x00000000000008da       0xe6
 .text.Get_ADC_Voltage
                0x00000000000008da       0xe6 build/default/production/adc_conv.o
                0x00000000000008da                Get_ADC_Voltage

.text.__fmt_d   0x00000000000009c0       0xe4
 .text.__fmt_d  0x00000000000009c0       0xe4 c:/program files/microchip/xc8/v3.00/avr/bin/../lib/gcc/avr/5.4.0/../../../../avr/lib/avrxmega2/memx-const/mapped\libc.a(__fmt_d.o)
                0x00000000000009c0                __fmt_d
                0x00000000000009c0                __fmt_d_needed

.text.__pop_int
                0x0000000000000aa4       0xd0
 .text.__pop_int
                0x0000000000000aa4       0xd0 c:/program files/microchip/xc8/v3.00/avr/bin/../lib/gcc/avr/5.4.0/../../../../avr/lib/avrxmega2/memx-const/mapped\libc.a(__pop_int.o)
                0x0000000000000aa4                __pop_int_needed
                0x0000000000000aa4                __pop_int

.text.__cvt_u   0x0000000000000b74       0xca
 .text.__cvt_u  0x0000000000000b74       0xca c:/program files/microchip/xc8/v3.00/avr/bin/../lib/gcc/avr/5.4.0/../../../../avr/lib/avrxmega2/memx-const/mapped\libc.a(__fmt_u.o)
                0x0000000000000b74                __cvt_u

.text.__vector_8
                0x0000000000000c3e       0xb8
 .text.__vector_8
                0x0000000000000c3e       0xb8 build/default/production/mcc_generated_files/system/src/pins.o
                0x0000000000000c3e                __vector_8

.text.__fmt_o   0x0000000000000cf6       0xb2
 .text.__fmt_o  0x0000000000000cf6       0xb2 c:/program files/microchip/xc8/v3.00/avr/bin/../lib/gcc/avr/5.4.0/../../../../avr/lib/avrxmega2/memx-const/mapped\libc.a(__fmt_o.o)
                0x0000000000000cf6                __fmt_o
                0x0000000000000cf6                __fmt_o_needed

.text.CLOCK_Initialize
                0x0000000000000da8       0x9c
 .text.CLOCK_Initialize
                0x0000000000000da8       0x9c build/default/production/mcc_generated_files/system/src/clock.o
                0x0000000000000da8                CLOCK_Initialize

.text.__vector_24
                0x0000000000000e44       0x9c
 .text.__vector_24
                0x0000000000000e44       0x9c build/default/production/mcc_generated_files/system/src/pins.o
                0x0000000000000e44                __vector_24

.text.fputc     0x0000000000000ee0       0x98
 .text.fputc    0x0000000000000ee0       0x98 c:/program files/microchip/xc8/v3.00/avr/bin/../lib/gcc/avr/5.4.0/../../../../avr/lib/avrxmega2/memx-const/mapped\libc.a(fputc.o)
                0x0000000000000ee0                fputc
                0x0000000000000ee0                putc

.text.print_voltage
                0x0000000000000f78       0x92
 .text.print_voltage
                0x0000000000000f78       0x92 build/default/production/adc_conv.o
                0x0000000000000f78                print_voltage

.text.__fmt_u   0x000000000000100a       0x8e
 .text.__fmt_u  0x000000000000100a       0x8e c:/program files/microchip/xc8/v3.00/avr/bin/../lib/gcc/avr/5.4.0/../../../../avr/lib/avrxmega2/memx-const/mapped\libc.a(__fmt_u.o)
                0x000000000000100a                __fmt_u_needed
                0x000000000000100a                __fmt_u

.text.__vector_29
                0x0000000000001098       0x80
 .text.__vector_29
                0x0000000000001098       0x80 build/default/production/mcc_generated_files/system/src/pins.o
                0x0000000000001098                __vector_29

.text.__printf_core
                0x0000000000001118       0x78
 .text.__printf_core
                0x0000000000001118       0x78 c:/program files/microchip/xc8/v3.00/avr/bin/../lib/gcc/avr/5.4.0/../../../../avr/lib/avrxmega2/memx-const/mapped\libc.a(__printf_core.o)
                0x0000000000001118                __printf_core

.text.__pad     0x0000000000001190       0x72
 .text.__pad    0x0000000000001190       0x72 c:/program files/microchip/xc8/v3.00/avr/bin/../lib/gcc/avr/5.4.0/../../../../avr/lib/avrxmega2/memx-const/mapped\libc.a(__printf_core.o)
                0x0000000000001190                __pad

.text.__vector_34
                0x0000000000001202       0x64
 .text.__vector_34
                0x0000000000001202       0x64 build/default/production/mcc_generated_files/system/src/pins.o
                0x0000000000001202                __vector_34

.text.__vector_14
                0x0000000000001266       0x60
 .text.__vector_14
                0x0000000000001266       0x60 build/default/production/mcc_generated_files/timer/src/tcb0.o
                0x0000000000001266                __vector_14

.text.TCD0_Initialize
                0x00000000000012c6       0x5c
 .text.TCD0_Initialize
                0x00000000000012c6       0x5c build/default/production/mcc_generated_files/timer/src/tcd0.o
                0x00000000000012c6                TCD0_Initialize

.text.read_prec_or_width
                0x0000000000001322       0x5c
 .text.read_prec_or_width
                0x0000000000001322       0x5c c:/program files/microchip/xc8/v3.00/avr/bin/../lib/gcc/avr/5.4.0/../../../../avr/lib/avrxmega2/memx-const/mapped\libc.a(__printf_core.o)

.text.__vector_27
                0x000000000000137e       0x58
 .text.__vector_27
                0x000000000000137e       0x58 build/default/production/mcc_generated_files/adc/src/adc0.o
                0x000000000000137e                __vector_27

.text.__vector_26
                0x00000000000013d6       0x58
 .text.__vector_26
                0x00000000000013d6       0x58 build/default/production/mcc_generated_files/adc/src/adc0.o
                0x00000000000013d6                __vector_26

.text.__vector_11
                0x000000000000142e       0x58
 .text.__vector_11
                0x000000000000142e       0x58 build/default/production/mcc_generated_files/timer/src/tca0.o
                0x000000000000142e                __vector_11

.text.__vector_12
                0x0000000000001486       0x58
 .text.__vector_12
                0x0000000000001486       0x58 build/default/production/mcc_generated_files/timer/src/tca0.o
                0x0000000000001486                __vector_12

.text.__vector_13
                0x00000000000014de       0x58
 .text.__vector_13
                0x00000000000014de       0x58 build/default/production/mcc_generated_files/timer/src/tca0.o
                0x00000000000014de                __vector_13

.text.__vector_9
                0x0000000000001536       0x58
 .text.__vector_9
                0x0000000000001536       0x58 build/default/production/mcc_generated_files/timer/src/tca0.o
                0x0000000000001536                __vector_9

.text.__vector_16
                0x000000000000158e       0x58
 .text.__vector_16
                0x000000000000158e       0x58 build/default/production/mcc_generated_files/timer/src/tcd0.o
                0x000000000000158e                __vector_16

.text.__vector_17
                0x00000000000015e6       0x58
 .text.__vector_17
                0x00000000000015e6       0x58 build/default/production/mcc_generated_files/timer/src/tcd0.o
                0x00000000000015e6                __vector_17

.text.__fmt_s   0x000000000000163e       0x54
 .text.__fmt_s  0x000000000000163e       0x54 c:/program files/microchip/xc8/v3.00/avr/bin/../lib/gcc/avr/5.4.0/../../../../avr/lib/avrxmega2/memx-const/mapped\libc.a(__fmt_s.o)
                0x000000000000163e                __fmt_s
                0x000000000000163e                __fmt_0_needed
                0x000000000000163e                __fmt_s_needed

.text.USART1_Initialize
                0x0000000000001692       0x4c
 .text.USART1_Initialize
                0x0000000000001692       0x4c build/default/production/mcc_generated_files/uart/src/usart1.o
                0x0000000000001692                USART1_Initialize

.text.USART0_Initialize
                0x00000000000016de       0x4c
 .text.USART0_Initialize
                0x00000000000016de       0x4c build/default/production/mcc_generated_files/uart/src/usart0.o
                0x00000000000016de                USART0_Initialize

.text.libgcc.div
                0x000000000000172a       0x44
 .text.libgcc.div
                0x000000000000172a       0x44 c:/program files/microchip/xc8/v3.00/avr/bin/../lib/gcc/avr/5.4.0/avrxmega2/memx-const/mapped\libgcc.a(_udivmodsi4.o)
                0x000000000000172a                __udivmodsi4

.text.__fmt_state
                0x000000000000176e       0x40
 .text.__fmt_state
                0x000000000000176e       0x40 c:/program files/microchip/xc8/v3.00/avr/bin/../lib/gcc/avr/5.4.0/../../../../avr/lib/avrxmega2/memx-const/mapped\libc.a(__printf_core.o)
                0x000000000000176e                __fmt_state

.text.TCA0_Initialize
                0x00000000000017ae       0x3c
 .text.TCA0_Initialize
                0x00000000000017ae       0x3c build/default/production/mcc_generated_files/timer/src/tca0.o
                0x00000000000017ae                TCA0_Initialize

.text.__out     0x00000000000017ea       0x3a
 .text.__out    0x00000000000017ea       0x3a c:/program files/microchip/xc8/v3.00/avr/bin/../lib/gcc/avr/5.4.0/../../../../avr/lib/avrxmega2/memx-const/mapped\libc.a(__printf_core.o)
                0x00000000000017ea                __out

.text.ADC0_Initialize
                0x0000000000001824       0x34
 .text.ADC0_Initialize
                0x0000000000001824       0x34 build/default/production/mcc_generated_files/adc/src/adc0.o
                0x0000000000001824                ADC0_Initialize

.text.TWI0_Initialize
                0x0000000000001858       0x32
 .text.TWI0_Initialize
                0x0000000000001858       0x32 build/default/production/mcc_generated_files/i2c_host/src/twi0.o
                0x0000000000001858                TWI0_Initialize

.text.libgcc.prologue
                0x000000000000188a       0x32
 .text.libgcc.prologue
                0x000000000000188a       0x32 c:/program files/microchip/xc8/v3.00/avr/bin/../lib/gcc/avr/5.4.0/avrxmega2/memx-const/mapped\libgcc.a(_prologue.o)
                0x000000000000188a                __prologue_saves__

.text.__wrap_printf
                0x00000000000018bc       0x30
 .text.__wrap_printf
                0x00000000000018bc       0x30 c:/program files/microchip/xc8/v3.00/avr/bin/../lib/gcc/avr/5.4.0/../../../../avr/lib/avrxmega2/memx-const/mapped\libc.a(__sio_printf_dosux.o)
                0x00000000000018bc                _printf_cdopsuxX

.text.__vfprintf
                0x00000000000018ec       0x30
 .text.__vfprintf
                0x00000000000018ec       0x30 c:/program files/microchip/xc8/v3.00/avr/bin/../lib/gcc/avr/5.4.0/../../../../avr/lib/avrxmega2/memx-const/mapped\libc.a(__int_vfprintf.o)
                0x00000000000018ec                __vfprintf

.text.libgcc.prologue
                0x000000000000191c       0x30
 .text.libgcc.prologue
                0x000000000000191c       0x30 c:/program files/microchip/xc8/v3.00/avr/bin/../lib/gcc/avr/5.4.0/avrxmega2/memx-const/mapped\libgcc.a(_epilogue.o)
                0x000000000000191c                __epilogue_restores__

.text.SYSTEM_Initialize
                0x000000000000194c       0x2e
 .text.SYSTEM_Initialize
                0x000000000000194c       0x2e build/default/production/mcc_generated_files/system/src/system.o
                0x000000000000194c                SYSTEM_Initialize

.text.main      0x000000000000197a       0x28
 .text.main     0x000000000000197a       0x28 build/default/production/main.o
                0x000000000000197a                main

.text.TCB0_Initialize
                0x00000000000019a2       0x24
 .text.TCB0_Initialize
                0x00000000000019a2       0x24 build/default/production/mcc_generated_files/timer/src/tcb0.o
                0x00000000000019a2                TCB0_Initialize

.text.ADC0_GetConversion
                0x00000000000019c6       0x20
 .text.ADC0_GetConversion
                0x00000000000019c6       0x20 build/default/production/mcc_generated_files/adc/src/adc0.o
                0x00000000000019c6                ADC0_GetConversion

.text.libgcc.mul
                0x00000000000019e6       0x20
 .text.libgcc.mul
                0x00000000000019e6       0x20 c:/program files/microchip/xc8/v3.00/avr/bin/../lib/gcc/avr/5.4.0/avrxmega2/memx-const/mapped\libgcc.a(_mulsi3.o)
                0x00000000000019e6                __mulsi3

.text.libgcc.mul
                0x0000000000001a06       0x1e
 .text.libgcc.mul
                0x0000000000001a06       0x1e c:/program files/microchip/xc8/v3.00/avr/bin/../lib/gcc/avr/5.4.0/avrxmega2/memx-const/mapped\libgcc.a(_umulhisi3.o)
                0x0000000000001a06                __umulhisi3

.text.uart_putchar
                0x0000000000001a24       0x1c
 .text.uart_putchar
                0x0000000000001a24       0x1c build/default/production/uart_remap.o

.text.strlen    0x0000000000001a40       0x1c
 .text.strlen   0x0000000000001a40       0x1c c:/program files/microchip/xc8/v3.00/avr/bin/../lib/gcc/avr/5.4.0/../../../../avr/lib/avrxmega2/memx-const/mapped\libc.a(strlen.o)
                0x0000000000001a40                strlen

.text.CPUINT_Initialize
                0x0000000000001a5c       0x1a
 .text.CPUINT_Initialize
                0x0000000000001a5c       0x1a build/default/production/mcc_generated_files/system/src/interrupt.o
                0x0000000000001a5c                CPUINT_Initialize

.text.DELAY_milliseconds
                0x0000000000001a76       0x16
 .text.DELAY_milliseconds
                0x0000000000001a76       0x16 build/default/production/mcc_generated_files/timer/src/delay.o
                0x0000000000001a76                DELAY_milliseconds

.text.UART_TX   0x0000000000001a8c       0x16
 .text.UART_TX  0x0000000000001a8c       0x16 build/default/production/uart_remap.o
                0x0000000000001a8c                UART_TX

.text.libgcc.mul
                0x0000000000001aa2       0x16
 .text.libgcc.mul
                0x0000000000001aa2       0x16 c:/program files/microchip/xc8/v3.00/avr/bin/../lib/gcc/avr/5.4.0/avrxmega2/memx-const/mapped\libgcc.a(_muluhisi3.o)
                0x0000000000001aa2                __muluhisi3

.text.exit      0x0000000000001ab8       0x16
 .text.exit     0x0000000000001ab8       0x16 c:/program files/microchip/xc8/v3.00/avr/bin/../lib/gcc/avr/5.4.0/../../../../avr/lib/avrxmega2/memx-const/mapped\libc.a(exit.o)
                0x0000000000001ab8                exit

.text.toupper   0x0000000000001ace       0x12
 .text.toupper  0x0000000000001ace       0x12 c:/program files/microchip/xc8/v3.00/avr/bin/../lib/gcc/avr/5.4.0/../../../../avr/lib/avrxmega2/memx-const/mapped\libc.a(toupper.o)
                0x0000000000001ace                toupper

.text.VREF_Initialize
                0x0000000000001ae0       0x10
 .text.VREF_Initialize
                0x0000000000001ae0       0x10 build/default/production/mcc_generated_files/vref/src/vref.o
                0x0000000000001ae0                VREF_Initialize

.text.tolower   0x0000000000001af0       0x10
 .text.tolower  0x0000000000001af0       0x10 c:/program files/microchip/xc8/v3.00/avr/bin/../lib/gcc/avr/5.4.0/../../../../avr/lib/avrxmega2/memx-const/mapped\libc.a(tolower.o)
                0x0000000000001af0                tolower

.text.USART1_IsTxReady
                0x0000000000001b00        0xc
 .text.USART1_IsTxReady
                0x0000000000001b00        0xc build/default/production/mcc_generated_files/uart/src/usart1.o
                0x0000000000001b00                USART1_IsTxReady

.text.ADC0_IsConversionDone
                0x0000000000001b0c        0x8
 .text.ADC0_IsConversionDone
                0x0000000000001b0c        0x8 build/default/production/mcc_generated_files/adc/src/adc0.o
                0x0000000000001b0c                ADC0_IsConversionDone

.text.protected_write_io
                0x0000000000001b14        0x8
 .text.protected_write_io
                0x0000000000001b14        0x8 build/default/production/mcc_generated_files/system/src/protected_io.o
                0x0000000000001b14                protected_write_io

.text.USART1_Write
                0x0000000000001b1c        0x6
 .text.USART1_Write
                0x0000000000001b1c        0x6 build/default/production/mcc_generated_files/uart/src/usart1.o
                0x0000000000001b1c                USART1_Write

.text           0x0000000000001b22        0x4
 .text          0x0000000000001b22        0x4 C:/Users/User/.mchp_packs/Microchip/AVR-Dx_DFP/2.7.321/xc8/avr/lib/avrxmega2/memx-const/mapped/crtavr64dd28.o
                0x0000000000001b22                __vector_22
                0x0000000000001b22                __vector_28
                0x0000000000001b22                __vector_1
                0x0000000000001b22                __vector_32
                0x0000000000001b22                __bad_interrupt
                0x0000000000001b22                __vector_6
                0x0000000000001b22                __vector_31
                0x0000000000001b22                __vector_35
                0x0000000000001b22                __vector_3
                0x0000000000001b22                __vector_23
                0x0000000000001b22                __vector_30
                0x0000000000001b22                __vector_25
                0x0000000000001b22                __vector_19
                0x0000000000001b22                __vector_7
                0x0000000000001b22                __vector_5
                0x0000000000001b22                __vector_33
                0x0000000000001b22                __vector_4
                0x0000000000001b22                __vector_2
                0x0000000000001b22                __vector_21
                0x0000000000001b22                __vector_15
                0x0000000000001b22                __vector_10
                0x0000000000001b22                __vector_18
                0x0000000000001b22                __vector_20

.text._Exit     0x0000000000001b26        0x4
 .text._Exit    0x0000000000001b26        0x4 c:/program files/microchip/xc8/v3.00/avr/bin/../lib/gcc/avr/5.4.0/../../../../avr/lib/avrxmega2/memx-const/mapped\libc.a(_Exit.o)
                0x0000000000001b26                _Exit

.text.TWI0_DefaultCallback
                0x0000000000001b2a        0x2
 .text.TWI0_DefaultCallback
                0x0000000000001b2a        0x2 build/default/production/mcc_generated_files/i2c_host/src/twi0.o

.text.PF0_DefaultInterruptHandler
                0x0000000000001b2c        0x2
 .text.PF0_DefaultInterruptHandler
                0x0000000000001b2c        0x2 build/default/production/mcc_generated_files/system/src/pins.o
                0x0000000000001b2c                PF0_DefaultInterruptHandler

.text.PF1_DefaultInterruptHandler
                0x0000000000001b2e        0x2
 .text.PF1_DefaultInterruptHandler
                0x0000000000001b2e        0x2 build/default/production/mcc_generated_files/system/src/pins.o
                0x0000000000001b2e                PF1_DefaultInterruptHandler

.text.PA4_DefaultInterruptHandler
                0x0000000000001b30        0x2
 .text.PA4_DefaultInterruptHandler
                0x0000000000001b30        0x2 build/default/production/mcc_generated_files/system/src/pins.o
                0x0000000000001b30                PA4_DefaultInterruptHandler

.text.PA5_DefaultInterruptHandler
                0x0000000000001b32        0x2
 .text.PA5_DefaultInterruptHandler
                0x0000000000001b32        0x2 build/default/production/mcc_generated_files/system/src/pins.o
                0x0000000000001b32                PA5_DefaultInterruptHandler

.text.PD4_DefaultInterruptHandler
                0x0000000000001b34        0x2
 .text.PD4_DefaultInterruptHandler
                0x0000000000001b34        0x2 build/default/production/mcc_generated_files/system/src/pins.o
                0x0000000000001b34                PD4_DefaultInterruptHandler

.text.PD5_DefaultInterruptHandler
                0x0000000000001b36        0x2
 .text.PD5_DefaultInterruptHandler
                0x0000000000001b36        0x2 build/default/production/mcc_generated_files/system/src/pins.o
                0x0000000000001b36                PD5_DefaultInterruptHandler

.text.PC1_DefaultInterruptHandler
                0x0000000000001b38        0x2
 .text.PC1_DefaultInterruptHandler
                0x0000000000001b38        0x2 build/default/production/mcc_generated_files/system/src/pins.o
                0x0000000000001b38                PC1_DefaultInterruptHandler

.text.PD1_DefaultInterruptHandler
                0x0000000000001b3a        0x2
 .text.PD1_DefaultInterruptHandler
                0x0000000000001b3a        0x2 build/default/production/mcc_generated_files/system/src/pins.o
                0x0000000000001b3a                PD1_DefaultInterruptHandler

.text.PD2_DefaultInterruptHandler
                0x0000000000001b3c        0x2
 .text.PD2_DefaultInterruptHandler
                0x0000000000001b3c        0x2 build/default/production/mcc_generated_files/system/src/pins.o
                0x0000000000001b3c                PD2_DefaultInterruptHandler

.text.PD3_DefaultInterruptHandler
                0x0000000000001b3e        0x2
 .text.PD3_DefaultInterruptHandler
                0x0000000000001b3e        0x2 build/default/production/mcc_generated_files/system/src/pins.o
                0x0000000000001b3e                PD3_DefaultInterruptHandler

.text.PD6_DefaultInterruptHandler
                0x0000000000001b40        0x2
 .text.PD6_DefaultInterruptHandler
                0x0000000000001b40        0x2 build/default/production/mcc_generated_files/system/src/pins.o
                0x0000000000001b40                PD6_DefaultInterruptHandler

.text.PC3_DefaultInterruptHandler
                0x0000000000001b42        0x2
 .text.PC3_DefaultInterruptHandler
                0x0000000000001b42        0x2 build/default/production/mcc_generated_files/system/src/pins.o
                0x0000000000001b42                PC3_DefaultInterruptHandler

.text.PC2_DefaultInterruptHandler
                0x0000000000001b44        0x2
 .text.PC2_DefaultInterruptHandler
                0x0000000000001b44        0x2 build/default/production/mcc_generated_files/system/src/pins.o
                0x0000000000001b44                PC2_DefaultInterruptHandler

.text.PC0_DefaultInterruptHandler
                0x0000000000001b46        0x2
 .text.PC0_DefaultInterruptHandler
                0x0000000000001b46        0x2 build/default/production/mcc_generated_files/system/src/pins.o
                0x0000000000001b46                PC0_DefaultInterruptHandler

.text.PA1_DefaultInterruptHandler
                0x0000000000001b48        0x2
 .text.PA1_DefaultInterruptHandler
                0x0000000000001b48        0x2 build/default/production/mcc_generated_files/system/src/pins.o
                0x0000000000001b48                PA1_DefaultInterruptHandler

.text.PA0_DefaultInterruptHandler
                0x0000000000001b4a        0x2
 .text.PA0_DefaultInterruptHandler
                0x0000000000001b4a        0x2 build/default/production/mcc_generated_files/system/src/pins.o
                0x0000000000001b4a                PA0_DefaultInterruptHandler

.text.PA2_DefaultInterruptHandler
                0x0000000000001b4c        0x2
 .text.PA2_DefaultInterruptHandler
                0x0000000000001b4c        0x2 build/default/production/mcc_generated_files/system/src/pins.o
                0x0000000000001b4c                PA2_DefaultInterruptHandler

.text.PA3_DefaultInterruptHandler
                0x0000000000001b4e        0x2
 .text.PA3_DefaultInterruptHandler
                0x0000000000001b4e        0x2 build/default/production/mcc_generated_files/system/src/pins.o
                0x0000000000001b4e                PA3_DefaultInterruptHandler

.text.PA6_DefaultInterruptHandler
                0x0000000000001b50        0x2
 .text.PA6_DefaultInterruptHandler
                0x0000000000001b50        0x2 build/default/production/mcc_generated_files/system/src/pins.o
                0x0000000000001b50                PA6_DefaultInterruptHandler

.text.PA7_DefaultInterruptHandler
                0x0000000000001b52        0x2
 .text.PA7_DefaultInterruptHandler
                0x0000000000001b52        0x2 build/default/production/mcc_generated_files/system/src/pins.o
                0x0000000000001b52                PA7_DefaultInterruptHandler

.text.TCA0_DefaultCompare0CallbackRegister
                0x0000000000001b54        0x2
 .text.TCA0_DefaultCompare0CallbackRegister
                0x0000000000001b54        0x2 build/default/production/mcc_generated_files/timer/src/tca0.o
                0x0000000000001b54                TCA0_DefaultCompare0CallbackRegister

.text.TCA0_DefaultCompare1CallbackRegister
                0x0000000000001b56        0x2
 .text.TCA0_DefaultCompare1CallbackRegister
                0x0000000000001b56        0x2 build/default/production/mcc_generated_files/timer/src/tca0.o
                0x0000000000001b56                TCA0_DefaultCompare1CallbackRegister

.text.TCA0_DefaultCompare2CallbackRegister
                0x0000000000001b58        0x2
 .text.TCA0_DefaultCompare2CallbackRegister
                0x0000000000001b58        0x2 build/default/production/mcc_generated_files/timer/src/tca0.o
                0x0000000000001b58                TCA0_DefaultCompare2CallbackRegister

.text.TCA0_DefaultOverflowCallbackRegister
                0x0000000000001b5a        0x2
 .text.TCA0_DefaultOverflowCallbackRegister
                0x0000000000001b5a        0x2 build/default/production/mcc_generated_files/timer/src/tca0.o
                0x0000000000001b5a                TCA0_DefaultOverflowCallbackRegister

.text.USART1_DefaultFramingErrorCallback
                0x0000000000001b5c        0x2
 .text.USART1_DefaultFramingErrorCallback
                0x0000000000001b5c        0x2 build/default/production/mcc_generated_files/uart/src/usart1.o

.text.USART1_DefaultOverrunErrorCallback
                0x0000000000001b5e        0x2
 .text.USART1_DefaultOverrunErrorCallback
                0x0000000000001b5e        0x2 build/default/production/mcc_generated_files/uart/src/usart1.o

.text.USART1_DefaultParityErrorCallback
                0x0000000000001b60        0x2
 .text.USART1_DefaultParityErrorCallback
                0x0000000000001b60        0x2 build/default/production/mcc_generated_files/uart/src/usart1.o

.text.USART0_DefaultFramingErrorCallback
                0x0000000000001b62        0x2
 .text.USART0_DefaultFramingErrorCallback
                0x0000000000001b62        0x2 build/default/production/mcc_generated_files/uart/src/usart0.o

.text.USART0_DefaultOverrunErrorCallback
                0x0000000000001b64        0x2
 .text.USART0_DefaultOverrunErrorCallback
                0x0000000000001b64        0x2 build/default/production/mcc_generated_files/uart/src/usart0.o

.text.USART0_DefaultParityErrorCallback
                0x0000000000001b66        0x2
 .text.USART0_DefaultParityErrorCallback
                0x0000000000001b66        0x2 build/default/production/mcc_generated_files/uart/src/usart0.o

.text.__dummy_fini
                0x0000000000001b68        0x2
 .text.__dummy_fini
                0x0000000000001b68        0x2 c:/program files/microchip/xc8/v3.00/avr/bin/../lib/gcc/avr/5.4.0/../../../../avr/lib/avrxmega2/memx-const/mapped\libc.a(exit.o)
                0x0000000000001b68                _fini

.text.__dummy_funcs_on_exit
                0x0000000000001b6a        0x2
 .text.__dummy_funcs_on_exit
                0x0000000000001b6a        0x2 c:/program files/microchip/xc8/v3.00/avr/bin/../lib/gcc/avr/5.4.0/../../../../avr/lib/avrxmega2/memx-const/mapped\libc.a(exit.o)
                0x0000000000001b6a                __funcs_on_exit

.text.__dummy_simulator_exit
                0x0000000000001b6c        0x2
 .text.__dummy_simulator_exit
                0x0000000000001b6c        0x2 c:/program files/microchip/xc8/v3.00/avr/bin/../lib/gcc/avr/5.4.0/../../../../avr/lib/avrxmega2/memx-const/mapped\libc.a(exit.o)
                0x0000000000001b6c                __simulator_exit

.rodata.state_table
                0x0000000000806002       0x16 load address 0x0000000000001b6e
 .rodata.state_table
                0x0000000000806002       0x16 c:/program files/microchip/xc8/v3.00/avr/bin/../lib/gcc/avr/5.4.0/../../../../avr/lib/avrxmega2/memx-const/mapped\libc.a(__printf_core.o)

.data.mystdout  0x0000000000806018       0x10 load address 0x0000000000001b84
 .data.mystdout
                0x0000000000806018       0x10 build/default/production/uart_remap.o

.rodata.nuls.2781
                0x0000000000806028        0x7 load address 0x0000000000001b94
 .rodata.nuls.2781
                0x0000000000806028        0x7 c:/program files/microchip/xc8/v3.00/avr/bin/../lib/gcc/avr/5.4.0/../../../../avr/lib/avrxmega2/memx-const/mapped\libc.a(__fmt_s.o)

.rodata.nilstr.2962
                0x000000000080602f        0x6 load address 0x0000000000001b9b
 .rodata.nilstr.2962
                0x000000000080602f        0x6 c:/program files/microchip/xc8/v3.00/avr/bin/../lib/gcc/avr/5.4.0/../../../../avr/lib/avrxmega2/memx-const/mapped\libc.a(__printf_core.o)

.data.TCA0_OVF_isr_cb
                0x0000000000806063        0x2 load address 0x0000000000001ba1
 .data.TCA0_OVF_isr_cb
                0x0000000000806063        0x2 build/default/production/mcc_generated_files/timer/src/tca0.o
                0x0000000000806063                TCA0_OVF_isr_cb

.data.TCA0_CMP2_isr_cb
                0x0000000000806065        0x2 load address 0x0000000000001ba3
 .data.TCA0_CMP2_isr_cb
                0x0000000000806065        0x2 build/default/production/mcc_generated_files/timer/src/tca0.o
                0x0000000000806065                TCA0_CMP2_isr_cb

.data.TCA0_CMP1_isr_cb
                0x0000000000806067        0x2 load address 0x0000000000001ba5
 .data.TCA0_CMP1_isr_cb
                0x0000000000806067        0x2 build/default/production/mcc_generated_files/timer/src/tca0.o
                0x0000000000806067                TCA0_CMP1_isr_cb

.data.TCA0_CMP0_isr_cb
                0x0000000000806069        0x2 load address 0x0000000000001ba7
 .data.TCA0_CMP0_isr_cb
                0x0000000000806069        0x2 build/default/production/mcc_generated_files/timer/src/tca0.o
                0x0000000000806069                TCA0_CMP0_isr_cb

.data.stdout_ptr
                0x0000000000806081        0x2 load address 0x0000000000001ba9
 .data.stdout_ptr
                0x0000000000806081        0x2 build/default/production/uart_remap.o
                0x0000000000806081                stdout_ptr

.data._stdout   0x0000000000806083        0x2 load address 0x0000000000001bab
 .data._stdout  0x0000000000806083        0x2 c:/program files/microchip/xc8/v3.00/avr/bin/../lib/gcc/avr/5.4.0/../../../../avr/lib/avrxmega2/memx-const/mapped\libc.a(stdout.o)
                0x0000000000806083                _stdout
