Microchip MPLAB XC8 Compiler V2.50

Linker command line:

-W-3 \
  --edf=C:\Program Files\Microchip\xc8\v2.50\pic\dat\20240725155939_en.msgs \
  -cn -h+dist/default/production\Balancer.X.production.sym \
  --cmf=dist/default/production\Balancer.X.production.cmf -z -Q16F886 \
  -oC:\Users\User\AppData\Local\Temp\xcAs34o.\driver_tmp_3.o \
  --defsym=__MPLAB_BUILD=1 --fixupoverflow=error \
  -Mdist/default/production/Balancer.X.production.map \
  --md=C:\Users\User\AppData\Local\Temp\xcAs34o.\driver_tmp_0.dat -E1 \
  -ver=XC8 Compiler --acfsm=1493 -ACODE=00h-07FFhx4 -ASTRCODE=00h-01FFFh \
  -ASTRING=00h-0FFhx32 -ACONST=00h-0FFhx32 -AENTRY=00h-0FFhx32 \
  -ACOMMON=070h-07Fh -ABANK0=020h-06Fh -ABANK1=0A0h-0EFh \
  -ABANK2=0110h-016Fh -ABANK3=0190h-01EFh \
  -ARAM=020h-06Fh,0A0h-0EFh,0110h-016Fh,0190h-01EFh \
  -AABS1=020h-07Fh,0A0h-0EFh,0110h-016Fh,0190h-01EFh -ASFR0=00h-01Fh \
  -ASFR1=080h-09Fh -ASFR2=0100h-010Fh -ASFR3=0180h-018Fh \
  -ACONFIG=02007h-02008h -DCONFIG=2 -AIDLOC=02000h-02003h -DIDLOC=2 \
  -AEEDATA=00h-0FFh/02100h -peeprom_data=EEDATA -DEEDATA=2 -DCODE=2 \
  -DSTRCODE=2 -DSTRING=2 -DCONST=2 -DENTRY=2 \
  -preset_vec=00h,intentry=04h,sivt,init,end_init -ppowerup=CODE \
  -pcinit=CODE -pfunctab=ENTRY -k \
  C:\Users\User\AppData\Local\Temp\xcAs34o.\driver_tmp_17.o \
  dist/default/production\Balancer.X.production.o 

Object code version is 3.11

Machine type is 16F886



                Name                               Link     Load   Length Selector   Space Scale
C:\Users\User\AppData\Local\Temp\xcAs34o.\driver_tmp_17.o
                end_init                              C        C        3        8       0
                reset_vec                             0        0        3        0       0
                config                             2007     2007        2        0       4
dist/default/production\Balancer.X.production.o
                cinit                                 F        F       18        8       0
                intentry                              4        4        8        8       0
                config                             2007     2007        2        0       4
                text32                              9C4      9C4       34     1388       0
                text31                              930      930       1E     1260       0
                text30                              915      915       1B     122A       0
                text29                              99A      99A       2A     1334       0
                text28                              8B8      8B8        9     1170       0
                text27                              8C1      8C1        9     1182       0
                text26                              8CA      8CA        A     1194       0
                text25                              726      726       A9      E4C       0
                text24                              B9A      B9A       5A     1734       0
                text23                              CDF      CDF       8B     19BE       0
                text22                              D6A      D6A       9E     1AD4       0
                text21                              59D      59D       5E        8       0
                text20                              BF4      BF4       66     17E8       0
                text19                              AAD      AAD       48     155A       0
                text18                              AF5      AF5       4E     15EA       0
                text17                              973      973       27     12E6       0
                text16                              450      450      14D        8       0
                text15                              A30      A30       3B     1460       0
                text14                              EF8      EF8      108     1DF0       0
                text13                              7CF      7CF       2A      E4C       0
                text12                              8D4      8D4        E     11A8       0
                text11                              8E2      8E2       10     11C4       0
                text10                              C5A      C5A       85     18B4       0
                text9                               A6B      A6B       42     14D6       0
                text8                               9F8      9F8       38     13F0       0
                text7                               8A8      8A8        8     1150       0
                text6                               B43      B43       57     1686       0
                text5                               E08      E08       F0     1C10       0
                text4                               94E      94E       25     129C       0
                text3                               8F2      8F2       11     11E4       0
                text2                               903      903       12     1206       0
                text1                               2BD      2BD      193        8       0
                maintext                             27       27      296        8       0
                cstackBANK0                          20       20       44       20       1
                cstackCOMMON                         70       70        A       70       1
                cstackBANK1                          C0       C0       14       A0       1
                clrtext                             8B0      8B0        8     1160       0
                bssBANK1                             A0       A0       20       A0       1
                bssBANK0                             64       64        7       20       1
                bssCOMMON                            7A       7A        2       70       1
                stringtext                          600      600      126        C       0

TOTAL           Name                               Link     Load   Length     Space
        CLASS   CODE           
                end_init                              C        C        3         0
                cinit                                 F        F       18         0
                intentry                              4        4        8         0
                reset_vec                             0        0        3         0
                text32                              9C4      9C4       34         0
                text31                              930      930       1E         0
                text30                              915      915       1B         0
                text29                              99A      99A       2A         0
                text28                              8B8      8B8        9         0
                text27                              8C1      8C1        9         0
                text26                              8CA      8CA        A         0
                text25                              726      726       A9         0
                text24                              B9A      B9A       5A         0
                text23                              CDF      CDF       8B         0
                text22                              D6A      D6A       9E         0
                text21                              59D      59D       5E         0
                text20                              BF4      BF4       66         0
                text19                              AAD      AAD       48         0
                text18                              AF5      AF5       4E         0
                text17                              973      973       27         0
                text16                              450      450      14D         0
                text15                              A30      A30       3B         0
                text14                              EF8      EF8      108         0
                text13                              7CF      7CF       2A         0
                text12                              8D4      8D4        E         0
                text11                              8E2      8E2       10         0
                text10                              C5A      C5A       85         0
                text9                               A6B      A6B       42         0
                text8                               9F8      9F8       38         0
                text7                               8A8      8A8        8         0
                text6                               B43      B43       57         0
                text5                               E08      E08       F0         0
                text4                               94E      94E       25         0
                text3                               8F2      8F2       11         0
                text2                               903      903       12         0
                text1                               2BD      2BD      193         0
                maintext                             27       27      296         0
                clrtext                             8B0      8B0        8         0

        CLASS   STRCODE        
                stringtext                          600      600      126         0

        CLASS   STRING         

        CLASS   CONST          

        CLASS   ENTRY          

        CLASS   COMMON         
                cstackCOMMON                         70       70        A         1
                bssCOMMON                            7A       7A        2         1

        CLASS   BANK0          
                cstackBANK0                          20       20       44         1
                bssBANK0                             64       64        7         1

        CLASS   BANK1          
                cstackBANK1                          C0       C0       14         1
                bssBANK1                             A0       A0       20         1

        CLASS   BANK2          

        CLASS   BANK3          

        CLASS   RAM            

        CLASS   ABS1           
                abs_s1                               7E       7E        2         1

        CLASS   SFR0           

        CLASS   SFR1           

        CLASS   SFR2           

        CLASS   SFR3           

        CLASS   CONFIG         
                config                             2007     2007        2         4

        CLASS   IDLOC          

        CLASS   EEDATA         

        CLASS   HEAP           

        CLASS   STACK          



SEGMENTS        Name                           Load    Length   Top    Selector   Space  Class     Delta

                reset_vec                      000000  000003  000003         0       0  CODE        2
                intentry                       000004  0005F7  0005FB         8       0  CODE        2
                cstackBANK0                    000020  00004B  00006B        20       1  BANK0       1
                cstackCOMMON                   000070  00000C  00007C        70       1  COMMON      1
                bssBANK1                       0000A0  000034  0000D4        A0       1  BANK1       1
                stringtext                     000600  000126  000726         C       0  STRCODE     2
                text25                         000726  0000D3  0007F9       E4C       0  CODE        2
                text7                          0008A8  000008  0008B0      1150       0  CODE        2
                clrtext                        0008B0  000008  0008B8      1160       0  CODE        2
                text28                         0008B8  000009  0008C1      1170       0  CODE        2
                text27                         0008C1  000009  0008CA      1182       0  CODE        2
                text26                         0008CA  00000A  0008D4      1194       0  CODE        2
                text12                         0008D4  00000E  0008E2      11A8       0  CODE        2
                text11                         0008E2  000010  0008F2      11C4       0  CODE        2
                text3                          0008F2  000011  000903      11E4       0  CODE        2
                text2                          000903  000012  000915      1206       0  CODE        2
                text30                         000915  00001B  000930      122A       0  CODE        2
                text31                         000930  00001E  00094E      1260       0  CODE        2
                text4                          00094E  000025  000973      129C       0  CODE        2
                text17                         000973  000027  00099A      12E6       0  CODE        2
                text29                         00099A  00002A  0009C4      1334       0  CODE        2
                text32                         0009C4  000034  0009F8      1388       0  CODE        2
                text8                          0009F8  000038  000A30      13F0       0  CODE        2
                text15                         000A30  00003B  000A6B      1460       0  CODE        2
                text9                          000A6B  000042  000AAD      14D6       0  CODE        2
                text19                         000AAD  000048  000AF5      155A       0  CODE        2
                text18                         000AF5  00004E  000B43      15EA       0  CODE        2
                text6                          000B43  000057  000B9A      1686       0  CODE        2
                text24                         000B9A  00005A  000BF4      1734       0  CODE        2
                text20                         000BF4  000066  000C5A      17E8       0  CODE        2
                text10                         000C5A  000085  000CDF      18B4       0  CODE        2
                text23                         000CDF  00008B  000D6A      19BE       0  CODE        2
                text22                         000D6A  00009E  000E08      1AD4       0  CODE        2
                text5                          000E08  0000F0  000EF8      1C10       0  CODE        2
                text14                         000EF8  000108  001000      1DF0       0  CODE        2


UNUSED ADDRESS RANGES

        Name                Unused          Largest block    Delta
        BANK0            006B-006F              5           1
        BANK1            00D4-00EF             1C           1
        BANK2            0110-016F             60           1
        BANK3            0190-01EF             60           1
        CODE             0003-0003              1           2
                         05FB-05FF              5
                         07F9-08A7              7
                         1000-1FFF            800
        COMMON           007C-007D              2           1
        CONST            0003-0003              1           2
                         05FB-05FF              5
                         07F9-08A7              7
                         1000-1FFF            100
        EEDATA           2100-21FF            100           2
        ENTRY            0003-0003              1           2
                         05FB-05FF              5
                         07F9-08A7              7
                         1000-1FFF            100
        IDLOC            2000-2003              4           2
        RAM              006B-006F              5           1
                         00D4-00EF             1C
                         0110-016F             60
                         0190-01EF             60
        SFR0             0000-001F             20           1
        SFR1             0080-009F             20           1
        SFR2             0100-010F             10           1
        SFR3             0180-018F             10           1
        STRCODE          0003-0003              1           2
                         05FB-05FF              5
                         07F9-08A7             AF
                         1000-1FFF           1000
        STRING           0003-0003              1           2
                         05FB-05FF              5
                         07F9-08A7              7
                         1000-1FFF            100

                                  Symbol Table

?_ADC_Read_ADC_Result                                                              cstackCOMMON 0072
?_AutoFox_INA226_GetBusVoltage_V                                                   cstackBANK0  0033
?___lldiv                                                                          cstackBANK0  0025
?___lmul                                                                           cstackCOMMON 0072
?___lwdiv                                                                          cstackCOMMON 0072
?___lwmod                                                                          cstackCOMMON 0072
?_printf                                                                           cstackBANK0  0039
?_read_voltage                                                                     cstackBANK0  0033
?_vfprintf                                                                         cstackBANK0  0033
ADC_Read_ADC_Result@adcResult                                                      cstackCOMMON 0074
AutoFox_INA226_CheckI2cAddress@aI2C_Address                                        cstackCOMMON 0076
AutoFox_INA226_ConfigureNumSampleAveraging@aIndexToSampleAverageTable              cstackBANK0  002B
AutoFox_INA226_ConfigureNumSampleAveraging@s                                       cstackCOMMON 0079
AutoFox_INA226_ConfigureNumSampleAveraging@this                                    cstackBANK0  0029
AutoFox_INA226_ConfigureVoltageConversionTime@aIndexToConversionTimeTable          cstackBANK0  002B
AutoFox_INA226_ConfigureVoltageConversionTime@s                                    cstackBANK0  0033
AutoFox_INA226_ConfigureVoltageConversionTime@theMergedBusAndShuntConvTimeIndicies cstackBANK0  0031
AutoFox_INA226_ConfigureVoltageConversionTime@this                                 cstackBANK0  0029
AutoFox_INA226_Constructor@this                                                    cstackCOMMON 0072
AutoFox_INA226_GetBusVoltage_V@theRegisterValue                                    cstackBANK0  0035
AutoFox_INA226_GetBusVoltage_V@this                                                cstackBANK0  0033
AutoFox_INA226_Init@aI2C_Address                                                   cstackBANK0  004D
AutoFox_INA226_Init@aMaxCurrent_Amps                                               cstackBANK0  0050
AutoFox_INA226_Init@aShuntResistor_mOhms                                           cstackBANK0  004E
AutoFox_INA226_Init@s                                                              cstackBANK0  0058
AutoFox_INA226_Init@s_868                                                          cstackBANK0  0059
AutoFox_INA226_Init@s_869                                                          cstackBANK0  005A
AutoFox_INA226_Init@s_870                                                          cstackBANK0  005B
AutoFox_INA226_Init@s_871                                                          cstackBANK0  005C
AutoFox_INA226_Init@s_872                                                          cstackBANK0  005D
AutoFox_INA226_Init@s_873                                                          cstackBANK0  005E
AutoFox_INA226_Init@theINA226_ID                                                   cstackBANK0  005F
AutoFox_INA226_Init@this                                                           cstackBANK0  004B
AutoFox_INA226_ReadRegister@aRegister                                              cstackBANK0  0022
AutoFox_INA226_ReadRegister@aValue_p                                               cstackBANK0  0023
AutoFox_INA226_ReadRegister@this                                                   cstackBANK0  0020
AutoFox_INA226_WriteRegister@aRegister                                             cstackCOMMON 0076
AutoFox_INA226_WriteRegister@aValue                                                cstackCOMMON 0077
AutoFox_INA226_WriteRegister@buffer                                                cstackBANK0  0024
AutoFox_INA226_WriteRegister@this                                                  cstackCOMMON 0074
AutoFox_INA226_setupCalibration@aMaxCurrent_Amps                                   cstackBANK0  0037
AutoFox_INA226_setupCalibration@aShuntResistor_mOhms                               cstackBANK0  0035
AutoFox_INA226_setupCalibration@theCal                                             cstackBANK0  0043
AutoFox_INA226_setupCalibration@theCurrentLSB_uA                                   cstackBANK0  0047
AutoFox_INA226_setupCalibration@this                                               cstackBANK0  0033
I2C_Master_Read@ack                                                                cstackCOMMON 0074
I2C_Master_Read@data                                                               cstackCOMMON 0075
I2C_Master_Write@data                                                              cstackCOMMON 0072
SendErrorStatus@err                                                                cstackCOMMON 0077
SendErrorStatus@errorMsg                                                           cstackCOMMON 0078
SendUART_debug@data                                                                cstackCOMMON 0073
SendUART_debug@i                                                                   cstackCOMMON 0074
_ACKDT                                                                             (abs)        048D
_ACKEN                                                                             (abs)        048C
_ACKSTAT                                                                           (abs)        048E
_ADCON0bits                                                                        (abs)        001F
_ADCON1bits                                                                        (abs)        009F
_ADC_Init                                                                          text31       0930
_ADC_Read_ADC_Result                                                               text2        0903
_ADRESH                                                                            (abs)        001E
_ADRESL                                                                            (abs)        009E
_ANSEL                                                                             (abs)        0188
_ANSELH                                                                            (abs)        0189
_AutoFox_INA226_CheckI2cAddress                                                    text17       0973
_AutoFox_INA226_ConfigureNumSampleAveraging                                        text23       0CDF
_AutoFox_INA226_ConfigureVoltageConversionTime                                     text22       0D6A
_AutoFox_INA226_Constructor                                                        text21       059D
_AutoFox_INA226_GetBusVoltage_V                                                    text18       0AF5
_AutoFox_INA226_Init                                                               text14       0EF8
_AutoFox_INA226_ReadRegister                                                       text25       0726
_AutoFox_INA226_WriteRegister                                                      text24       0B9A
_AutoFox_INA226_setupCalibration                                                   text16       0450
_Global_Init                                                                       text13       07CF
_I2C_Init                                                                          text12       08D4
_I2C_Master_Read                                                                   text29       099A
_I2C_Master_Start                                                                  text28       08B8
_I2C_Master_Stop                                                                   text27       08C1
_I2C_Master_Wait                                                                   text30       0915
_I2C_Master_Write                                                                  text26       08CA
_INTCONbits                                                                        (abs)        000B
_ISR                                                                               text32       09C4
_Interrupt_Init                                                                    text11       08E2
_OPTION_REGbits                                                                    (abs)        0081
_OSCCONbits                                                                        (abs)        008F
_PORTAbits                                                                         (abs)        0005
_PORTBbits                                                                         (abs)        0006
_PORTCbits                                                                         (abs)        0007
_RCEN                                                                              (abs)        048B
_RCSTAbits                                                                         (abs)        0018
_SPBRG                                                                             (abs)        0099
_SSPADD                                                                            (abs)        0093
_SSPBUF                                                                            (abs)        0013
_SSPCON2                                                                           (abs)        0091
_SSPCON2bits                                                                       (abs)        0091
_SSPCONbits                                                                        (abs)        0014
_SSPSTATbits                                                                       (abs)        0094
_SendErrorStatus                                                                   text10       0C5A
_SendUART_debug                                                                    text15       0A30
_T1CONbits                                                                         (abs)        0010
_TMR0IE                                                                            (abs)        005D
_TMR0IF                                                                            (abs)        005A
_TRISA0                                                                            (abs)        0428
_TRISA1                                                                            (abs)        0429
_TRISA2                                                                            (abs)        042A
_TRISA3                                                                            (abs)        042B
_TRISA4                                                                            (abs)        042C
_TRISA5                                                                            (abs)        042D
_TRISA6                                                                            (abs)        042E
_TRISA7                                                                            (abs)        042F
_TRISB0                                                                            (abs)        0430
_TRISB1                                                                            (abs)        0431
_TRISB2                                                                            (abs)        0432
_TRISB3                                                                            (abs)        0433
_TRISB4                                                                            (abs)        0434
_TRISB5                                                                            (abs)        0435
_TRISB6                                                                            (abs)        0436
_TRISB7                                                                            (abs)        0437
_TRISC0                                                                            (abs)        0438
_TRISC1                                                                            (abs)        0439
_TRISC2                                                                            (abs)        043A
_TRISC3                                                                            (abs)        043B
_TRISC4                                                                            (abs)        043C
_TRISC5                                                                            (abs)        043D
_TRISC6                                                                            (abs)        043E
_TRISC7                                                                            (abs)        043F
_TRMT                                                                              (abs)        04C1
_TXREG                                                                             (abs)        0019
_TXSTAbits                                                                         (abs)        0098
__H__absolute__                                                                    __absolute__ 0000
__Habs1                                                                            abs1         0000
__Hbank0                                                                           bank0        0000
__Hbank1                                                                           bank1        0000
__Hbank2                                                                           bank2        0000
__Hbank3                                                                           bank3        0000
__HbssBANK0                                                                        bssBANK0     0000
__HbssBANK1                                                                        bssBANK1     0000
__HbssCOMMON                                                                       bssCOMMON    0000
__Hcinit                                                                           cinit        0027
__Hclrtext                                                                         clrtext      0000
__Hcode                                                                            code         0000
__Hcommon                                                                          common       0000
__Hconfig                                                                          config       2009
__HcstackBANK0                                                                     cstackBANK0  0000
__HcstackBANK1                                                                     cstackBANK1  0000
__HcstackCOMMON                                                                    cstackCOMMON 0000
__Heeprom_data                                                                     eeprom_data  0000
__Hend_init                                                                        end_init     000F
__Hfunctab                                                                         functab      0000
__Hheap                                                                            heap         0000
__Hinit                                                                            init         000C
__Hintentry                                                                        intentry     000C
__Hmaintext                                                                        maintext     0000
__Hpowerup                                                                         powerup      0000
__Hram                                                                             ram          0000
__Hreset_vec                                                                       reset_vec    0003
__Hsfr0                                                                            sfr0         0000
__Hsfr1                                                                            sfr1         0000
__Hsfr2                                                                            sfr2         0000
__Hsfr3                                                                            sfr3         0000
__Hsivt                                                                            sivt         000C
__Hspace_0                                                                         (abs)        1000
__Hspace_1                                                                         (abs)        00D4
__Hspace_2                                                                         (abs)        0000
__Hspace_3                                                                         (abs)        0000
__Hspace_4                                                                         (abs)        4010
__Hstack                                                                           stack        0000
__Hstrings                                                                         strings      0000
__Hstringtext                                                                      stringtext   0000
__Htext                                                                            text         0000
__L__absolute__                                                                    __absolute__ 0000
__Labs1                                                                            abs1         0000
__Lbank0                                                                           bank0        0000
__Lbank1                                                                           bank1        0000
__Lbank2                                                                           bank2        0000
__Lbank3                                                                           bank3        0000
__LbssBANK0                                                                        bssBANK0     0000
__LbssBANK1                                                                        bssBANK1     0000
__LbssCOMMON                                                                       bssCOMMON    0000
__Lcinit                                                                           cinit        000F
__Lclrtext                                                                         clrtext      0000
__Lcode                                                                            code         0000
__Lcommon                                                                          common       0000
__Lconfig                                                                          config       0000
__LcstackBANK0                                                                     cstackBANK0  0000
__LcstackBANK1                                                                     cstackBANK1  0000
__LcstackCOMMON                                                                    cstackCOMMON 0000
__Leeprom_data                                                                     eeprom_data  0000
__Lend_init                                                                        end_init     000C
__Lfunctab                                                                         functab      0000
__Lheap                                                                            heap         0000
__Linit                                                                            init         000C
__Lintentry                                                                        intentry     0004
__Lmaintext                                                                        maintext     0000
__Lpowerup                                                                         powerup      0000
__Lram                                                                             ram          0000
__Lreset_vec                                                                       reset_vec    0000
__Lsfr0                                                                            sfr0         0000
__Lsfr1                                                                            sfr1         0000
__Lsfr2                                                                            sfr2         0000
__Lsfr3                                                                            sfr3         0000
__Lsivt                                                                            sivt         000C
__Lspace_0                                                                         (abs)        0000
__Lspace_1                                                                         (abs)        0000
__Lspace_2                                                                         (abs)        0000
__Lspace_3                                                                         (abs)        0000
__Lspace_4                                                                         (abs)        0000
__Lstack                                                                           stack        0000
__Lstrings                                                                         strings      0000
__Lstringtext                                                                      stringtext   0000
__Ltext                                                                            text         0000
__S0                                                                               (abs)        1000
__S1                                                                               (abs)        00D4
__S3                                                                               (abs)        0000
___heap_hi                                                                         (abs)        0000
___heap_lo                                                                         (abs)        0000
___int_sp                                                                          stack        0000
___int_stack_hi                                                                    stack        0000
___int_stack_lo                                                                    stack        0000
___latbits                                                                         (abs)        0002
___lldiv                                                                           text20       0BF4
___lldiv@counter                                                                   cstackBANK0  0032
___lldiv@dividend                                                                  cstackBANK0  0029
___lldiv@divisor                                                                   cstackBANK0  0025
___lldiv@quotient                                                                  cstackBANK0  002E
___lmul                                                                            text19       0AAD
___lmul@multiplicand                                                               cstackCOMMON 0076
___lmul@multiplier                                                                 cstackCOMMON 0072
___lmul@product                                                                    cstackBANK0  0021
___lwdiv                                                                           text9        0A6B
___lwdiv@counter                                                                   cstackCOMMON 0076
___lwdiv@dividend                                                                  cstackCOMMON 0074
___lwdiv@divisor                                                                   cstackCOMMON 0072
___lwdiv@quotient                                                                  cstackCOMMON 0077
___lwmod                                                                           text8        09F8
___lwmod@counter                                                                   cstackCOMMON 0076
___lwmod@dividend                                                                  cstackCOMMON 0074
___lwmod@divisor                                                                   cstackCOMMON 0072
___sp                                                                              stack        0000
___stack_hi                                                                        stack        0000
___stack_lo                                                                        stack        0000
___stackhi                                                                         (abs)        0000
___stacklo                                                                         (abs)        0000
__end_of_ADC_Init                                                                  text31       094E
__end_of_ADC_Read_ADC_Result                                                       text2        0915
__end_of_AutoFox_INA226_CheckI2cAddress                                            text17       099A
__end_of_AutoFox_INA226_ConfigureNumSampleAveraging                                text23       0D6A
__end_of_AutoFox_INA226_ConfigureVoltageConversionTime                             text22       0E08
__end_of_AutoFox_INA226_Constructor                                                text21       05FB
__end_of_AutoFox_INA226_GetBusVoltage_V                                            text18       0B43
__end_of_AutoFox_INA226_Init                                                       text14       1000
__end_of_AutoFox_INA226_ReadRegister                                               text25       07CF
__end_of_AutoFox_INA226_WriteRegister                                              text24       0BF4
__end_of_AutoFox_INA226_setupCalibration                                           text16       059D
__end_of_Global_Init                                                               text13       07F9
__end_of_I2C_Init                                                                  text12       08E2
__end_of_I2C_Master_Read                                                           text29       09C4
__end_of_I2C_Master_Start                                                          text28       08C1
__end_of_I2C_Master_Stop                                                           text27       08CA
__end_of_I2C_Master_Wait                                                           text30       0930
__end_of_I2C_Master_Write                                                          text26       08D4
__end_of_INA226_ALERT_LIMIT                                                        stringtext   0646
__end_of_INA226_BUS_VOLTAGE                                                        stringtext   064B
__end_of_INA226_BUS_VOLTAGE_LSB                                                    stringtext   061E
__end_of_INA226_CALIBRATION                                                        stringtext   0648
__end_of_INA226_CONFIG                                                             stringtext   064D
__end_of_INA226_CONFIG_DEFAULT                                                     stringtext   063A
__end_of_INA226_CURRENT                                                            stringtext   0649
__end_of_INA226_DEFAULT_I2C_ADDRESS                                                stringtext   064F
__end_of_INA226_DEFAULT_I2C_ADDRESS@ina226$F817                                    stringtext   064E
__end_of_INA226_DIE_ID                                                             stringtext   0644
__end_of_INA226_DIE_ID_K                                                           stringtext   063C
__end_of_INA226_I2C_TIMEOUT                                                        stringtext   0642
__end_of_INA226_I2C_TIMEOUT@ina226$F818                                            stringtext   0640
__end_of_INA226_MANUFACTURER_ID                                                    stringtext   0645
__end_of_INA226_MANUFACTURER_ID_K                                                  stringtext   063E
__end_of_INA226_MASK_ENABLE                                                        stringtext   0647
__end_of_INA226_POWER                                                              stringtext   064A
__end_of_INA226_POWER_LSB_FACTOR                                                   stringtext   061A
__end_of_INA226_SHUNT_VOLTAGE                                                      stringtext   064C
__end_of_ISR                                                                       text32       09F8
__end_of_Interrupt_Init                                                            text11       08F2
__end_of_SendErrorStatus                                                           text10       0CDF
__end_of_SendUART_debug                                                            text15       0A6B
__end_of___lldiv                                                                   text20       0C5A
__end_of___lmul                                                                    text19       0AF5
__end_of___lwdiv                                                                   text9        0AAD
__end_of___lwmod                                                                   text8        0A30
__end_of__initialization                                                           cinit        0023
__end_of__stringtab                                                                stringtext   0612
__end_of_cAlertCauseMask                                                           stringtext   0632
__end_of_cAlertLatchingMode                                                        stringtext   0630
__end_of_cAlertPinModeMask                                                         stringtext   0634
__end_of_cBusVoltConvTimeIdxShift                                                  stringtext   0626
__end_of_cBusVoltageConvTimeMask                                                   stringtext   062C
__end_of_cMaxConvTimeTblIdx                                                        stringtext   0620
__end_of_cMaxSampleAvgTblIdx                                                       stringtext   0622
__end_of_cOperatingModeMask                                                        stringtext   0636
__end_of_cResetCommand                                                             stringtext   0638
__end_of_cSampleAvgIdxShift                                                        stringtext   0628
__end_of_cSampleAvgMask                                                            stringtext   062E
__end_of_cShuntVoltConvTimeIdxShift                                                stringtext   0624
__end_of_cShuntVoltageConvTimeMask                                                 stringtext   062A
__end_of_fputc                                                                     text6        0B9A
__end_of_main                                                                      maintext     02BD
__end_of_printf                                                                    text3        0903
__end_of_putch                                                                     text7        08B0
__end_of_read_voltage                                                              text1        0450
__end_of_vfpfcnvrt                                                                 text5        0EF8
__end_of_vfprintf                                                                  text4        0973
__end_ofread_voltage@num_samples                                                   stringtext   0643
__end_ofread_voltage@vref                                                          stringtext   0616
__initialization                                                                   cinit        000F
__pbssBANK0                                                                        bssBANK0     0064
__pbssBANK1                                                                        bssBANK1     00A0
__pbssCOMMON                                                                       bssCOMMON    007A
__pcstackBANK0                                                                     cstackBANK0  0020
__pcstackBANK1                                                                     cstackBANK1  00C0
__pcstackCOMMON                                                                    cstackCOMMON 0070
__pintentry                                                                        intentry     0004
__pmaintext                                                                        maintext     0027
__pstringtext                                                                      stringtext   0600
__ptext1                                                                           text1        02BD
__ptext10                                                                          text10       0C5A
__ptext11                                                                          text11       08E2
__ptext12                                                                          text12       08D4
__ptext13                                                                          text13       07CF
__ptext14                                                                          text14       0EF8
__ptext15                                                                          text15       0A30
__ptext16                                                                          text16       0450
__ptext17                                                                          text17       0973
__ptext18                                                                          text18       0AF5
__ptext19                                                                          text19       0AAD
__ptext2                                                                           text2        0903
__ptext20                                                                          text20       0BF4
__ptext21                                                                          text21       059D
__ptext22                                                                          text22       0D6A
__ptext23                                                                          text23       0CDF
__ptext24                                                                          text24       0B9A
__ptext25                                                                          text25       0726
__ptext26                                                                          text26       08CA
__ptext27                                                                          text27       08C1
__ptext28                                                                          text28       08B8
__ptext29                                                                          text29       099A
__ptext3                                                                           text3        08F2
__ptext30                                                                          text30       0915
__ptext31                                                                          text31       0930
__ptext32                                                                          text32       09C4
__ptext4                                                                           text4        094E
__ptext5                                                                           text5        0E08
__ptext6                                                                           text6        0B43
__ptext7                                                                           text7        08A8
__ptext8                                                                           text8        09F8
__ptext9                                                                           text9        0A6B
__stringbase                                                                       stringtext   0612
__stringtab                                                                        stringtext   0600
_dbuf                                                                              bssBANK1     00A0
_flags                                                                             bssBANK0     006A
_fputc                                                                             text6        0B43
_g_flag                                                                            bssBANK0     0068
_g_timer_led_blink                                                                 bssCOMMON    007A
_main                                                                              maintext     0027
_prec                                                                              bssBANK0     0066
_printf                                                                            text3        08F2
_putch                                                                             text7        08A8
_read_voltage                                                                      text1        02BD
_vfpfcnvrt                                                                         text5        0E08
_vfprintf                                                                          text4        094E
_width                                                                             bssBANK0     0064
btemp                                                                              (abs)        007E
clear_ram0                                                                         clrtext      08B0
end_of_initialization                                                              cinit        0023
fputc@c                                                                            cstackCOMMON 0076
fputc@fp                                                                           cstackCOMMON 0078
interrupt_function                                                                 intentry     0004
intlevel0                                                                          functab      0000
intlevel1                                                                          functab      0000
intlevel2                                                                          functab      0000
intlevel3                                                                          functab      0000
intlevel4                                                                          functab      0000
intlevel5                                                                          functab      0000
main@ina226                                                                        cstackBANK1  00C6
main@voltage_batt_12V_high                                                         cstackBANK1  00C2
main@voltage_batt_12V_low                                                          cstackBANK1  00C4
main@voltage_bus_24V                                                               cstackBANK1  00C0
printf@ap                                                                          cstackCOMMON 0079
printf@fmt                                                                         cstackBANK0  0039
putch@txData                                                                       cstackCOMMON 0075
read_voltage@R1                                                                    cstackBANK0  0044
read_voltage@R2                                                                    cstackBANK0  0039
read_voltage@average                                                               cstackBANK0  0048
read_voltage@i                                                                     cstackBANK0  0043
read_voltage@sample                                                                cstackBANK0  003D
read_voltage@sum                                                                   cstackBANK0  003F
reset_vec                                                                          reset_vec    0000
saved_w                                                                            (abs)        007E
start                                                                              init         000C
start_initialization                                                               cinit        000F
vfpfcnvrt@ap                                                                       cstackBANK0  0027
vfpfcnvrt@c                                                                        cstackBANK0  0032
vfpfcnvrt@convarg                                                                  cstackBANK0  002E
vfpfcnvrt@cp                                                                       cstackBANK0  002C
vfpfcnvrt@fmt                                                                      cstackBANK0  0026
vfpfcnvrt@fp                                                                       cstackBANK0  0025
vfprintf@ap                                                                        cstackBANK0  0036
vfprintf@cfmt                                                                      cstackBANK0  0037
vfprintf@fmt                                                                       cstackBANK0  0034
vfprintf@fp                                                                        cstackBANK0  0033
wtemp0                                                                             (abs)        007E


MODULE INFORMATION

Module		Function		Class		Link	Load	Size
interrupts.c
		_ISR           		CODE           	09C4	0000	52
		_Interrupt_Init		CODE           	08E2	0000	16

interrupts.c estimated size: 68

sw_uart.c
		_SendUART_debug		CODE           	0A30	0000	59
		_putch         		CODE           	08A8	0000	8

sw_uart.c estimated size: 67

C:\Program Files\Microchip\xc8\v2.50\pic\sources\c99\common\printf.c
		_printf        		CODE           	08F2	0000	17

C:\Program Files\Microchip\xc8\v2.50\pic\sources\c99\common\printf.c estimated size: 17

inits.c
		_Global_Init   		CODE           	07CF	0000	42

inits.c estimated size: 42

C:\Program Files\Microchip\xc8\v2.50\pic\sources\c99\common\lwmod.c
		___lwmod       		CODE           	09F8	0000	56

C:\Program Files\Microchip\xc8\v2.50\pic\sources\c99\common\lwmod.c estimated size: 56

C:\Program Files\Microchip\xc8\v2.50\pic\sources\c99\common\Umul32.c
		___lmul        		CODE           	0AAD	0000	72

C:\Program Files\Microchip\xc8\v2.50\pic\sources\c99\common\Umul32.c estimated size: 72

ina226.c
		_AutoFox_INA226_ReadRegister		CODE           	0726	0000	169
		_AutoFox_INA226_CheckI2cAddress		CODE           	0973	0000	39
		_AutoFox_INA226_WriteRegister		CODE           	0B9A	0000	90
		_AutoFox_INA226_ConfigureVoltageConversionTime		CODE           	0D6A	0000	158
		_SendErrorStatus		CODE           	0C5A	0000	133
		_AutoFox_INA226_setupCalibration		CODE           	0450	0000	333
		_AutoFox_INA226_Init		CODE           	0EF8	0000	264
		_AutoFox_INA226_Constructor		CODE           	059D	0000	94
		_AutoFox_INA226_GetBusVoltage_V		CODE           	0AF5	0000	78
		_AutoFox_INA226_ConfigureNumSampleAveraging		CODE           	0CDF	0000	139

ina226.c estimated size: 1497

adc.c
		_ADC_Read_ADC_Result		CODE           	0903	0000	18
		_read_voltage  		CODE           	02BD	0000	403
		_ADC_Init      		CODE           	0930	0000	30

adc.c estimated size: 451

C:\Program Files\Microchip\xc8\v2.50\pic\sources\c99\common\__lldiv.c
		___lldiv       		CODE           	0BF4	0000	102

C:\Program Files\Microchip\xc8\v2.50\pic\sources\c99\common\__lldiv.c estimated size: 102

C:\Program Files\Microchip\xc8\v2.50\pic\sources\c99\common\nf_fputc.c
		_fputc         		CODE           	0B43	0000	87

C:\Program Files\Microchip\xc8\v2.50\pic\sources\c99\common\nf_fputc.c estimated size: 87

shared
		_INA226_MANUFACTURER_ID		STRCODE        	0000	0000	0
		_cAlertCauseMask		STRCODE        	0000	0000	0
		_cSampleAvgIdxShift		STRCODE        	0000	0000	0
		_INA226_POWER_LSB_FACTOR		STRCODE        	0000	0000	0
		_cBusVoltageConvTimeMask		STRCODE        	0000	0000	0
		_cMaxSampleAvgTblIdx		STRCODE        	0000	0000	0
		_cShuntVoltageConvTimeMask		STRCODE        	0000	0000	0
		__stringtab    		STRCODE        	0600	0000	18
		_INA226_DEFAULT_I2C_ADDRESS		STRCODE        	0000	0000	0
		_INA226_BUS_VOLTAGE		STRCODE        	0000	0000	0
		_INA226_MASK_ENABLE		STRCODE        	0000	0000	0
		_INA226_POWER  		STRCODE        	0000	0000	0
		_INA226_CONFIG 		STRCODE        	0000	0000	0
		_INA226_DIE_ID 		STRCODE        	0000	0000	0
		_cMaxConvTimeTblIdx		STRCODE        	0000	0000	0
		_cBusVoltConvTimeIdxShift		STRCODE        	0000	0000	0
		_INA226_SHUNT_VOLTAGE		STRCODE        	0000	0000	0
		_INA226_I2C_TIMEOUT@ina226$F818		STRCODE        	0000	0000	0
		_cShuntVoltConvTimeIdxShift		STRCODE        	0000	0000	0
		_INA226_DEFAULT_I2C_ADDRESS@ina226$F817		STRCODE        	0000	0000	0
		_INA226_CURRENT		STRCODE        	0000	0000	0
		_INA226_MANUFACTURER_ID_K		STRCODE        	0000	0000	0
		_INA226_CALIBRATION		STRCODE        	0000	0000	0
		__initialization		CODE           	000F	0000	20
		_INA226_ALERT_LIMIT		STRCODE        	0000	0000	0
		_INA226_DIE_ID_K		STRCODE        	0000	0000	0
		_cResetCommand 		STRCODE        	0000	0000	0
		_cSampleAvgMask		STRCODE        	0000	0000	0
		_cOperatingModeMask		STRCODE        	0000	0000	0
		_cAlertPinModeMask		STRCODE        	0000	0000	0
		_INA226_I2C_TIMEOUT		STRCODE        	0000	0000	0
		read_voltage@vref		STRCODE        	0000	0000	0
		_INA226_CONFIG_DEFAULT		STRCODE        	0000	0000	0
		read_voltage@num_samples		STRCODE        	0000	0000	0
		_INA226_BUS_VOLTAGE_LSB		STRCODE        	0000	0000	0
		_cAlertLatchingMode		STRCODE        	0000	0000	0

shared estimated size: 38

C:\Program Files\Microchip\xc8\v2.50\pic\sources\c99\common\lwdiv.c
		___lwdiv       		CODE           	0A6B	0000	66

C:\Program Files\Microchip\xc8\v2.50\pic\sources\c99\common\lwdiv.c estimated size: 66

C:\Program Files\Microchip\xc8\v2.50\pic\sources\c99\common\doprnt.c
		_vfpfcnvrt     		CODE           	0E08	0000	240
		_vfprintf      		CODE           	094E	0000	37

C:\Program Files\Microchip\xc8\v2.50\pic\sources\c99\common\doprnt.c estimated size: 277

main.c
		_main          		CODE           	0027	0000	662

main.c estimated size: 662

hw_i2c.c
		_I2C_Master_Read		CODE           	099A	0000	42
		_I2C_Master_Wait		CODE           	0915	0000	27
		_I2C_Master_Stop		CODE           	08C1	0000	9
		_I2C_Init      		CODE           	08D4	0000	14
		_I2C_Master_Write		CODE           	08CA	0000	10
		_I2C_Master_Start		CODE           	08B8	0000	9

hw_i2c.c estimated size: 111

